Reusing configuration cache.
> Task :validateAccessWidener NO-SOURCE
> Task :processTestResources NO-SOURCE
> Task :processRulesTestResources NO-SOURCE
> Task :processClientResources NO-SOURCE
> Task :generateLog4jConfig UP-TO-DATE
> Task :processGametestResources UP-TO-DATE
> Task :processIncludeJars UP-TO-DATE
> Task :generateDLIConfig UP-TO-DATE
> Task :configureLaunch UP-TO-DATE
> Task :processResources UP-TO-DATE
> Task :compileJava UP-TO-DATE
> Task :classes UP-TO-DATE
> Task :compileRulesTestJava UP-TO-DATE
> Task :rulesTestClasses UP-TO-DATE

> Task :verifyRules
WILDCRAFT stamina numerical checks passed: 13 examples + 1000 bound/monotonicity cases

> Task :sourcesJar
> Task :compileClientJava
> Task :clientClasses
> Task :compileTestJava NO-SOURCE
> Task :testClasses UP-TO-DATE
> Task :test NO-SOURCE
> Task :compileGametestJava UP-TO-DATE
> Task :gametestClasses UP-TO-DATE
> Task :gameTestJar UP-TO-DATE
> Task :jar
> Task :assemble
> Task :exportMod

> Task :runGameTest
[16:56:39] [main/WARN] (FabricLoader/Knot) Class path entries reference missing files: /Users/zhou/Library/Caches/Wildcraft/builds/260a5f2b3758/resources/client - the game may not load properly!
[16:56:39] [main/INFO] (FabricLoader/GameProvider) Loading Minecraft 26.3 with Fabric Loader 0.19.5
[16:56:39] [main/INFO] (FabricLoader/Mappings) Mappings not present!
[16:56:39] [main/INFO] (FabricLoader) Loading 45 mods:
	- fabric-advancement-api-v1 1.0.0+38c7a2d55d
	- fabric-api 0.161.0+26.3
	- fabric-api-base 2.0.6+fcdff87f5d
	- fabric-api-lookup-api-v1 2.0.24+3434d6d95d
	- fabric-biome-api-v1 20.0.9+74ed1ea55d
	- fabric-block-api-v1 3.1.0+0ae6f9115d
	- fabric-block-getter-api-v2 2.0.9+3434d6d95d
	- fabric-command-api-v2 3.1.2+fcdff87f5d
	- fabric-content-registries-v0 15.0.4+74ed1ea55d
	- fabric-convention-tags-v2 4.10.3+6b5b47fd5d
	- fabric-crash-report-info-v1 1.0.7+fcdff87f5d
	- fabric-creative-tab-api-v1 5.0.21+fcdff87f5d
	- fabric-data-attachment-api-v1 2.2.30+3434d6d95d
	- fabric-data-generation-api-v1 27.2.4+427eab975d
	- fabric-debug-api-v1 1.0.4+3434d6d95d
	- fabric-dimensions-v1 5.1.19+47f74c985d
	- fabric-entity-events-v1 6.0.4+3434d6d95d
	- fabric-events-interaction-v0 5.3.6+3434d6d95d
	- fabric-game-rule-api-v1 4.0.10+3434d6d95d
	- fabric-gametest-api-v1 4.0.32+3434d6d95d
	- fabric-item-api-v1 14.7.0+cf6bc2db5d
	- fabric-lifecycle-events-v1 4.1.9+ffef5f675d
	- fabric-loot-api-v3 4.0.8+4068fd645d
	- fabric-menu-api-v1 2.0.27+ed66f0a35d
	- fabric-message-api-v1 7.0.10+3434d6d95d
	- fabric-networking-api-v1 6.3.8+fcdff87f5d
	- fabric-object-builder-api-v1 24.1.9+3434d6d95d
	- fabric-particles-v1 5.0.24+3434d6d95d
	- fabric-permission-api-v1 1.0.8+fcdff87f5d
	- fabric-recipe-api-v1 10.0.8+fcdff87f5d
	- fabric-registry-sync-v0 8.0.1+fcdff87f5d
	- fabric-rendering-fluids-v1 6.0.6+3434d6d95d
	- fabric-resource-conditions-api-v1 6.1.5+3434d6d95d
	- fabric-resource-loader-v0 3.3.26+4fc5413f5d
	- fabric-resource-loader-v1 3.0.4+fcdff87f5d
	- fabric-serialization-api-v1 2.0.7+74ed1ea55d
	- fabric-tag-api-v1 2.1.10+fcdff87f5d
	- fabric-transfer-api-v1 8.0.25+fcdff87f5d
	- fabric-transitive-access-wideners-v1 8.1.16+52268a0e5d
	- fabricloader 0.19.5
	- java 25
	- minecraft 26.3
	- mixinextras 0.5.5
	- wildcraft 0.1.0-dev.3
	- wildcraft-test 1.0.0
[16:56:39] [main/INFO] (FabricLoader/Mixin) SpongePowered MIXIN Subsystem Version=0.8.7 Source=file:/Users/zhou/Library/Caches/Wildcraft/gradle/caches/modules-2/files-2.1/net.fabricmc/sponge-mixin/0.17.4+mixin.0.8.7/5f66cc9f59b8efaa942155a3d5a30599bf6640dd/sponge-mixin-0.17.4+mixin.0.8.7.jar Service=Knot/Fabric Env=SERVER
[16:56:39] [main/INFO] (FabricLoader/MixinExtras|Service) Initializing MixinExtras via com.llamalad7.mixinextras.service.MixinExtrasServiceImpl(version=0.5.5).
[16:56:40] [main/WARN] (MacOperatingSystem) Unable to parse version 27.0 to a codename.
[16:56:42] [main/INFO] (wildcraft) Wildcraft P2 common initialization complete; stamina and climbing registered.
[16:56:42] [main/INFO] (Minecraft) Environment: Environment[discoveryUrl=https://discovery.minecraftservices.com/minecraft/client, name=PROD]
[16:56:42] [main/INFO] (FabricGameTestRunner) Starting test server
[16:56:43] [Worker-Main-5/INFO] (Minecraft) Loaded 1866 advancements
[16:56:43] [main/INFO] (BiomeModificationImpl) Applied 0 biome modifications to 0 of 67 new biomes in 1.027 ms
[16:56:43] [Server thread/INFO] (Minecraft) Selecting global world spawn...
[16:56:43] [Server thread/INFO] (Minecraft) Loading 0 persistent chunks...
[16:56:43] [Server thread/INFO] (Minecraft) Preparing spawn area: 100%
[16:56:43] [Server thread/INFO] (Minecraft) Time elapsed: 79 ms
[16:56:43] [Server thread/INFO] (Minecraft) Started game test server
[16:56:43] [Server thread/INFO] (Minecraft) 14 tests are now running at position 8109320, 4, -9361261!
[16:56:44] [Server thread/INFO] (Minecraft) Running test environment 'minecraft:default' batch 0 (14 tests)...
[16:56:44] [Server thread/INFO] (Minecraft) [              ]
[16:56:44] [Server thread/INFO] (Minecraft) [              ]
[16:56:44] [Server thread/INFO] (Minecraft) [              ]
[16:56:44] [Server thread/INFO] (Minecraft) [              ]
[16:56:44] [Server thread/INFO] (Minecraft) [              ]
[16:56:44] [Server thread/INFO] (Minecraft) [              ]
[16:56:44] [Server thread/INFO] (Minecraft) [              ]
[16:56:44] [Server thread/INFO] (Minecraft) [              ]
[16:56:44] [Server thread/INFO] (Minecraft) [              ]
[16:56:44] [Server thread/INFO] (Minecraft) [              ]
[16:56:44] [Server thread/INFO] (Minecraft) [              ]
[16:56:44] [Server thread/INFO] (Minecraft) [              ]
[16:56:44] [Server thread/INFO] (Minecraft) [              ]
[16:56:44] [Server thread/INFO] (Minecraft) [              ]
[16:56:44] [Server thread/INFO] (Minecraft) [              ]
[16:56:44] [Server thread/INFO] (Minecraft) [              ]
[16:56:44] [Server thread/INFO] (Minecraft) [              ]
[16:56:44] [Server thread/INFO] (Minecraft) [              ]
[16:56:44] [Server thread/INFO] (Minecraft) [              ]
[16:56:44] [Server thread/INFO] (Minecraft) [              ]
[16:56:44] [Server thread/INFO] (Minecraft) [              ]
[16:56:44] [Server thread/INFO] (Minecraft) [              ]
[16:56:44] [Server thread/INFO] (Minecraft) [              ]
[16:56:44] [Server thread/INFO] (Minecraft) [              ]
[16:56:44] [Server thread/INFO] (Minecraft) [              ]
[16:56:44] [Server thread/INFO] (Minecraft) [              ]
[16:56:44] [Server thread/INFO] (Minecraft) [              ]
[16:56:44] [Server thread/INFO] (Minecraft) [              ]
[16:56:44] [Server thread/INFO] (Minecraft) [              ]
[16:56:44] [Server thread/INFO] (Minecraft) [              ]
[16:56:44] [Server thread/INFO] (Minecraft) [              ]
[16:56:44] [Server thread/INFO] (Minecraft) test-mock-player[embedded] logged in with entity id 2 at (0.0, 0.0, 0.0)
[16:56:44] [Server thread/INFO] (Minecraft) System chat: test-mock-player joined the game
[16:56:44] [Server thread/INFO] (Minecraft) test-mock-player[embedded] logged in with entity id 5 at (0.0, 0.0, 0.0)
[16:56:44] [Server thread/INFO] (Minecraft) System chat: test-mock-player joined the game
[16:56:44] [Server thread/INFO] (Minecraft) test-mock-player[embedded] logged in with entity id 6 at (0.0, 0.0, 0.0)
[16:56:44] [Server thread/INFO] (Minecraft) System chat: test-mock-player joined the game
[16:56:44] [Server thread/INFO] (Minecraft) test-mock-player[embedded] logged in with entity id 10 at (0.0, 0.0, 0.0)
[16:56:44] [Server thread/INFO] (Minecraft) System chat: test-mock-player joined the game
[16:56:44] [Server thread/INFO] (Minecraft) test-mock-player[embedded] logged in with entity id 11 at (0.0, 0.0, 0.0)
[16:56:44] [Server thread/INFO] (Minecraft) System chat: test-mock-player joined the game
[16:56:44] [Server thread/INFO] (Minecraft) test-mock-player[embedded] logged in with entity id 12 at (0.0, 0.0, 0.0)
[16:56:44] [Server thread/INFO] (Minecraft) System chat: test-mock-player joined the game
[16:56:44] [Server thread/INFO] (Minecraft) test-mock-player[embedded] logged in with entity id 13 at (0.0, 0.0, 0.0)
[16:56:44] [Server thread/INFO] (Minecraft) System chat: test-mock-player joined the game
[16:56:44] [Server thread/INFO] (Minecraft) test-mock-player[embedded] logged in with entity id 14 at (0.0, 0.0, 0.0)
[16:56:44] [Server thread/INFO] (Minecraft) System chat: test-mock-player joined the game
[16:56:44] [Server thread/INFO] (Minecraft) test-mock-player[embedded] logged in with entity id 15 at (0.0, 0.0, 0.0)
[16:56:44] [Server thread/INFO] (Minecraft) System chat: test-mock-player joined the game
[16:56:44] [Server thread/INFO] (Minecraft) test-mock-player[embedded] logged in with entity id 16 at (0.0, 0.0, 0.0)
[16:56:44] [Server thread/INFO] (Minecraft) System chat: test-mock-player joined the game
[16:56:44] [Server thread/INFO] (Minecraft) [++++_++++_++++]
[16:56:44] [Server thread/INFO] (Minecraft) [++++_++++_++++]
[16:56:44] [Server thread/INFO] (Minecraft) [++++_+++++++++]
[16:56:44] [Server thread/INFO] (Minecraft) [++++++++++++++]
[16:56:44] [Server thread/INFO] (Minecraft) ========= 14 GAME TESTS COMPLETE IN 1.189 s ======================
[16:56:44] [Server thread/INFO] (Minecraft) All 14 required tests passed :)
[16:56:44] [Server thread/INFO] (Minecraft) ====================================================
[16:56:44] [Server thread/INFO] (Minecraft) Stopping server
[16:56:44] [Server thread/INFO] (Minecraft) Saving players
[16:56:44] [Server thread/INFO] (Minecraft) test-mock-player lost connection: Server closed
[16:56:44] [Server thread/INFO] (Minecraft) System chat: test-mock-player left the game
[16:56:44] [Server thread/INFO] (Minecraft) test-mock-player lost connection: Server closed
[16:56:44] [Server thread/INFO] (Minecraft) System chat: test-mock-player left the game
[16:56:44] [Server thread/INFO] (Minecraft) test-mock-player lost connection: Server closed
[16:56:44] [Server thread/INFO] (Minecraft) System chat: test-mock-player left the game
[16:56:44] [Server thread/INFO] (Minecraft) test-mock-player lost connection: Server closed
[16:56:44] [Server thread/INFO] (Minecraft) System chat: test-mock-player left the game
[16:56:44] [Server thread/INFO] (Minecraft) test-mock-player lost connection: Server closed
[16:56:44] [Server thread/INFO] (Minecraft) System chat: test-mock-player left the game
[16:56:44] [Server thread/INFO] (Minecraft) Saving worlds
[16:56:45] [Server thread/INFO] (Minecraft) Saving chunks for level 'ServerLevel[Test Level]'/minecraft:overworld
[16:56:45] [Server thread/INFO] (Minecraft) Saving chunks for level 'ServerLevel[Test Level]'/minecraft:the_nether
[16:56:45] [Server thread/INFO] (Minecraft) Saving chunks for level 'ServerLevel[Test Level]'/minecraft:the_end
[16:56:45] [Server thread/INFO] (Minecraft) Game test server shutting down

> Task :check
> Task :build

BUILD SUCCESSFUL in 7s
15 actionable tasks: 6 executed, 9 up-to-date
Configuration cache entry reused.
