Calculating task graph as configuration cache cannot be reused because Gradle property 'version' has changed.

> Configure project :
Fabric Loom: 1.18.2

> Task :processClientResources NO-SOURCE
> Task :processIncludeJars UP-TO-DATE
> Task :processResources UP-TO-DATE
> Task :compileJava UP-TO-DATE
> Task :classes UP-TO-DATE
> Task :compileClientJava UP-TO-DATE
> Task :jar UP-TO-DATE

> Task :runPackagedServer
Starting net.fabricmc.loader.impl.game.minecraft.BundlerClassPathCapture
[17:02:26] [main/INFO]: Loading Minecraft 26.3 with Fabric Loader 0.19.5
[17:02:26] [main/INFO]: Mappings not present!
[17:02:26] [main/INFO]: Loading 44 mods:
	- fabric-advancement-api-v1 1.0.0+38c7a2d55d
	- fabric-api 0.161.0+26.3
	- fabric-api-base 2.0.6+fcdff87f5d
	- fabric-api-lookup-api-v1 2.0.24+3434d6d95d
	- fabric-biome-api-v1 20.0.9+74ed1ea55d
	- fabric-block-api-v1 3.1.0+0ae6f9115d
	- fabric-block-getter-api-v2 2.0.9+3434d6d95d
	- fabric-command-api-v2 3.1.2+fcdff87f5d
	- fabric-content-registries-v0 15.0.4+74ed1ea55d
	- fabric-convention-tags-v2 4.10.3+6b5b47fd5d
	- fabric-crash-report-info-v1 1.0.7+fcdff87f5d
	- fabric-creative-tab-api-v1 5.0.21+fcdff87f5d
	- fabric-data-attachment-api-v1 2.2.30+3434d6d95d
	- fabric-data-generation-api-v1 27.2.4+427eab975d
	- fabric-debug-api-v1 1.0.4+3434d6d95d
	- fabric-dimensions-v1 5.1.19+47f74c985d
	- fabric-entity-events-v1 6.0.4+3434d6d95d
	- fabric-events-interaction-v0 5.3.6+3434d6d95d
	- fabric-game-rule-api-v1 4.0.10+3434d6d95d
	- fabric-gametest-api-v1 4.0.32+3434d6d95d
	- fabric-item-api-v1 14.7.0+cf6bc2db5d
	- fabric-lifecycle-events-v1 4.1.9+ffef5f675d
	- fabric-loot-api-v3 4.0.8+4068fd645d
	- fabric-menu-api-v1 2.0.27+ed66f0a35d
	- fabric-message-api-v1 7.0.10+3434d6d95d
	- fabric-networking-api-v1 6.3.8+fcdff87f5d
	- fabric-object-builder-api-v1 24.1.9+3434d6d95d
	- fabric-particles-v1 5.0.24+3434d6d95d
	- fabric-permission-api-v1 1.0.8+fcdff87f5d
	- fabric-recipe-api-v1 10.0.8+fcdff87f5d
	- fabric-registry-sync-v0 8.0.1+fcdff87f5d
	- fabric-rendering-fluids-v1 6.0.6+3434d6d95d
	- fabric-resource-conditions-api-v1 6.1.5+3434d6d95d
	- fabric-resource-loader-v0 3.3.26+4fc5413f5d
	- fabric-resource-loader-v1 3.0.4+fcdff87f5d
	- fabric-serialization-api-v1 2.0.7+74ed1ea55d
	- fabric-tag-api-v1 2.1.10+fcdff87f5d
	- fabric-transfer-api-v1 8.0.25+fcdff87f5d
	- fabric-transitive-access-wideners-v1 8.1.16+52268a0e5d
	- fabricloader 0.19.5
	   \-- mixinextras 0.5.5
	- java 25
	- minecraft 26.3
	- wildcraft 0.1.0-dev.3
[17:02:26] [main/INFO]: SpongePowered MIXIN Subsystem Version=0.8.7 Source=file:/Users/zhou/Library/Caches/Wildcraft/builds/260a5f2b3758/run/packaged-server/libraries/net/fabricmc/sponge-mixin/0.17.4+mixin.0.8.7/sponge-mixin-0.17.4+mixin.0.8.7.jar Service=Knot/Fabric Env=SERVER
[17:02:27] [main/INFO]: Initializing MixinExtras via com.llamalad7.mixinextras.service.MixinExtrasServiceImpl(version=0.5.5).
WARNING: A restricted method in java.lang.System has been called
WARNING: java.lang.System::load has been called by com.sun.jna.Native in an unnamed module (file:/Users/zhou/Library/Caches/Wildcraft/builds/260a5f2b3758/run/packaged-server/libraries/net/java/dev/jna/jna/5.17.0/jna-5.17.0.jar)
WARNING: Use --enable-native-access=ALL-UNNAMED to avoid a warning for callers in this module
WARNING: Restricted methods will be blocked in a future release unless native access is enabled

[17:02:27] [main/WARN]: Unable to parse version 27.0 to a codename.
WARNING: A terminally deprecated method in sun.misc.Unsafe has been called
WARNING: sun.misc.Unsafe::objectFieldOffset has been called by org.joml.MemUtil$MemUtilUnsafe (file:/Users/zhou/Library/Caches/Wildcraft/builds/260a5f2b3758/run/packaged-server/libraries/org/joml/joml/1.10.9/joml-1.10.9.jar)
WARNING: Please consider reporting this to the maintainers of class org.joml.MemUtil$MemUtilUnsafe
WARNING: sun.misc.Unsafe::objectFieldOffset will be removed in a future release
[17:02:29] [main/INFO]: Wildcraft P2 common initialization complete; stamina and climbing registered.
[17:02:29] [main/INFO]: Environment: Environment[discoveryUrl=https://discovery.minecraftservices.com/minecraft/client, name=PROD]
[17:02:29] [main/INFO]: Found new data pack wildcraft, loading it automatically
[17:02:30] [Worker-Main-7/INFO]: Loaded 1866 advancements
[17:02:30] [main/INFO]: Applied 0 biome modifications to 0 of 67 new biomes in 605.2 μs
[17:02:30] [Server thread/INFO]: Starting minecraft server version 26.3
[17:02:30] [Server thread/INFO]: Loading properties
[17:02:30] [Server thread/INFO]: Default game type: SURVIVAL
[17:02:30] [Server thread/INFO]: Generating keypair
[17:02:30] [Server thread/INFO]: Starting Minecraft server on 127.0.0.1:25565
[17:02:30] [Server thread/WARN]: **** SERVER IS RUNNING IN OFFLINE/INSECURE MODE!
[17:02:30] [Server thread/WARN]: The server will make no attempt to authenticate usernames. Beware.
[17:02:30] [Server thread/WARN]: While this makes the game possible to play without internet access, it also opens up the ability for hackers to connect with any username they choose.
[17:02:30] [Server thread/WARN]: To change this, set "online-mode" to "true" in the server.properties file.
[17:02:30] [Server thread/INFO]: Preparing level "wildcraft-p1-verification"
[17:02:31] [Server thread/INFO]: Loading 0 persistent chunks...
[17:02:31] [Server thread/INFO]: Preparing spawn area: 100%
[17:02:31] [Server thread/INFO]: Time elapsed: 43 ms
[17:02:31] [Server thread/INFO]: Done (0.239s)! For help, type "help"
[17:02:31] [Server thread/INFO]: Saving chunks for level 'ServerLevel[wildcraft-p1-verification]'/minecraft:overworld
[17:02:31] [Server thread/INFO]: Saving chunks for level 'ServerLevel[wildcraft-p1-verification]'/minecraft:the_nether
[17:02:31] [Server thread/INFO]: Saving chunks for level 'ServerLevel[wildcraft-p1-verification]'/minecraft:the_end
[17:03:31] [Server thread/INFO]: Server empty for 60 seconds, pausing
[17:05:45] [Server thread/INFO]: System chat: There are 0 of a max of 2 players online: 
[17:05:46] [Server thread/INFO]: System chat: Stopping the server
[17:05:46] [Server thread/INFO]: Stopping server
[17:05:46] [Server thread/INFO]: Saving players
[17:05:46] [Server thread/INFO]: Saving worlds
[17:05:46] [Server thread/INFO]: Saving chunks for level 'ServerLevel[wildcraft-p1-verification]'/minecraft:overworld
[17:05:46] [Server thread/INFO]: Saving chunks for level 'ServerLevel[wildcraft-p1-verification]'/minecraft:the_nether
[17:05:46] [Server thread/INFO]: Saving chunks for level 'ServerLevel[wildcraft-p1-verification]'/minecraft:the_end

BUILD SUCCESSFUL in 3m 21s
6 actionable tasks: 1 executed, 5 up-to-date
Configuration cache entry stored.
