Calculating task graph as no cached configuration is available for tasks: runR1Client

> Configure project :
Fabric Loom: 1.18.2

> Task :generateLog4jConfig UP-TO-DATE
> Task :processClientResources NO-SOURCE
> Task :generateDLIConfig UP-TO-DATE
> Task :configureLaunch UP-TO-DATE
> Task :downloadAssets UP-TO-DATE
> Task :configureClientLaunch UP-TO-DATE
> Task :processResources UP-TO-DATE
> Task :processGametestResources UP-TO-DATE
> Task :compileJava UP-TO-DATE
> Task :classes UP-TO-DATE
> Task :compileClientJava UP-TO-DATE
> Task :clientClasses UP-TO-DATE
> Task :compileGametestJava UP-TO-DATE
> Task :gametestClasses UP-TO-DATE

> Task :runR1Client
[34m[21:39:23][m [33m[main/WARN][m [36m(FabricLoader/Knot)[m [0mClass path entries reference missing files: /Users/zhou/Library/Caches/Wildcraft/builds/260a5f2b3758/resources/client - the game may not load properly!
[m[34m[21:39:23][m [32m[main/INFO][m [36m(FabricLoader/GameProvider)[m [0mLoading Minecraft 26.3 with Fabric Loader 0.19.5
[m[34m[21:39:23][m [32m[main/INFO][m [36m(FabricLoader/Mappings)[m [0mMappings not present!
[m[34m[21:39:23][m [32m[main/INFO][m [36m(FabricLoader)[m [0mLoading 53 mods:
	- fabric-advancement-api-v1 1.0.0+38c7a2d55d
	- fabric-api 0.161.0+26.3
	- fabric-api-base 2.0.6+fcdff87f5d
	- fabric-api-lookup-api-v1 2.0.24+3434d6d95d
	- fabric-biome-api-v1 20.0.9+74ed1ea55d
	- fabric-block-api-v1 3.1.0+0ae6f9115d
	- fabric-block-getter-api-v2 2.0.9+3434d6d95d
	- fabric-client-gametest-api-v1 6.0.7+4be74c3f5d
	- fabric-command-api-v2 3.1.2+fcdff87f5d
	- fabric-content-registries-v0 15.0.4+74ed1ea55d
	- fabric-convention-tags-v2 4.10.3+6b5b47fd5d
	- fabric-crash-report-info-v1 1.0.7+fcdff87f5d
	- fabric-creative-tab-api-v1 5.0.21+fcdff87f5d
	- fabric-data-attachment-api-v1 2.2.30+3434d6d95d
	- fabric-data-generation-api-v1 27.2.4+427eab975d
	- fabric-debug-api-v1 1.0.4+3434d6d95d
	- fabric-dimensions-v1 5.1.19+47f74c985d
	- fabric-entity-events-v1 6.0.4+3434d6d95d
	- fabric-events-interaction-v0 5.3.6+3434d6d95d
	- fabric-game-rule-api-v1 4.0.10+3434d6d95d
	- fabric-gametest-api-v1 4.0.32+3434d6d95d
	- fabric-item-api-v1 14.7.0+cf6bc2db5d
	- fabric-key-mapping-api-v1 2.0.8+3434d6d95d
	- fabric-lifecycle-events-v1 4.1.9+ffef5f675d
	- fabric-loot-api-v3 4.0.8+4068fd645d
	- fabric-menu-api-v1 2.0.27+ed66f0a35d
	- fabric-message-api-v1 7.0.10+3434d6d95d
	- fabric-model-loading-api-v1 8.0.35+fcdff87f5d
	- fabric-networking-api-v1 6.3.8+fcdff87f5d
	- fabric-object-builder-api-v1 24.1.9+3434d6d95d
	- fabric-particles-v1 5.0.24+3434d6d95d
	- fabric-permission-api-v1 1.0.8+fcdff87f5d
	- fabric-recipe-api-v1 10.0.8+fcdff87f5d
	- fabric-registry-sync-v0 8.0.1+fcdff87f5d
	- fabric-renderer-api-v1 17.0.15+79385d0b5d
	- fabric-renderer-indigo 9.1.23+b9d63e335d
	- fabric-rendering-fluids-v1 6.0.6+3434d6d95d
	- fabric-rendering-v1 27.0.14+901a437c5d
	- fabric-resource-conditions-api-v1 6.1.5+3434d6d95d
	- fabric-resource-loader-v0 3.3.26+4fc5413f5d
	- fabric-resource-loader-v1 3.0.4+fcdff87f5d
	- fabric-screen-api-v1 5.2.4+48607d035d
	- fabric-serialization-api-v1 2.0.7+74ed1ea55d
	- fabric-sound-api-v1 2.0.7+3434d6d95d
	- fabric-tag-api-v1 2.1.10+fcdff87f5d
	- fabric-transfer-api-v1 8.0.25+fcdff87f5d
	- fabric-transitive-access-wideners-v1 8.1.16+52268a0e5d
	- fabricloader 0.19.5
	- java 25
	- minecraft 26.3
	- mixinextras 0.5.5
	- wildcraft 0.1.0-dev.4
	- wildcraft-test 1.0.0
[m[34m[21:39:23][m [32m[main/INFO][m [36m(FabricLoader/Mixin)[m [0mSpongePowered MIXIN Subsystem Version=0.8.7 Source=file:/Users/zhou/Library/Caches/Wildcraft/gradle/caches/modules-2/files-2.1/net.fabricmc/sponge-mixin/0.17.4+mixin.0.8.7/5f66cc9f59b8efaa942155a3d5a30599bf6640dd/sponge-mixin-0.17.4+mixin.0.8.7.jar Service=Knot/Fabric Env=CLIENT
[m[34m[21:39:24][m [32m[main/INFO][m [36m(FabricLoader/MixinExtras|Service)[m [0mInitializing MixinExtras via com.llamalad7.mixinextras.service.MixinExtrasServiceImpl(version=0.5.5).
[m[34m[21:39:24][m [32m[Datafixer Bootstrap #0/INFO][m [36m(Minecraft)[m [0m307 Datafixer optimizations took 179 milliseconds
[m[34m[21:39:25][m [33m[main/WARN][m [36m(MacOperatingSystem)[m [0mUnable to parse version 27.0 to a codename.
[m[34m[21:39:28][m [32m[Render thread/INFO][m [36m(Minecraft)[m [0mEnvironment: Environment[discoveryUrl=https://discovery.minecraftservices.com/minecraft/client, name=PROD]
[m[34m[21:39:28][m [32m[Render thread/INFO][m [36m(Minecraft)[m [0mSetting user: Player237
[m[34m[21:39:28][m [32m[Render thread/INFO][m [36m(wildcraft)[m [0mWildcraft P3 common initialization complete; stamina, climbing and paraglider registered.
[m[34m[21:39:28][m [32m[Render thread/INFO][m [36m(wildcraft)[m [0mWildcraft P3 client initialization complete; HUD, traversal controls and paraglider layer registered.
[m[34m[21:39:28][m [32m[Render thread/INFO][m [36m(Indigo)[m [0m[Indigo] Registering Indigo renderer!
[m[34m[21:39:28][m [32m[Render thread/INFO][m [36m(Minecraft)[m [0mBackend library: LWJGL version 3.4.3-snapshot
[m[34m[21:39:28][m [32m[Render thread/INFO][m [36m(Minecraft)[m [0mSDL [SYSTEM]: App name: Minecraft
[m[34m[21:39:28][m [32m[Render thread/INFO][m [36m(Minecraft)[m [0mSDL [SYSTEM]: App version: 26.3
[m[34m[21:39:28][m [32m[Render thread/INFO][m [36m(Minecraft)[m [0mSDL [SYSTEM]: App ID: com.mojang.minecraft
[m[34m[21:39:28][m [32m[Render thread/INFO][m [36m(Minecraft)[m [0mSDL [SYSTEM]: SDL revision: SDL-3.4.14-62f10da
[m[34m[21:39:28][m [33m[Render thread/WARN][m [36m(Minecraft)[m [0mDevice [Apple M4] supports all extensions from FeatureSet [Vulkan Portability Subset], making required
[m[34m[21:39:28][m [32m[Render thread/INFO][m [36m(Minecraft)[m [0mUsing graphics backend OpenGL, using drivers: 4.1 Metal - 91.7
[m[34m[21:39:28][m [32m[Render thread/INFO][m [36m(Minecraft)[m [0mUsing graphics device: Apple M4 (Apple)
[m[34m[21:39:28][m [32m[Render thread/INFO][m [36m(Minecraft)[m [0mUsing graphics device extensions: GL_ARB_draw_indirect, GL_EXT_texture_filter_anisotropic
[m[34m[21:39:28][m [32m[Render thread/INFO][m [36m(Minecraft)[m [0mCreated window using SDL video driver: cocoa
[m[34m[21:39:29][m [32m[Render thread/INFO][m [36m(Minecraft)[m [0mReloading ResourceManager: vanilla, vanilla, fabric-advancement-api-v1, fabric-api, fabric-api-base, fabric-api-lookup-api-v1, fabric-biome-api-v1, fabric-block-api-v1, fabric-block-getter-api-v2, fabric-client-gametest-api-v1, fabric-command-api-v2, fabric-content-registries-v0, fabric-convention-tags-v2, fabric-crash-report-info-v1, fabric-creative-tab-api-v1, fabric-data-attachment-api-v1, fabric-data-generation-api-v1, fabric-debug-api-v1, fabric-dimensions-v1, fabric-entity-events-v1, fabric-events-interaction-v0, fabric-game-rule-api-v1, fabric-gametest-api-v1, fabric-item-api-v1, fabric-key-mapping-api-v1, fabric-lifecycle-events-v1, fabric-loot-api-v3, fabric-menu-api-v1, fabric-message-api-v1, fabric-model-loading-api-v1, fabric-networking-api-v1, fabric-object-builder-api-v1, fabric-particles-v1, fabric-permission-api-v1, fabric-recipe-api-v1, fabric-registry-sync-v0, fabric-renderer-api-v1, fabric-renderer-indigo, fabric-rendering-fluids-v1, fabric-rendering-v1, fabric-resource-conditions-api-v1, fabric-resource-loader-v0, fabric-resource-loader-v1, fabric-screen-api-v1, fabric-serialization-api-v1, fabric-sound-api-v1, fabric-tag-api-v1, fabric-transfer-api-v1, fabric-transitive-access-wideners-v1, fabricloader, wildcraft, wildcraft-test
[mUNSUPPORTED (log once): gldCopyBufferSubData: NEEDS IMPLEMENTATION
[34m[21:39:29][m [32m[Worker-Main-5/INFO][m [36m(Minecraft)[m [0mFound unifont_all_no_pua-17.0.01.hex, loading
[m[34m[21:39:29][m [32m[Worker-Main-2/INFO][m [36m(Minecraft)[m [0mFound unifont_pua-17.0.01.hex, loading
[m[34m[21:39:29][m [32m[Worker-Main-2/INFO][m [36m(Minecraft)[m [0mFound unifont_jp_patch-17.0.01.hex, loading
[m[34m[21:39:29][m [32m[Render thread/INFO][m [36m(Minecraft)[m [0mInfo log when linking program containing VERTEX minecraft:core/terrain, FRAGMENT minecraft:core/terrain. Log output: WARNING: Output of vertex shader '_interface_variable_01' not read by fragment shader
WARNING: Output of vertex shader '_interface_variable_00' not read by fragment shader
WARNING: Output of vertex shader '_interface_variable_04' not read by fragment shader

[m[34m[21:39:29][m [32m[Render thread/INFO][m [36m(Minecraft)[m [0mInfo log when linking program containing VERTEX minecraft:core/rendertype_crumbling, FRAGMENT minecraft:core/rendertype_crumbling. Log output: WARNING: Output of vertex shader '_interface_variable_01' not read by fragment shader
WARNING: Output of vertex shader '_interface_variable_00' not read by fragment shader

[m[34m[21:39:29][m [32m[Render thread/INFO][m [36m(Minecraft)[m [0mInfo log when linking program containing VERTEX minecraft:core/entity, FRAGMENT minecraft:core/entity. Log output: WARNING: Output of vertex shader '_interface_variable_01' not read by fragment shader
WARNING: Output of vertex shader '_interface_variable_00' not read by fragment shader

[m[34m[21:39:30][m [32m[Render thread/INFO][m [36m(Minecraft)[m [0mInfo log when linking program containing VERTEX minecraft:core/rendertype_lines, FRAGMENT minecraft:core/rendertype_lines. Log output: WARNING: Output of vertex shader '_interface_variable_01' not read by fragment shader
WARNING: Output of vertex shader '_interface_variable_00' not read by fragment shader

[m[34m[21:39:30][m [32m[Render thread/INFO][m [36m(Minecraft)[m [0mInfo log when linking program containing VERTEX minecraft:core/terrain, FRAGMENT minecraft:core/terrain. Log output: WARNING: Output of vertex shader '_interface_variable_01' not read by fragment shader
WARNING: Output of vertex shader '_interface_variable_00' not read by fragment shader
WARNING: Output of vertex shader '_interface_variable_04' not read by fragment shader

[m[34m[21:39:30][m [32m[Render thread/INFO][m [36m(Minecraft)[m [0mInfo log when linking program containing VERTEX minecraft:core/text, FRAGMENT minecraft:core/text. Log output: WARNING: Output of vertex shader '_interface_variable_01' not read by fragment shader
WARNING: Output of vertex shader '_interface_variable_00' not read by fragment shader

[m[34m[21:39:30][m [32m[Render thread/INFO][m [36m(Minecraft)[m [0mInfo log when linking program containing VERTEX minecraft:core/entity, FRAGMENT minecraft:core/entity. Log output: WARNING: Output of vertex shader '_interface_variable_01' not read by fragment shader
WARNING: Output of vertex shader '_interface_variable_00' not read by fragment shader

[m[34m[21:39:30][m [32m[Render thread/INFO][m [36m(Minecraft)[m [0mInfo log when linking program containing VERTEX minecraft:core/text, FRAGMENT minecraft:core/text. Log output: WARNING: Output of vertex shader '_interface_variable_01' not read by fragment shader
WARNING: Output of vertex shader '_interface_variable_00' not read by fragment shader

[m[34m[21:39:30][m [32m[Render thread/INFO][m [36m(Minecraft)[m [0mInfo log when linking program containing VERTEX minecraft:core/entity, FRAGMENT minecraft:core/entity. Log output: WARNING: Output of vertex shader '_interface_variable_01' not read by fragment shader
WARNING: Output of vertex shader '_interface_variable_00' not read by fragment shader

[m[34m[21:39:30][m [32m[Render thread/INFO][m [36m(Minecraft)[m [0mInfo log when linking program containing VERTEX minecraft:core/block, FRAGMENT minecraft:core/block. Log output: WARNING: Output of vertex shader '_interface_variable_01' not read by fragment shader
WARNING: Output of vertex shader '_interface_variable_00' not read by fragment shader

[m[34m[21:39:30][m [32m[Render thread/INFO][m [36m(Minecraft)[m [0mInfo log when linking program containing VERTEX minecraft:core/rendertype_entity_shadow, FRAGMENT minecraft:core/rendertype_entity_shadow. Log output: WARNING: Output of vertex shader '_interface_variable_01' not read by fragment shader
WARNING: Output of vertex shader '_interface_variable_00' not read by fragment shader

[m[34m[21:39:30][m [32m[Render thread/INFO][m [36m(Minecraft)[m [0mInfo log when linking program containing VERTEX minecraft:core/screenquad, FRAGMENT minecraft:core/oit_composite. Log output: WARNING: Output of vertex shader '_interface_variable_00' not read by fragment shader

[m[34m[21:39:30][m [32m[Render thread/INFO][m [36m(Minecraft)[m [0mInfo log when linking program containing VERTEX minecraft:core/particle, FRAGMENT minecraft:core/particle. Log output: WARNING: Output of vertex shader '_interface_variable_01' not read by fragment shader
WARNING: Output of vertex shader '_interface_variable_00' not read by fragment shader

[m[34m[21:39:30][m [32m[Render thread/INFO][m [36m(Minecraft)[m [0mInfo log when linking program containing VERTEX minecraft:core/screenquad, FRAGMENT minecraft:core/integrate_depth. Log output: WARNING: Output of vertex shader '_interface_variable_00' not read by fragment shader

[m[34m[21:39:30][m [32m[Render thread/INFO][m [36m(Minecraft)[m [0mInfo log when linking program containing VERTEX minecraft:core/terrain, FRAGMENT minecraft:core/terrain. Log output: WARNING: Output of vertex shader '_interface_variable_01' not read by fragment shader
WARNING: Output of vertex shader '_interface_variable_00' not read by fragment shader
WARNING: Output of vertex shader '_interface_variable_04' not read by fragment shader

[m[34m[21:39:30][m [32m[Render thread/INFO][m [36m(Minecraft)[m [0mInfo log when linking program containing VERTEX minecraft:core/animate_sprite, FRAGMENT minecraft:core/animate_sprite_blit. Log output: WARNING: Output of vertex shader '_interface_variable_00' not read by fragment shader

[m[34m[21:39:30][m [32m[Render thread/INFO][m [36m(Minecraft)[m [0mInfo log when linking program containing VERTEX minecraft:core/entity, FRAGMENT minecraft:core/entity. Log output: WARNING: Output of vertex shader '_interface_variable_01' not read by fragment shader
WARNING: Output of vertex shader '_interface_variable_00' not read by fragment shader

[m[34m[21:39:30][m [32m[Download-2/INFO][m [36m(Minecraft)[m [0mCould not authorize you against Realms server: java.lang.RuntimeException: Failed to parse into SignedJWT: FabricMC
[m[34m[21:39:30][m [32m[Render thread/INFO][m [36m(Minecraft)[m [0mInfo log when linking program containing VERTEX minecraft:core/entity, FRAGMENT minecraft:core/entity. Log output: WARNING: Output of vertex shader '_interface_variable_01' not read by fragment shader
WARNING: Output of vertex shader '_interface_variable_00' not read by fragment shader

[m[34m[21:39:30][m [32m[Render thread/INFO][m [36m(Minecraft)[m [0mInfo log when linking program containing VERTEX minecraft:core/entity, FRAGMENT minecraft:core/entity. Log output: WARNING: Output of vertex shader '_interface_variable_01' not read by fragment shader
WARNING: Output of vertex shader '_interface_variable_00' not read by fragment shader

[m[34m[21:39:30][m [32m[Render thread/INFO][m [36m(Minecraft)[m [0mInfo log when linking program containing VERTEX minecraft:core/clouds, FRAGMENT minecraft:core/clouds. Log output: WARNING: Output of vertex shader '_interface_variable_00' not read by fragment shader

[m[34m[21:39:30][m [32m[Render thread/INFO][m [36m(Minecraft)[m [0mInfo log when linking program containing VERTEX minecraft:core/entity, FRAGMENT minecraft:core/entity. Log output: WARNING: Output of vertex shader '_interface_variable_01' not read by fragment shader
WARNING: Output of vertex shader '_interface_variable_00' not read by fragment shader

[m[34m[21:39:30][m [32m[Render thread/INFO][m [36m(Minecraft)[m [0mInfo log when linking program containing VERTEX minecraft:core/particle, FRAGMENT minecraft:core/particle. Log output: WARNING: Output of vertex shader '_interface_variable_01' not read by fragment shader
WARNING: Output of vertex shader '_interface_variable_00' not read by fragment shader

[m[34m[21:39:30][m [32m[Render thread/INFO][m [36m(Minecraft)[m [0mInfo log when linking program containing VERTEX minecraft:core/screenquad, FRAGMENT minecraft:core/oit_depth_bounds_cull. Log output: WARNING: Output of vertex shader '_interface_variable_00' not read by fragment shader

[m[34m[21:39:30][m [32m[Render thread/INFO][m [36m(Minecraft)[m [0mInfo log when linking program containing VERTEX minecraft:core/block, FRAGMENT minecraft:core/block. Log output: WARNING: Output of vertex shader '_interface_variable_01' not read by fragment shader
WARNING: Output of vertex shader '_interface_variable_00' not read by fragment shader

[m[34m[21:39:30][m [32m[Render thread/INFO][m [36m(Minecraft)[m [0mInfo log when linking program containing VERTEX minecraft:core/text, FRAGMENT minecraft:core/text. Log output: WARNING: Output of vertex shader '_interface_variable_01' not read by fragment shader
WARNING: Output of vertex shader '_interface_variable_00' not read by fragment shader

[m[34m[21:39:30][m [32m[Render thread/INFO][m [36m(Minecraft)[m [0mInfo log when linking program containing VERTEX minecraft:core/entity, FRAGMENT minecraft:core/entity. Log output: WARNING: Output of vertex shader '_interface_variable_01' not read by fragment shader
WARNING: Output of vertex shader '_interface_variable_00' not read by fragment shader

[m[34m[21:39:30][m [32m[Render thread/INFO][m [36m(Minecraft)[m [0mInfo log when linking program containing VERTEX minecraft:core/text, FRAGMENT minecraft:core/text. Log output: WARNING: Output of vertex shader '_interface_variable_01' not read by fragment shader
WARNING: Output of vertex shader '_interface_variable_00' not read by fragment shader

[m[34m[21:39:30][m [32m[Render thread/INFO][m [36m(Minecraft)[m [0mInfo log when linking program containing VERTEX minecraft:core/text, FRAGMENT minecraft:core/text. Log output: WARNING: Output of vertex shader '_interface_variable_01' not read by fragment shader
WARNING: Output of vertex shader '_interface_variable_00' not read by fragment shader

[m[34m[21:39:30][m [32m[Render thread/INFO][m [36m(Minecraft)[m [0mInfo log when linking program containing VERTEX minecraft:core/clouds, FRAGMENT minecraft:core/clouds. Log output: WARNING: Output of vertex shader '_interface_variable_00' not read by fragment shader

[m[34m[21:39:30][m [32m[Render thread/INFO][m [36m(Minecraft)[m [0mInfo log when linking program containing VERTEX minecraft:core/text, FRAGMENT minecraft:core/text. Log output: WARNING: Output of vertex shader '_interface_variable_01' not read by fragment shader
WARNING: Output of vertex shader '_interface_variable_00' not read by fragment shader

[m[34m[21:39:30][m [32m[Render thread/INFO][m [36m(Minecraft)[m [0mInfo log when linking program containing VERTEX minecraft:core/rendertype_lines, FRAGMENT minecraft:core/rendertype_lines. Log output: WARNING: Output of vertex shader '_interface_variable_01' not read by fragment shader
WARNING: Output of vertex shader '_interface_variable_00' not read by fragment shader

[m[34m[21:39:30][m [32m[Render thread/INFO][m [36m(Minecraft)[m [0mInfo log when linking program containing VERTEX minecraft:core/terrain, FRAGMENT minecraft:core/terrain. Log output: WARNING: Output of vertex shader '_interface_variable_01' not read by fragment shader
WARNING: Output of vertex shader '_interface_variable_00' not read by fragment shader
WARNING: Output of vertex shader '_interface_variable_04' not read by fragment shader

[m[34m[21:39:30][m [32m[Render thread/INFO][m [36m(Minecraft)[m [0mInfo log when linking program containing VERTEX minecraft:core/rendertype_entity_shadow, FRAGMENT minecraft:core/rendertype_entity_shadow. Log output: WARNING: Output of vertex shader '_interface_variable_01' not read by fragment shader
WARNING: Output of vertex shader '_interface_variable_00' not read by fragment shader

[m[34m[21:39:30][m [32m[Render thread/INFO][m [36m(Minecraft)[m [0mInfo log when linking program containing VERTEX minecraft:core/entity, FRAGMENT minecraft:core/entity. Log output: WARNING: Output of vertex shader '_interface_variable_01' not read by fragment shader
WARNING: Output of vertex shader '_interface_variable_00' not read by fragment shader

[m[34m[21:39:30][m [32m[Render thread/INFO][m [36m(Minecraft)[m [0mInfo log when linking program containing VERTEX minecraft:core/particle, FRAGMENT minecraft:core/particle. Log output: WARNING: Output of vertex shader '_interface_variable_01' not read by fragment shader
WARNING: Output of vertex shader '_interface_variable_00' not read by fragment shader

[m[34m[21:39:30][m [32m[Render thread/INFO][m [36m(Minecraft)[m [0mInfo log when linking program containing VERTEX minecraft:core/entity, FRAGMENT minecraft:core/entity. Log output: WARNING: Output of vertex shader '_interface_variable_01' not read by fragment shader
WARNING: Output of vertex shader '_interface_variable_00' not read by fragment shader

[m[34m[21:39:30][m [32m[Render thread/INFO][m [36m(Minecraft)[m [0mInfo log when linking program containing VERTEX minecraft:core/entity, FRAGMENT minecraft:core/entity. Log output: WARNING: Output of vertex shader '_interface_variable_01' not read by fragment shader
WARNING: Output of vertex shader '_interface_variable_00' not read by fragment shader

[m[34m[21:39:30][m [32m[Render thread/INFO][m [36m(Minecraft)[m [0mInfo log when linking program containing VERTEX minecraft:core/particle, FRAGMENT minecraft:core/particle. Log output: WARNING: Output of vertex shader '_interface_variable_01' not read by fragment shader
WARNING: Output of vertex shader '_interface_variable_00' not read by fragment shader

[m[34m[21:39:30][m [32m[Render thread/INFO][m [36m(Minecraft)[m [0mInfo log when linking program containing VERTEX minecraft:core/text, FRAGMENT minecraft:core/text. Log output: WARNING: Output of vertex shader '_interface_variable_01' not read by fragment shader
WARNING: Output of vertex shader '_interface_variable_00' not read by fragment shader

[m[34m[21:39:30][m [32m[Render thread/INFO][m [36m(Minecraft)[m [0mInfo log when linking program containing VERTEX minecraft:core/rendertype_crumbling, FRAGMENT minecraft:core/rendertype_crumbling. Log output: WARNING: Output of vertex shader '_interface_variable_01' not read by fragment shader
WARNING: Output of vertex shader '_interface_variable_00' not read by fragment shader

[m[34m[21:39:30][m [32m[Render thread/INFO][m [36m(Minecraft)[m [0mInfo log when linking program containing VERTEX minecraft:core/entity, FRAGMENT minecraft:core/entity. Log output: WARNING: Output of vertex shader '_interface_variable_01' not read by fragment shader
WARNING: Output of vertex shader '_interface_variable_00' not read by fragment shader

[m[34m[21:39:30][m [32m[Render thread/INFO][m [36m(Minecraft)[m [0mInfo log when linking program containing VERTEX minecraft:core/text, FRAGMENT minecraft:core/text. Log output: WARNING: Output of vertex shader '_interface_variable_01' not read by fragment shader
WARNING: Output of vertex shader '_interface_variable_00' not read by fragment shader

[m[34m[21:39:30][m [32m[Render thread/INFO][m [36m(Minecraft)[m [0mOpenAL initialized on device Mac mini扬声器
[m[34m[21:39:30][m [32m[Render thread/INFO][m [36m(Minecraft)[m [0mSound engine started
[m[34m[21:39:30][m [32m[Render thread/INFO][m [36m(Minecraft)[m [0mCreated: 512x256x0 minecraft:textures/atlas/particles.png-atlas
[m[34m[21:39:30][m [32m[Render thread/INFO][m [36m(Minecraft)[m [0mCreated: 256x128x0 minecraft:textures/atlas/celestials.png-atlas
[m[34m[21:39:30][m [32m[Render thread/INFO][m [36m(Minecraft)[m [0mCreated: 128x128x0 minecraft:textures/atlas/decorated_pot.png-atlas
[m[34m[21:39:30][m [32m[Render thread/INFO][m [36m(Minecraft)[m [0mCreated: 512x256x0 minecraft:textures/atlas/paintings.png-atlas
[m[34m[21:39:30][m [32m[Render thread/INFO][m [36m(Minecraft)[m [0mCreated: 1024x512x0 minecraft:textures/atlas/shield_patterns.png-atlas
[m[34m[21:39:30][m [32m[Render thread/INFO][m [36m(Minecraft)[m [0mCreated: 1024x512x0 minecraft:textures/atlas/banner_patterns.png-atlas
[m[34m[21:39:30][m [32m[Render thread/INFO][m [36m(Minecraft)[m [0mCreated: 2048x2048x4 minecraft:textures/atlas/blocks.png-atlas
[m[34m[21:39:30][m [32m[Render thread/INFO][m [36m(Minecraft)[m [0mCreated: 1024x512x0 minecraft:textures/atlas/items.png-atlas
[m[34m[21:39:30][m [32m[Render thread/INFO][m [36m(Minecraft)[m [0mCreated: 1024x1024x0 minecraft:textures/atlas/gui.png-atlas
[m[34m[21:39:30][m [32m[Render thread/INFO][m [36m(Minecraft)[m [0mCreated: 128x64x0 minecraft:textures/atlas/map_decorations.png-atlas
[m[34m[21:39:30][m [32m[Render thread/INFO][m [36m(Minecraft)[m [0mCreated: 512x512x0 minecraft:textures/atlas/chest.png-atlas
[m[34m[21:39:30][m [32m[Render thread/INFO][m [36m(Minecraft)[m [0mCreated: 512x512x0 minecraft:textures/atlas/shulker_boxes.png-atlas
[m2026-10-02 21:39:35.749 java[80609:3691541] forwardInvocation: <NSInvocation: 0x76aee8ce40>
2026-10-02 21:39:35.749 java[80609:3691541] Before CallBooleanMethod
2026-10-02 21:39:35.751 java[80609:3691541] After CallBooleanMethod

> Task :runR1Client FAILED

FAILURE: Build failed with an exception.

* What went wrong:
Execution failed for task ':runR1Client' (registered by plugin 'fabric-loom').
> Process 'command '/opt/homebrew/Cellar/openjdk@25/25.0.4.1/libexec/openjdk.jdk/Contents/Home/bin/java'' finished with non-zero exit value 143 (this value may indicate that the process was terminated with the SIGTERM signal)

* Try:
> Run with --stacktrace option to get the stack trace.
> Run with --info or --debug option to get more log output.
> Run with --scan to get full insights from a Build Scan (powered by Develocity).
> Get more help at https://help.gradle.org.

BUILD FAILED in 1m 14s
9 actionable tasks: 1 executed, 8 up-to-date
Configuration cache entry stored.
