
> Configure project :
Fabric Loom: 1.18.2

> Task :compileJava UP-TO-DATE
> Task :processResources
> Task :classes
> Task :compileClientJava UP-TO-DATE
> Task :processClientResources UP-TO-DATE
> Task :processIncludeJars UP-TO-DATE
> Task :jar
> Task :sourcesJar
> Task :assemble
> Task :clientClasses UP-TO-DATE

> Task :compileGametestJava
/Volumes/仕事/Wildcraft/开发环境/project/src/gametest/java/dev/wildcraft/test/research/ResearchGameTests.java:75: 警告: [removal] GameTestHelper 中的 makeMockServerPlayerInLevel() 已过时, 且标记为待删除
        var player = helper.makeMockServerPlayerInLevel();
                           ^
/Volumes/仕事/Wildcraft/开发环境/project/src/gametest/java/dev/wildcraft/test/research/ResearchGameTests.java:101: 警告: [removal] GameTestHelper 中的 makeMockServerPlayerInLevel() 已过时, 且标记为待删除
        var rider = helper.makeMockServerPlayerInLevel();
                          ^
/Volumes/仕事/Wildcraft/开发环境/project/src/gametest/java/dev/wildcraft/test/MechanicsGameTests.java:22: 警告: [removal] GameTestHelper 中的 makeMockServerPlayerInLevel() 已过时, 且标记为待删除
            var p=h.makeMockServerPlayerInLevel();body.setOwner(p.getUUID());p.setGameMode(net.minecraft.world.level.GameType.CREATIVE);
                   ^
/Volumes/仕事/Wildcraft/开发环境/project/src/gametest/java/dev/wildcraft/test/MechanicsGameTests.java:38: 警告: [removal] GameTestHelper 中的 makeMockServerPlayerInLevel() 已过时, 且标记为待删除
        var p=h.makeMockServerPlayerInLevel();body.setOwner(p.getUUID());p.setPos(body.position().add(0,0,-2));look(p,body.position().add(MachineNodes.point(2)));
               ^
/Volumes/仕事/Wildcraft/开发环境/project/src/gametest/java/dev/wildcraft/test/MechanicsGameTests.java:44: 警告: [removal] GameTestHelper 中的 makeMockServerPlayerInLevel() 已过时, 且标记为待删除
        var guest=h.makeMockServerPlayerInLevel();guest.setPos(p.position());look(guest,body.position().add(MachineNodes.point(2)));
                   ^
/Volumes/仕事/Wildcraft/开发环境/project/src/gametest/java/dev/wildcraft/test/MechanicsGameTests.java:61: 警告: [removal] GameTestHelper 中的 makeMockServerPlayerInLevel() 已过时, 且标记为待删除
        var p=h.makeMockServerPlayerInLevel();body.setOwner(p.getUUID());
               ^
/Volumes/仕事/Wildcraft/开发环境/project/src/gametest/java/dev/wildcraft/test/MechanicsGameTests.java:82: 警告: [removal] GameTestHelper 中的 makeMockServerPlayerInLevel() 已过时, 且标记为待删除
        var p=h.makeMockServerPlayerInLevel();p.setPos(body.position());body.setOwner(p.getUUID());
               ^
/Volumes/仕事/Wildcraft/开发环境/project/src/gametest/java/dev/wildcraft/test/MechanicsGameTests.java:96: 警告: [removal] GameTestHelper 中的 makeMockServerPlayerInLevel() 已过时, 且标记为待删除
        var p=h.makeMockServerPlayerInLevel();p.setPos(body.position());body.setOwner(p.getUUID());
               ^
/Volumes/仕事/Wildcraft/开发环境/project/src/gametest/java/dev/wildcraft/test/MechanicsGameTests.java:108: 警告: [removal] GameTestHelper 中的 makeMockServerPlayerInLevel() 已过时, 且标记为待删除
        var p=h.makeMockServerPlayerInLevel();var target=h.absolutePos(new BlockPos(1,1,1));
               ^
/Volumes/仕事/Wildcraft/开发环境/project/src/gametest/java/dev/wildcraft/test/MechanicsGameTests.java:122: 警告: [removal] GameTestHelper 中的 makeMockServerPlayerInLevel() 已过时, 且标记为待删除
        var p=h.makeMockServerPlayerInLevel();p.setPos(body.position());body.setOwner(p.getUUID());
               ^
/Volumes/仕事/Wildcraft/开发环境/project/src/gametest/java/dev/wildcraft/test/MechanicsGameTests.java:137: 警告: [removal] GameTestHelper 中的 makeMockServerPlayerInLevel() 已过时, 且标记为待删除
        var p=h.makeMockServerPlayerInLevel();p.setPos(body.position());body.setOwner(p.getUUID());
               ^
/Volumes/仕事/Wildcraft/开发环境/project/src/gametest/java/dev/wildcraft/test/MechanicsGameTests.java:150: 警告: [removal] GameTestHelper 中的 makeMockServerPlayerInLevel() 已过时, 且标记为待删除
        var guest=h.makeMockServerPlayerInLevel();guest.setPos(body.position());
                   ^
/Volumes/仕事/Wildcraft/开发环境/project/src/gametest/java/dev/wildcraft/test/MechanicsGameTests.java:166: 警告: [removal] GameTestHelper 中的 makeMockServerPlayerInLevel() 已过时, 且标记为待删除
        var body=h.spawn(MechanicsContent.MACHINE,new Vec3(1,2,1),EntitySpawnReason.COMMAND);var p=h.makeMockServerPlayerInLevel();p.setPos(body.position());body.setOwner(p.getUUID());
                                                                                                    ^
/Volumes/仕事/Wildcraft/开发环境/project/src/gametest/java/dev/wildcraft/test/MechanicsGameTests.java:179: 警告: [removal] GameTestHelper 中的 makeMockServerPlayerInLevel() 已过时, 且标记为待删除
        var p=h.makeMockServerPlayerInLevel();p.setPos(body.position());body.setOwner(p.getUUID());
               ^
/Volumes/仕事/Wildcraft/开发环境/project/src/gametest/java/dev/wildcraft/test/MechanicsGameTests.java:196: 警告: [removal] GameTestHelper 中的 makeMockServerPlayerInLevel() 已过时, 且标记为待删除
        var body=h.spawn(MechanicsContent.MACHINE,new Vec3(2,4,2),EntitySpawnReason.COMMAND);var p=h.makeMockServerPlayerInLevel();p.setPos(body.position());body.setOwner(p.getUUID());
                                                                                                    ^
/Volumes/仕事/Wildcraft/开发环境/project/src/gametest/java/dev/wildcraft/test/BackEquipmentGameTests.java:29: 警告: [removal] GameTestHelper 中的 makeMockServerPlayerInLevel() 已过时, 且标记为待删除
        ServerPlayer p=h.makeMockServerPlayerInLevel();
                        ^
/Volumes/仕事/Wildcraft/开发环境/project/src/gametest/java/dev/wildcraft/test/BackEquipmentGameTests.java:46: 警告: [removal] GameTestHelper 中的 makeMockServerPlayerInLevel() 已过时, 且标记为待删除
        ServerPlayer p = h.makeMockServerPlayerInLevel();
                          ^
/Volumes/仕事/Wildcraft/开发环境/project/src/gametest/java/dev/wildcraft/test/BackEquipmentGameTests.java:52: 警告: [removal] GameTestHelper 中的 makeMockServerPlayerInLevel() 已过时, 且标记为待删除
        var victim = h.makeMockServerPlayerInLevel();
                      ^
/Volumes/仕事/Wildcraft/开发环境/project/src/gametest/java/dev/wildcraft/test/BackEquipmentGameTests.java:80: 警告: [removal] GameTestHelper 中的 makeMockServerPlayerInLevel() 已过时, 且标记为待删除
        ServerPlayer p = h.makeMockServerPlayerInLevel();
                          ^
/Volumes/仕事/Wildcraft/开发环境/project/src/gametest/java/dev/wildcraft/test/BackEquipmentGameTests.java:98: 警告: [removal] GameTestHelper 中的 makeMockServerPlayerInLevel() 已过时, 且标记为待删除
        ServerPlayer p = h.makeMockServerPlayerInLevel();
                          ^
/Volumes/仕事/Wildcraft/开发环境/project/src/gametest/java/dev/wildcraft/test/BackEquipmentGameTests.java:122: 警告: [removal] GameTestHelper 中的 makeMockServerPlayerInLevel() 已过时, 且标记为待删除
        ServerPlayer p = h.makeMockServerPlayerInLevel();
                          ^
/Volumes/仕事/Wildcraft/开发环境/project/src/gametest/java/dev/wildcraft/test/BackEquipmentGameTests.java:141: 警告: [removal] GameTestHelper 中的 makeMockServerPlayerInLevel() 已过时, 且标记为待删除
        ServerPlayer p = h.makeMockServerPlayerInLevel();
                          ^
/Volumes/仕事/Wildcraft/开发环境/project/src/gametest/java/dev/wildcraft/test/CookingGameTests.java:77: 警告: [removal] GameTestHelper 中的 makeMockServerPlayerInLevel() 已过时, 且标记为待删除
        var p=h.makeMockServerPlayerInLevel();
               ^
/Volumes/仕事/Wildcraft/开发环境/project/src/gametest/java/dev/wildcraft/test/CookingGameTests.java:103: 警告: [removal] GameTestHelper 中的 makeMockServerPlayerInLevel() 已过时, 且标记为待删除
        var p=h.makeMockServerPlayerInLevel();var level=h.getLevel();var pos=h.absolutePos(new net.minecraft.core.BlockPos(1,2,1));
               ^
/Volumes/仕事/Wildcraft/开发环境/project/src/gametest/java/dev/wildcraft/test/TemperatureGameTests.java:21: 警告: [removal] GameTestHelper 中的 makeMockServerPlayerInLevel() 已过时, 且标记为待删除
        var p=h.makeMockServerPlayerInLevel();var pos=h.absolutePos(new BlockPos(1,3,1));p.teleportTo(pos.getX()+.5,pos.getY(),pos.getZ()+.5);
               ^
/Volumes/仕事/Wildcraft/开发环境/project/src/gametest/java/dev/wildcraft/test/TemperatureGameTests.java:43: 警告: [removal] GameTestHelper 中的 makeMockServerPlayerInLevel() 已过时, 且标记为待删除
        var p=h.makeMockServerPlayerInLevel();var pos=h.absolutePos(new BlockPos(1,2,1));p.teleportTo(pos.getX()+.5,pos.getY(),pos.getZ()+.5);
               ^
/Volumes/仕事/Wildcraft/开发环境/project/src/gametest/java/dev/wildcraft/test/TemperatureGameTests.java:61: 警告: [removal] GameTestHelper 中的 makeMockServerPlayerInLevel() 已过时, 且标记为待删除
        var p=h.makeMockServerPlayerInLevel();var pos=h.absolutePos(new BlockPos(1,2,1));p.teleportTo(pos.getX()+.5,pos.getY(),pos.getZ()+.5);
               ^
/Volumes/仕事/Wildcraft/开发环境/project/src/gametest/java/dev/wildcraft/test/TemperatureGameTests.java:84: 警告: [removal] GameTestHelper 中的 makeMockServerPlayerInLevel() 已过时, 且标记为待删除
        var a=h.makeMockServerPlayerInLevel();var b=h.makeMockServerPlayerInLevel();
               ^
/Volumes/仕事/Wildcraft/开发环境/project/src/gametest/java/dev/wildcraft/test/TemperatureGameTests.java:84: 警告: [removal] GameTestHelper 中的 makeMockServerPlayerInLevel() 已过时, 且标记为待删除
        var a=h.makeMockServerPlayerInLevel();var b=h.makeMockServerPlayerInLevel();
                                                     ^
/Volumes/仕事/Wildcraft/开发环境/project/src/gametest/java/dev/wildcraft/test/FabricationGameTests.java:22: 警告: [removal] GameTestHelper 中的 makeMockServerPlayerInLevel() 已过时, 且标记为待删除
    private static ServerPlayer user(GameTestHelper h,FabricatorEntity b){var p=h.makeMockServerPlayerInLevel();p.setPos(Vec3.atCenterOf(b.getBlockPos()).add(0,0,-2));return p;}
                                                                                 ^
/Volumes/仕事/Wildcraft/开发环境/project/src/gametest/java/dev/wildcraft/test/GlidingGameTests.java:171: 警告: [removal] GameTestHelper 中的 makeMockServerPlayerInLevel() 已过时, 且标记为待删除
        ServerPlayer p = h.makeMockServerPlayerInLevel();
                          ^
/Volumes/仕事/Wildcraft/开发环境/project/src/gametest/java/dev/wildcraft/test/ClimbingGameTests.java:131: 警告: [removal] GameTestHelper 中的 makeMockServerPlayerInLevel() 已过时, 且标记为待删除
        ServerPlayer p = h.makeMockServerPlayerInLevel();
                          ^
/Volumes/仕事/Wildcraft/开发环境/project/src/gametest/java/dev/wildcraft/test/FocusGameTests.java:17: 警告: [removal] GameTestHelper 中的 makeMockServerPlayerInLevel() 已过时, 且标记为待删除
        var p = h.makeMockServerPlayerInLevel();
                 ^
/Volumes/仕事/Wildcraft/开发环境/project/src/gametest/java/dev/wildcraft/test/FocusGameTests.java:30: 警告: [removal] GameTestHelper 中的 makeMockServerPlayerInLevel() 已过时, 且标记为待删除
        var p = h.makeMockServerPlayerInLevel(); p.getAbilities().mayfly = false; p.setOnGround(false);
                 ^
/Volumes/仕事/Wildcraft/开发环境/project/src/gametest/java/dev/wildcraft/test/PartsGameTests.java:35: 警告: [removal] GameTestHelper 中的 makeMockServerPlayerInLevel() 已过时, 且标记为待删除
        var p=h.makeMockServerPlayerInLevel();var b=body(h,p,new Vec3(2,2,2));var rocket=new ItemStack(MechanicsContent.ROCKET);
               ^
/Volumes/仕事/Wildcraft/开发环境/project/src/gametest/java/dev/wildcraft/test/PartsGameTests.java:43: 警告: [removal] GameTestHelper 中的 makeMockServerPlayerInLevel() 已过时, 且标记为待删除
        room(h);var p=h.makeMockServerPlayerInLevel();var b=body(h,p,new Vec3(2,2,2));install(h,b,p,1,new ItemStack(MechanicsContent.SPRING));
                       ^
/Volumes/仕事/Wildcraft/开发环境/project/src/gametest/java/dev/wildcraft/test/PartsGameTests.java:51: 警告: [removal] GameTestHelper 中的 makeMockServerPlayerInLevel() 已过时, 且标记为待删除
        room(h);var p=h.makeMockServerPlayerInLevel();var b=body(h,p,new Vec3(2,6,2));install(h,b,p,4,new ItemStack(MechanicsContent.STABILIZER));
                       ^
/Volumes/仕事/Wildcraft/开发环境/project/src/gametest/java/dev/wildcraft/test/PartsGameTests.java:59: 警告: [removal] GameTestHelper 中的 makeMockServerPlayerInLevel() 已过时, 且标记为待删除
        var p=h.makeMockServerPlayerInLevel();var b=body(h,p,new Vec3(2,3,2));install(h,b,p,0,new ItemStack(MechanicsContent.BUOYANCY));double start=b.getY();double[] loadedY={0};
               ^
/Volumes/仕事/Wildcraft/开发环境/project/src/gametest/java/dev/wildcraft/test/PartsGameTests.java:68: 警告: [removal] GameTestHelper 中的 makeMockServerPlayerInLevel() 已过时, 且标记为待删除
        room(h);var p=h.makeMockServerPlayerInLevel();var b=body(h,p,new Vec3(2,2,2));
                       ^
/Volumes/仕事/Wildcraft/开发环境/project/src/gametest/java/dev/wildcraft/test/EnergyGameTests.java:60: 警告: [removal] GameTestHelper 中的 makeMockServerPlayerInLevel() 已过时, 且标记为待删除
        var p=h.makeMockServerPlayerInLevel();var menu=(ChargerMenu)charger.createMenu(4,p.getInventory(),p);
               ^
/Volumes/仕事/Wildcraft/开发环境/project/src/gametest/java/dev/wildcraft/test/FusionGameTests.java:49: 警告: [removal] GameTestHelper 中的 makeMockServerPlayerInLevel() 已过时, 且标记为待删除
    private static net.minecraft.server.level.ServerPlayer survival(GameTestHelper h){var p=h.makeMockServerPlayerInLevel();p.setGameMode(net.minecraft.world.level.GameType.SURVIVAL);p.connection.handleAcceptPlayerLoad(new net.minecraft.network.protocol.game.ServerboundPlayerLoadedPacket());h.setBlock(new net.minecraft.core.BlockPos(1,0,1),net.minecraft.world.level.block.Blocks.STONE);p.setPos(h.absoluteVec(new net.minecraft.world.phys.Vec3(1.5,1,1.5)));return p;}
                                                                                             ^
/Volumes/仕事/Wildcraft/开发环境/project/src/gametest/java/dev/wildcraft/test/PlayerStaminaGameTests.java:55: 警告: [removal] GameTestHelper 中的 makeMockServerPlayerInLevel() 已过时, 且标记为待删除
        ServerPlayer first = helper.makeMockServerPlayerInLevel();
                                   ^
/Volumes/仕事/Wildcraft/开发环境/project/src/gametest/java/dev/wildcraft/test/PlayerStaminaGameTests.java:56: 警告: [removal] GameTestHelper 中的 makeMockServerPlayerInLevel() 已过时, 且标记为待删除
        ServerPlayer second = helper.makeMockServerPlayerInLevel();
                                    ^
/Volumes/仕事/Wildcraft/开发环境/project/src/gametest/java/dev/wildcraft/test/PlayerStaminaGameTests.java:78: 警告: [removal] GameTestHelper 中的 makeMockServerPlayerInLevel() 已过时, 且标记为待删除
        ServerPlayer player = helper.makeMockServerPlayerInLevel();
                                    ^
注: 某些输入文件使用或覆盖了已过时的 API。
注: 有关详细信息, 请使用 -Xlint:deprecation 重新编译。
44 个警告

> Task :deleteGameTestRunDir
> Task :acceptGameTestEula
> Task :generateLog4jConfig UP-TO-DATE
> Task :generateDLIConfig UP-TO-DATE
> Task :configureLaunch
> Task :processGametestResources UP-TO-DATE
> Task :gametestClasses

> Task :runGameTest
[34m[16:22:07][m [32m[main/INFO][m [36m(FabricLoader/GameProvider)[m [0mLoading Minecraft 26.3 with Fabric Loader 0.19.5
[m[34m[16:22:07][m [32m[main/INFO][m [36m(FabricLoader/Mappings)[m [0mMappings not present!
[m[34m[16:22:07][m [32m[main/INFO][m [36m(FabricLoader)[m [0mLoading 45 mods:
	- fabric-advancement-api-v1 1.0.0+38c7a2d55d
	- fabric-api 0.161.0+26.3
	- fabric-api-base 2.0.6+fcdff87f5d
	- fabric-api-lookup-api-v1 2.0.24+3434d6d95d
	- fabric-biome-api-v1 20.0.9+74ed1ea55d
	- fabric-block-api-v1 3.1.0+0ae6f9115d
	- fabric-block-getter-api-v2 2.0.9+3434d6d95d
	- fabric-command-api-v2 3.1.2+fcdff87f5d
	- fabric-content-registries-v0 15.0.4+74ed1ea55d
	- fabric-convention-tags-v2 4.10.3+6b5b47fd5d
	- fabric-crash-report-info-v1 1.0.7+fcdff87f5d
	- fabric-creative-tab-api-v1 5.0.21+fcdff87f5d
	- fabric-data-attachment-api-v1 2.2.30+3434d6d95d
	- fabric-data-generation-api-v1 27.2.4+427eab975d
	- fabric-debug-api-v1 1.0.4+3434d6d95d
	- fabric-dimensions-v1 5.1.19+47f74c985d
	- fabric-entity-events-v1 6.0.4+3434d6d95d
	- fabric-events-interaction-v0 5.3.6+3434d6d95d
	- fabric-game-rule-api-v1 4.0.10+3434d6d95d
	- fabric-gametest-api-v1 4.0.32+3434d6d95d
	- fabric-item-api-v1 14.7.0+cf6bc2db5d
	- fabric-lifecycle-events-v1 4.1.9+ffef5f675d
	- fabric-loot-api-v3 4.0.8+4068fd645d
	- fabric-menu-api-v1 2.0.27+ed66f0a35d
	- fabric-message-api-v1 7.0.10+3434d6d95d
	- fabric-networking-api-v1 6.3.8+fcdff87f5d
	- fabric-object-builder-api-v1 24.1.9+3434d6d95d
	- fabric-particles-v1 5.0.24+3434d6d95d
	- fabric-permission-api-v1 1.0.8+fcdff87f5d
	- fabric-recipe-api-v1 10.0.8+fcdff87f5d
	- fabric-registry-sync-v0 8.0.1+fcdff87f5d
	- fabric-rendering-fluids-v1 6.0.6+3434d6d95d
	- fabric-resource-conditions-api-v1 6.1.5+3434d6d95d
	- fabric-resource-loader-v0 3.3.26+4fc5413f5d
	- fabric-resource-loader-v1 3.0.4+fcdff87f5d
	- fabric-serialization-api-v1 2.0.7+74ed1ea55d
	- fabric-tag-api-v1 2.1.10+fcdff87f5d
	- fabric-transfer-api-v1 8.0.25+fcdff87f5d
	- fabric-transitive-access-wideners-v1 8.1.16+52268a0e5d
	- fabricloader 0.19.5
	- java 25
	- minecraft 26.3
	- mixinextras 0.5.5
	- wildcraft 0.1.0-dev.14
	- wildcraft-test 1.0.0
[m[34m[16:22:08][m [32m[main/INFO][m [36m(FabricLoader/Mixin)[m [0mSpongePowered MIXIN Subsystem Version=0.8.7 Source=file:/Volumes/%e4%bb%95%e4%ba%8b/Wildcraft/%e5%bc%80%e5%8f%91%e7%8e%af%e5%a2%83/cache/gradle/caches/modules-2/files-2.1/net.fabricmc/sponge-mixin/0.17.4+mixin.0.8.7/5f66cc9f59b8efaa942155a3d5a30599bf6640dd/sponge-mixin-0.17.4+mixin.0.8.7.jar Service=Knot/Fabric Env=SERVER
[m[34m[16:22:08][m [32m[main/INFO][m [36m(FabricLoader/MixinExtras|Service)[m [0mInitializing MixinExtras via com.llamalad7.mixinextras.service.MixinExtrasServiceImpl(version=0.5.5).
[m[34m[16:22:09][m [33m[main/WARN][m [36m(MacOperatingSystem)[m [0mUnable to parse version 27.0 to a codename.
[m[34m[16:22:13][m [32m[main/INFO][m [36m(wildcraft)[m [0mWildcraft P9 work in progress initialized; fusion, fabrication, mechanics, energy, cooking, temperature and traversal registered.
[m[34m[16:22:13][m [32m[main/INFO][m [36m(Minecraft)[m [0mEnvironment: Environment[discoveryUrl=https://discovery.minecraftservices.com/minecraft/client, name=PROD]
[m[34m[16:22:13][m [32m[main/INFO][m [36m(FabricGameTestRunner)[m [0mStarting test server
[m[34m[16:22:14][m [32m[Worker-Main-5/INFO][m [36m(Minecraft)[m [0mLoaded 1872 advancements
[m[34m[16:22:14][m [32m[main/INFO][m [36m(BiomeModificationImpl)[m [0mApplied 0 biome modifications to 0 of 67 new biomes in 584.4 μs
[m[34m[16:22:14][m [32m[Server thread/INFO][m [36m(Minecraft)[m [0mSelecting global world spawn...
[m[34m[16:22:14][m [32m[Server thread/INFO][m [36m(Minecraft)[m [0mLoading 0 persistent chunks...
[m[34m[16:22:14][m [32m[Server thread/INFO][m [36m(Minecraft)[m [0mPreparing spawn area: 100%
[m[34m[16:22:14][m [32m[Server thread/INFO][m [36m(Minecraft)[m [0mTime elapsed: 114 ms
[m[34m[16:22:14][m [32m[Server thread/INFO][m [36m(Minecraft)[m [0mStarted game test server
[m[34m[16:22:14][m [33m[Server thread/WARN][m [36m(TranslationConventionLogWarnings)[m [0m
	Dev warning - Untranslated Item Tags detected. Please translate your item tags so other mods such as recipe viewers can properly display your tag's name.
	The format desired is tag.item.<namespace>.<path> for the translation key with slashes in path turned into periods.
	To disable this message, set this system property in your runs: `-Dfabric-tag-conventions-v2.missingTagTranslationWarning=SILENCED`.
	To see individual untranslated item tags found, set the system property to `-Dfabric-tag-conventions-v2.missingTagTranslationWarning=VERBOSE`.
	Default is `SHORT`.

[m[34m[16:22:14][m [32m[Server thread/INFO][m [36m(Minecraft)[m [0m71 tests are now running at position -5926045, 4, -6462190!
[m[34m[16:22:15][m [32m[Server thread/INFO][m [36m(Minecraft)[m [0mRunning test environment 'minecraft:default' batch 0 (50 tests)...
[m[34m[16:22:16][m [32m[Server thread/INFO][m [36m(Minecraft)[m [0mtest-mock-player[embedded] logged in with entity id 10 at (0.0, 0.0, 0.0)
[m[34m[16:22:16][m [32m[Server thread/INFO][m [36m(Minecraft)[m [0mSystem chat: test-mock-player joined the game
[m[34m[16:22:16][m [32m[Server thread/INFO][m [36m(Minecraft)[m [0mtest-mock-player[embedded] logged in with entity id 12 at (0.0, 0.0, 0.0)
[m[34m[16:22:16][m [32m[Server thread/INFO][m [36m(Minecraft)[m [0mSystem chat: test-mock-player joined the game
[m[34m[16:22:16][m [32m[Server thread/INFO][m [36m(Minecraft)[m [0mtest-mock-player[embedded] logged in with entity id 14 at (0.0, 0.0, 0.0)
[m[34m[16:22:16][m [32m[Server thread/INFO][m [36m(Minecraft)[m [0mSystem chat: test-mock-player joined the game
[m[34m[16:22:16][m [32m[Server thread/INFO][m [36m(Minecraft)[m [0mtest-mock-player[embedded] logged in with entity id 15 at (0.0, 0.0, 0.0)
[m[34m[16:22:16][m [32m[Server thread/INFO][m [36m(Minecraft)[m [0mSystem chat: test-mock-player joined the game
[m[34m[16:22:16][m [32m[Server thread/INFO][m [36m(Minecraft)[m [0mtest-mock-player[embedded] logged in with entity id 16 at (0.0, 0.0, 0.0)
[m[34m[16:22:16][m [32m[Server thread/INFO][m [36m(Minecraft)[m [0mSystem chat: test-mock-player joined the game
[m[34m[16:22:16][m [32m[Server thread/INFO][m [36m(Minecraft)[m [0mtest-mock-player[embedded] logged in with entity id 20 at (0.0, 0.0, 0.0)
[m[34m[16:22:16][m [32m[Server thread/INFO][m [36m(Minecraft)[m [0mSystem chat: test-mock-player joined the game
[m[34m[16:22:16][m [32m[Server thread/INFO][m [36m(Minecraft)[m [0mtest-mock-player[embedded] logged in with entity id 21 at (0.0, 0.0, 0.0)
[m[34m[16:22:16][m [32m[Server thread/INFO][m [36m(Minecraft)[m [0mSystem chat: test-mock-player joined the game
[m[34m[16:22:16][m [32m[Server thread/INFO][m [36m(Minecraft)[m [0mtest-mock-player[embedded] logged in with entity id 22 at (0.0, 0.0, 0.0)
[m[34m[16:22:16][m [32m[Server thread/INFO][m [36m(Minecraft)[m [0mSystem chat: test-mock-player joined the game
[m[34m[16:22:16][m [32m[Server thread/INFO][m [36m(Minecraft)[m [0mtest-mock-player[embedded] logged in with entity id 24 at (0.0, 0.0, 0.0)
[m[34m[16:22:16][m [32m[Server thread/INFO][m [36m(Minecraft)[m [0mSystem chat: test-mock-player joined the game
[m[34m[16:22:16][m [32m[Server thread/INFO][m [36m(Minecraft)[m [0mtest-mock-player[embedded] logged in with entity id 25 at (0.0, 0.0, 0.0)
[m[34m[16:22:16][m [32m[Server thread/INFO][m [36m(Minecraft)[m [0mSystem chat: test-mock-player joined the game
[m[34m[16:22:16][m [32m[Server thread/INFO][m [36m(Minecraft)[m [0mtest-mock-player[embedded] logged in with entity id 26 at (0.0, 0.0, 0.0)
[m[34m[16:22:16][m [32m[Server thread/INFO][m [36m(Minecraft)[m [0mSystem chat: test-mock-player joined the game
[m[34m[16:22:16][m [32m[Server thread/INFO][m [36m(Minecraft)[m [0mtest-mock-player[embedded] logged in with entity id 27 at (0.0, 0.0, 0.0)
[m[34m[16:22:16][m [32m[Server thread/INFO][m [36m(Minecraft)[m [0mSystem chat: test-mock-player joined the game
[m[34m[16:22:16][m [32m[Server thread/INFO][m [36m(Minecraft)[m [0mtest-mock-player[embedded] logged in with entity id 28 at (0.0, 0.0, 0.0)
[m[34m[16:22:16][m [32m[Server thread/INFO][m [36m(Minecraft)[m [0mSystem chat: test-mock-player joined the game
[m[34m[16:22:16][m [32m[Server thread/INFO][m [36m(Minecraft)[m [0mtest-mock-player[embedded] logged in with entity id 29 at (0.0, 0.0, 0.0)
[m[34m[16:22:16][m [32m[Server thread/INFO][m [36m(Minecraft)[m [0mSystem chat: test-mock-player joined the game
[m[34m[16:22:16][m [32m[Server thread/INFO][m [36m(Minecraft)[m [0mtest-mock-player[embedded] logged in with entity id 30 at (0.0, 0.0, 0.0)
[m[34m[16:22:16][m [32m[Server thread/INFO][m [36m(Minecraft)[m [0mSystem chat: test-mock-player joined the game
[m[34m[16:22:16][m [32m[Server thread/INFO][m [36m(Minecraft)[m [0mtest-mock-player[embedded] logged in with entity id 32 at (0.0, 0.0, 0.0)
[m[34m[16:22:16][m [32m[Server thread/INFO][m [36m(Minecraft)[m [0mSystem chat: test-mock-player joined the game
[m[34m[16:22:16][m [32m[Server thread/INFO][m [36m(Minecraft)[m [0mtest-mock-player[embedded] logged in with entity id 34 at (0.0, 0.0, 0.0)
[m[34m[16:22:16][m [32m[Server thread/INFO][m [36m(Minecraft)[m [0mSystem chat: test-mock-player joined the game
[m[34m[16:22:16][m [32m[Server thread/INFO][m [36m(Minecraft)[m [0mtest-mock-player[embedded] logged in with entity id 35 at (0.0, 0.0, 0.0)
[m[34m[16:22:16][m [32m[Server thread/INFO][m [36m(Minecraft)[m [0mSystem chat: test-mock-player joined the game
[m[34m[16:22:16][m [32m[Server thread/INFO][m [36m(Minecraft)[m [0mtest-mock-player[embedded] logged in with entity id 36 at (0.0, 0.0, 0.0)
[m[34m[16:22:16][m [32m[Server thread/INFO][m [36m(Minecraft)[m [0mSystem chat: test-mock-player joined the game
[m[34m[16:22:16][m [32m[Server thread/INFO][m [36m(Minecraft)[m [0mtest-mock-player[embedded] logged in with entity id 37 at (0.0, 0.0, 0.0)
[m[34m[16:22:16][m [32m[Server thread/INFO][m [36m(Minecraft)[m [0mSystem chat: test-mock-player joined the game
[m[34m[16:22:16][m [32m[Server thread/INFO][m [36m(Minecraft)[m [0mtest-mock-player[embedded] logged in with entity id 38 at (0.0, 0.0, 0.0)
[m[34m[16:22:16][m [32m[Server thread/INFO][m [36m(Minecraft)[m [0mSystem chat: test-mock-player joined the game
[m[34m[16:22:16][m [32m[Server thread/INFO][m [36m(Minecraft)[m [0mSystem chat: test-mock-player has made the advancement [Ol' Betsy]
[m[34m[16:22:16][m [32m[Server thread/INFO][m [36m(Minecraft)[m [0mtest-mock-player[embedded] logged in with entity id 40 at (0.0, 0.0, 0.0)
[m[34m[16:22:16][m [32m[Server thread/INFO][m [36m(Minecraft)[m [0mSystem chat: test-mock-player joined the game
[m[34m[16:22:16][m [32m[Server thread/INFO][m [36m(Minecraft)[m [0mtest-mock-player[embedded] logged in with entity id 41 at (0.0, 0.0, 0.0)
[m[34m[16:22:16][m [32m[Server thread/INFO][m [36m(Minecraft)[m [0mSystem chat: test-mock-player joined the game
[m[34m[16:22:16][m [32m[Server thread/INFO][m [36m(Minecraft)[m [0mtest-mock-player[embedded] logged in with entity id 43 at (0.0, 0.0, 0.0)
[m[34m[16:22:16][m [32m[Server thread/INFO][m [36m(Minecraft)[m [0mSystem chat: test-mock-player joined the game
[m[34m[16:22:16][m [32m[Server thread/INFO][m [36m(Minecraft)[m [0mtest-mock-player[embedded] logged in with entity id 44 at (0.0, 0.0, 0.0)
[m[34m[16:22:16][m [32m[Server thread/INFO][m [36m(Minecraft)[m [0mSystem chat: test-mock-player joined the game
[m[34m[16:22:16][m [32m[Server thread/INFO][m [36m(Minecraft)[m [0mtest-mock-player[embedded] logged in with entity id 45 at (0.0, 0.0, 0.0)
[m[34m[16:22:16][m [32m[Server thread/INFO][m [36m(Minecraft)[m [0mSystem chat: test-mock-player joined the game
[m[34m[16:22:16][m [32m[Server thread/INFO][m [36m(Minecraft)[m [0mtest-mock-player[embedded] logged in with entity id 46 at (0.0, 0.0, 0.0)
[m[34m[16:22:16][m [32m[Server thread/INFO][m [36m(Minecraft)[m [0mSystem chat: test-mock-player joined the game
[m[34m[16:22:16][m [32m[Server thread/INFO][m [36m(Minecraft)[m [0m[STDOUT]: WILDCRAFT P4A sample probe: 100 samples 10.886917ms; block reads=27200
[m[34m[16:22:16][m [32m[Server thread/INFO][m [36m(Minecraft)[m [0mtest-mock-player[embedded] logged in with entity id 47 at (0.0, 0.0, 0.0)
[m[34m[16:22:16][m [32m[Server thread/INFO][m [36m(Minecraft)[m [0mSystem chat: test-mock-player joined the game
[m[34m[16:22:16][m [32m[Server thread/INFO][m [36m(Minecraft)[m [0mtest-mock-player[embedded] logged in with entity id 48 at (0.0, 0.0, 0.0)
[m[34m[16:22:16][m [32m[Server thread/INFO][m [36m(Minecraft)[m [0mSystem chat: test-mock-player joined the game
[m[34m[16:22:16][m [32m[Server thread/INFO][m [36m(Minecraft)[m [0mtest-mock-player[embedded] logged in with entity id 50 at (0.0, 0.0, 0.0)
[m[34m[16:22:16][m [32m[Server thread/INFO][m [36m(Minecraft)[m [0mSystem chat: test-mock-player joined the game
[m[34m[16:22:16][m [32m[Server thread/INFO][m [36m(Minecraft)[m [0mtest-mock-player[embedded] logged in with entity id 51 at (0.0, 0.0, 0.0)
[m[34m[16:22:16][m [32m[Server thread/INFO][m [36m(Minecraft)[m [0mSystem chat: test-mock-player joined the game
[m[34m[16:22:16][m [32m[Server thread/INFO][m [36m(Minecraft)[m [0mtest-mock-player[embedded] logged in with entity id 53 at (0.0, 0.0, 0.0)
[m[34m[16:22:16][m [32m[Server thread/INFO][m [36m(Minecraft)[m [0mSystem chat: test-mock-player joined the game
[m[34m[16:22:16][m [32m[Server thread/INFO][m [36m(Minecraft)[m [0mtest-mock-player[embedded] logged in with entity id 66 at (0.0, 0.0, 0.0)
[m[34m[16:22:16][m [32m[Server thread/INFO][m [36m(Minecraft)[m [0mSystem chat: test-mock-player joined the game
[m[34m[16:22:16][m [32m[Server thread/INFO][m [36m(Minecraft)[m [0mtest-mock-player[embedded] logged in with entity id 70 at (0.0, 0.0, 0.0)
[m[34m[16:22:16][m [32m[Server thread/INFO][m [36m(Minecraft)[m [0mSystem chat: test-mock-player joined the game
[m[34m[16:22:16][m [32m[Server thread/INFO][m [36m(Minecraft)[m [0mtest-mock-player[embedded] logged in with entity id 72 at (0.0, 0.0, 0.0)
[m[34m[16:22:16][m [32m[Server thread/INFO][m [36m(Minecraft)[m [0mSystem chat: test-mock-player joined the game
[m[34m[16:22:16][m [32m[Server thread/INFO][m [36m(Minecraft)[m [0mtest-mock-player[embedded] logged in with entity id 74 at (0.0, 0.0, 0.0)
[m[34m[16:22:16][m [32m[Server thread/INFO][m [36m(Minecraft)[m [0mSystem chat: test-mock-player joined the game
[m[34m[16:22:16][m [32m[Server thread/INFO][m [36m(Minecraft)[m [0mtest-mock-player[embedded] logged in with entity id 76 at (0.0, 0.0, 0.0)
[m[34m[16:22:16][m [32m[Server thread/INFO][m [36m(Minecraft)[m [0mSystem chat: test-mock-player joined the game
[m[34m[16:22:16][m [32m[Server thread/INFO][m [36m(Minecraft)[m [0mtest-mock-player[embedded] logged in with entity id 78 at (0.0, 0.0, 0.0)
[m[34m[16:22:16][m [32m[Server thread/INFO][m [36m(Minecraft)[m [0mSystem chat: test-mock-player joined the game
[m[34m[16:22:16][m [32m[Server thread/INFO][m [36m(Minecraft)[m [0mtest-mock-player[embedded] logged in with entity id 80 at (0.0, 0.0, 0.0)
[m[34m[16:22:16][m [32m[Server thread/INFO][m [36m(Minecraft)[m [0mSystem chat: test-mock-player joined the game
[m[34m[16:22:16][m [32m[Server thread/INFO][m [36m(Minecraft)[m [0mtest-mock-player[embedded] logged in with entity id 82 at (0.0, 0.0, 0.0)
[m[34m[16:22:16][m [32m[Server thread/INFO][m [36m(Minecraft)[m [0mSystem chat: test-mock-player joined the game
[m[34m[16:22:16][m [32m[Server thread/INFO][m [36m(Minecraft)[m [0mtest-mock-player[embedded] logged in with entity id 84 at (0.0, 0.0, 0.0)
[m[34m[16:22:16][m [32m[Server thread/INFO][m [36m(Minecraft)[m [0mSystem chat: test-mock-player joined the game
[m[34m[16:22:16][m [32m[Server thread/INFO][m [36m(Minecraft)[m [0mtest-mock-player[embedded] logged in with entity id 86 at (0.0, 0.0, 0.0)
[m[34m[16:22:16][m [32m[Server thread/INFO][m [36m(Minecraft)[m [0mSystem chat: test-mock-player joined the game
[m[34m[16:22:16][m [32m[Server thread/INFO][m [36m(Minecraft)[m [0mtest-mock-player[embedded] logged in with entity id 88 at (0.0, 0.0, 0.0)
[m[34m[16:22:16][m [32m[Server thread/INFO][m [36m(Minecraft)[m [0mSystem chat: test-mock-player joined the game
[m[34m[16:22:16][m [32m[Server thread/INFO][m [36m(Minecraft)[m [0mtest-mock-player[embedded] logged in with entity id 90 at (0.0, 0.0, 0.0)
[m[34m[16:22:16][m [32m[Server thread/INFO][m [36m(Minecraft)[m [0mSystem chat: test-mock-player joined the game
[m[34m[16:22:16][m [32m[Server thread/INFO][m [36m(Minecraft)[m [0mtest-mock-player[embedded] logged in with entity id 92 at (0.0, 0.0, 0.0)
[m[34m[16:22:16][m [32m[Server thread/INFO][m [36m(Minecraft)[m [0mSystem chat: test-mock-player joined the game
[m[34m[16:22:16][m [32m[Server thread/INFO][m [36m(Minecraft)[m [0mtest-mock-player[embedded] logged in with entity id 94 at (0.0, 0.0, 0.0)
[m[34m[16:22:16][m [32m[Server thread/INFO][m [36m(Minecraft)[m [0mSystem chat: test-mock-player joined the game
[m[34m[16:22:16][m [32m[Server thread/INFO][m [36m(Minecraft)[m [0mtest-mock-player[embedded] logged in with entity id 96 at (0.0, 0.0, 0.0)
[m[34m[16:22:16][m [32m[Server thread/INFO][m [36m(Minecraft)[m [0mSystem chat: test-mock-player joined the game
[m[34m[16:22:16][m [32m[Server thread/INFO][m [36m(Minecraft)[m [0mtest-mock-player[embedded] logged in with entity id 98 at (0.0, 0.0, 0.0)
[m[34m[16:22:16][m [32m[Server thread/INFO][m [36m(Minecraft)[m [0mSystem chat: test-mock-player joined the game
[m[34m[16:22:16][m [32m[Server thread/INFO][m [36m(Minecraft)[m [0mtest-mock-player[embedded] logged in with entity id 100 at (0.0, 0.0, 0.0)
[m[34m[16:22:16][m [32m[Server thread/INFO][m [36m(Minecraft)[m [0mSystem chat: test-mock-player joined the game
[m[34m[16:22:16][m [32m[Server thread/INFO][m [36m(Minecraft)[m [0mtest-mock-player[embedded] logged in with entity id 102 at (0.0, 0.0, 0.0)
[m[34m[16:22:16][m [32m[Server thread/INFO][m [36m(Minecraft)[m [0mSystem chat: test-mock-player joined the game
[m[34m[16:22:16][m [32m[Server thread/INFO][m [36m(Minecraft)[m [0mtest-mock-player[embedded] logged in with entity id 104 at (0.0, 0.0, 0.0)
[m[34m[16:22:16][m [32m[Server thread/INFO][m [36m(Minecraft)[m [0mSystem chat: test-mock-player joined the game
[m[34m[16:22:16][m [32m[Server thread/INFO][m [36m(Minecraft)[m [0mtest-mock-player[embedded] logged in with entity id 106 at (0.0, 0.0, 0.0)
[m[34m[16:22:16][m [32m[Server thread/INFO][m [36m(Minecraft)[m [0mSystem chat: test-mock-player joined the game
[m[34m[16:22:16][m [32m[Server thread/INFO][m [36m(Minecraft)[m [0mtest-mock-player[embedded] logged in with entity id 107 at (0.0, 0.0, 0.0)
[m[34m[16:22:16][m [32m[Server thread/INFO][m [36m(Minecraft)[m [0mSystem chat: test-mock-player joined the game
[m[34m[16:22:16][m [32m[Server thread/INFO][m [36m(Minecraft)[m [0mtest-mock-player[embedded] logged in with entity id 109 at (0.0, 0.0, 0.0)
[m[34m[16:22:16][m [32m[Server thread/INFO][m [36m(Minecraft)[m [0mSystem chat: test-mock-player joined the game
[m[34m[16:22:16][m [32m[Server thread/INFO][m [36m(Minecraft)[m [0mtest-mock-player[embedded] logged in with entity id 111 at (0.0, 0.0, 0.0)
[m[34m[16:22:16][m [32m[Server thread/INFO][m [36m(Minecraft)[m [0mSystem chat: test-mock-player joined the game
[m[34m[16:22:16][m [32m[Server thread/INFO][m [36m(Minecraft)[m [0mtest-mock-player[embedded] logged in with entity id 115 at (0.0, 0.0, 0.0)
[m[34m[16:22:16][m [32m[Server thread/INFO][m [36m(Minecraft)[m [0mSystem chat: test-mock-player joined the game
[m[34m[16:22:16][m [32m[Server thread/INFO][m [36m(Minecraft)[m [0mtest-mock-player[embedded] logged in with entity id 116 at (0.0, 0.0, 0.0)
[m[34m[16:22:16][m [32m[Server thread/INFO][m [36m(Minecraft)[m [0mSystem chat: test-mock-player joined the game
[m[34m[16:22:16][m [32m[Server thread/INFO][m [36m(Minecraft)[m [0mtest-mock-player[embedded] logged in with entity id 118 at (0.0, 0.0, 0.0)
[m[34m[16:22:16][m [32m[Server thread/INFO][m [36m(Minecraft)[m [0mSystem chat: test-mock-player joined the game
[m[34m[16:22:16][m [32m[Server thread/INFO][m [36m(Minecraft)[m [0mtest-mock-player[embedded] logged in with entity id 120 at (0.0, 0.0, 0.0)
[m[34m[16:22:16][m [32m[Server thread/INFO][m [36m(Minecraft)[m [0mSystem chat: test-mock-player joined the game
[m[34m[16:22:16][m [32m[Server thread/INFO][m [36m(Minecraft)[m [0mtest-mock-player[embedded] logged in with entity id 122 at (0.0, 0.0, 0.0)
[m[34m[16:22:16][m [32m[Server thread/INFO][m [36m(Minecraft)[m [0mSystem chat: test-mock-player joined the game
[m[34m[16:22:16][m [32m[Server thread/INFO][m [36m(Minecraft)[m [0mtest-mock-player[embedded] logged in with entity id 124 at (0.0, 0.0, 0.0)
[m[34m[16:22:16][m [32m[Server thread/INFO][m [36m(Minecraft)[m [0mSystem chat: test-mock-player joined the game
[m[34m[16:22:16][m [32m[Server thread/INFO][m [36m(Minecraft)[m [0mtest-mock-player[embedded] logged in with entity id 126 at (0.0, 0.0, 0.0)
[m[34m[16:22:16][m [32m[Server thread/INFO][m [36m(Minecraft)[m [0mSystem chat: test-mock-player joined the game
[m[34m[16:22:16][m [32m[Server thread/INFO][m [36m(Minecraft)[m [0m[++_+++++++++_++_+++++++++++++++++++++++++++++_++++                     ]
[m[34m[16:22:16][m [32m[Server thread/INFO][m [36m(Minecraft)[m [0m[++_++++++++++++++++++++++++++++++++++++++++++_++++                     ]
[m[34m[16:22:16][m [32m[Server thread/INFO][m [36m(Minecraft)[m [0m[+++++++++++++++++++++++++++++++++++++++++++++_++++                     ]
[m[34m[16:22:17][m [32m[Server thread/INFO][m [36m(Minecraft)[m [0mRunning test environment 'minecraft:default' batch 1 (21 tests)...
[m[34m[16:22:17][m [32m[Server thread/INFO][m [36m(Minecraft)[m [0mtest-mock-player[embedded] logged in with entity id 129 at (0.0, 0.0, 0.0)
[m[34m[16:22:17][m [32m[Server thread/INFO][m [36m(Minecraft)[m [0mSystem chat: test-mock-player joined the game
[m[34m[16:22:17][m [32m[Server thread/INFO][m [36m(Minecraft)[m [0mtest-mock-player[embedded] logged in with entity id 130 at (0.0, 0.0, 0.0)
[m[34m[16:22:17][m [32m[Server thread/INFO][m [36m(Minecraft)[m [0mSystem chat: test-mock-player joined the game
[m[34m[16:22:17][m [32m[Server thread/INFO][m [36m(Minecraft)[m [0mtest-mock-player[embedded] logged in with entity id 132 at (0.0, 0.0, 0.0)
[m[34m[16:22:17][m [32m[Server thread/INFO][m [36m(Minecraft)[m [0mSystem chat: test-mock-player joined the game
[m[34m[16:22:17][m [32m[Server thread/INFO][m [36m(Minecraft)[m [0mtest-mock-player[embedded] logged in with entity id 134 at (0.0, 0.0, 0.0)
[m[34m[16:22:17][m [32m[Server thread/INFO][m [36m(Minecraft)[m [0mSystem chat: test-mock-player joined the game
[m[34m[16:22:17][m [32m[Server thread/INFO][m [36m(Minecraft)[m [0mtest-mock-player[embedded] logged in with entity id 136 at (0.0, 0.0, 0.0)
[m[34m[16:22:17][m [32m[Server thread/INFO][m [36m(Minecraft)[m [0mSystem chat: test-mock-player joined the game
[m[34m[16:22:17][m [32m[Server thread/INFO][m [36m(Minecraft)[m [0mtest-mock-player[embedded] logged in with entity id 138 at (0.0, 0.0, 0.0)
[m[34m[16:22:17][m [32m[Server thread/INFO][m [36m(Minecraft)[m [0mSystem chat: test-mock-player joined the game
[m[34m[16:22:17][m [32m[Server thread/INFO][m [36m(Minecraft)[m [0mtest-mock-player[embedded] logged in with entity id 139 at (0.0, 0.0, 0.0)
[m[34m[16:22:17][m [32m[Server thread/INFO][m [36m(Minecraft)[m [0mSystem chat: test-mock-player joined the game
[m[34m[16:22:17][m [32m[Server thread/INFO][m [36m(Minecraft)[m [0mtest-mock-player[embedded] logged in with entity id 140 at (0.0, 0.0, 0.0)
[m[34m[16:22:17][m [32m[Server thread/INFO][m [36m(Minecraft)[m [0mSystem chat: test-mock-player joined the game
[m[34m[16:22:17][m [32m[Server thread/INFO][m [36m(Minecraft)[m [0mtest-mock-player[embedded] logged in with entity id 141 at (0.0, 0.0, 0.0)
[m[34m[16:22:17][m [32m[Server thread/INFO][m [36m(Minecraft)[m [0mSystem chat: test-mock-player joined the game
[m[34m[16:22:17][m [32m[Server thread/INFO][m [36m(Minecraft)[m [0mtest-mock-player[embedded] logged in with entity id 143 at (0.0, 0.0, 0.0)
[m[34m[16:22:17][m [32m[Server thread/INFO][m [36m(Minecraft)[m [0mSystem chat: test-mock-player joined the game
[m[34m[16:22:17][m [32m[Server thread/INFO][m [36m(Minecraft)[m [0mtest-mock-player[embedded] logged in with entity id 144 at (0.0, 0.0, 0.0)
[m[34m[16:22:17][m [32m[Server thread/INFO][m [36m(Minecraft)[m [0mSystem chat: test-mock-player joined the game
[m[34m[16:22:17][m [32m[Server thread/INFO][m [36m(Minecraft)[m [0mSystem chat: test-mock-player has made the advancement [Diamonds!]
[m[34m[16:22:17][m [32m[Server thread/INFO][m [36m(Minecraft)[m [0mtest-mock-player[embedded] logged in with entity id 145 at (0.0, 0.0, 0.0)
[m[34m[16:22:17][m [32m[Server thread/INFO][m [36m(Minecraft)[m [0mSystem chat: test-mock-player joined the game
[m[34m[16:22:17][m [32m[Server thread/INFO][m [36m(Minecraft)[m [0mtest-mock-player[embedded] logged in with entity id 146 at (0.0, 0.0, 0.0)
[m[34m[16:22:17][m [32m[Server thread/INFO][m [36m(Minecraft)[m [0mSystem chat: test-mock-player joined the game
[m[34m[16:22:17][m [32m[Server thread/INFO][m [36m(Minecraft)[m [0mtest-mock-player[embedded] logged in with entity id 149 at (0.0, 0.0, 0.0)
[m[34m[16:22:17][m [32m[Server thread/INFO][m [36m(Minecraft)[m [0mSystem chat: test-mock-player joined the game
[m[34m[16:22:17][m [32m[Server thread/INFO][m [36m(Minecraft)[m [0mSystem chat: test-mock-player has made the advancement [Take Aim]
[m[34m[16:22:17][m [32m[Server thread/INFO][m [36m(Minecraft)[m [0mtest-mock-player[embedded] logged in with entity id 153 at (0.0, 0.0, 0.0)
[m[34m[16:22:17][m [32m[Server thread/INFO][m [36m(Minecraft)[m [0mSystem chat: test-mock-player joined the game
[m[34m[16:22:17][m [32m[Server thread/INFO][m [36m(Minecraft)[m [0mtest-mock-player[embedded] logged in with entity id 154 at (0.0, 0.0, 0.0)
[m[34m[16:22:17][m [32m[Server thread/INFO][m [36m(Minecraft)[m [0mSystem chat: test-mock-player joined the game
[m[34m[16:22:17][m [32m[Server thread/INFO][m [36m(Minecraft)[m [0mtest-mock-player[embedded] logged in with entity id 164 at (0.0, 0.0, 0.0)
[m[34m[16:22:17][m [32m[Server thread/INFO][m [36m(Minecraft)[m [0mSystem chat: test-mock-player joined the game
[m[34m[16:22:17][m [32m[Server thread/INFO][m [36m(Minecraft)[m [0mtest-mock-player[embedded] logged in with entity id 165 at (0.0, 0.0, 0.0)
[m[34m[16:22:17][m [32m[Server thread/INFO][m [36m(Minecraft)[m [0mSystem chat: test-mock-player joined the game
[m[34m[16:22:17][m [32m[Server thread/INFO][m [36m(Minecraft)[m [0m[++++++++++++++++++++++++++++++++++++++++++++++++++__+_+_++++++++_+++++_]
[m[34m[16:22:17][m [32m[Server thread/INFO][m [36m(Minecraft)[m [0m[STDOUT]: P9 attack deltas vanilla=6.0 fused=9.0 uses=31
[m[34m[16:22:17][m [32m[Server thread/INFO][m [36m(Minecraft)[m [0m[++++++++++++++++++++++++++++++++++++++++++++++++++__+++_+++++++++++++++]
[m[34m[16:22:17][m [32m[Server thread/INFO][m [36m(Minecraft)[m [0m[+++++++++++++++++++++++++++++++++++++++++++++++++++_+++_+++++++++++++++]
[m[34m[16:22:17][m [32m[Server thread/INFO][m [36m(Minecraft)[m [0m[+++++++++++++++++++++++++++++++++++++++++++++++++++++++_+++++++++++++++]
[m[34m[16:22:17][m [32m[Server thread/INFO][m [36m(Minecraft)[m [0m[+++++++++++++++++++++++++++++++++++++++++++++++++++++++_+++++++++++++++]
[m[34m[16:22:17][m [32m[Server thread/INFO][m [36m(Minecraft)[m [0m[+++++++++++++++++++++++++++++++++++++++++++++++++++++++++++++++++++++++]
[m[34m[16:22:17][m [32m[Server thread/INFO][m [36m(Minecraft)[m [0m========= 71 GAME TESTS COMPLETE IN 2.942 s ======================
[m[34m[16:22:17][m [32m[Server thread/INFO][m [36m(Minecraft)[m [0mAll 71 required tests passed :)
[m[34m[16:22:17][m [32m[Server thread/INFO][m [36m(Minecraft)[m [0m====================================================
[m[34m[16:22:17][m [32m[Server thread/INFO][m [36m(Minecraft)[m [0mStopping server
[m[34m[16:22:17][m [32m[Server thread/INFO][m [36m(Minecraft)[m [0mSaving players
[m[34m[16:22:17][m [32m[Server thread/INFO][m [36m(Minecraft)[m [0mtest-mock-player lost connection: Server closed
[m[34m[16:22:17][m [32m[Server thread/INFO][m [36m(Minecraft)[m [0mSystem chat: test-mock-player left the game
[m[34m[16:22:17][m [32m[Server thread/INFO][m [36m(Minecraft)[m [0mtest-mock-player lost connection: Server closed
[m[34m[16:22:17][m [32m[Server thread/INFO][m [36m(Minecraft)[m [0mSystem chat: test-mock-player left the game
[m[34m[16:22:17][m [32m[Server thread/INFO][m [36m(Minecraft)[m [0mtest-mock-player lost connection: Server closed
[m[34m[16:22:17][m [32m[Server thread/INFO][m [36m(Minecraft)[m [0mSystem chat: test-mock-player left the game
[m[34m[16:22:17][m [32m[Server thread/INFO][m [36m(Minecraft)[m [0mtest-mock-player lost connection: Server closed
[m[34m[16:22:17][m [32m[Server thread/INFO][m [36m(Minecraft)[m [0mSystem chat: test-mock-player left the game
[m[34m[16:22:17][m [32m[Server thread/INFO][m [36m(Minecraft)[m [0mtest-mock-player lost connection: Server closed
[m[34m[16:22:17][m [32m[Server thread/INFO][m [36m(Minecraft)[m [0mSystem chat: test-mock-player left the game
[m[34m[16:22:17][m [32m[Server thread/INFO][m [36m(Minecraft)[m [0mtest-mock-player lost connection: Server closed
[m[34m[16:22:17][m [32m[Server thread/INFO][m [36m(Minecraft)[m [0mSystem chat: test-mock-player left the game
[m[34m[16:22:17][m [32m[Server thread/INFO][m [36m(Minecraft)[m [0mtest-mock-player lost connection: Server closed
[m[34m[16:22:17][m [32m[Server thread/INFO][m [36m(Minecraft)[m [0mSystem chat: test-mock-player left the game
[m[34m[16:22:17][m [32m[Server thread/INFO][m [36m(Minecraft)[m [0mtest-mock-player lost connection: Server closed
[m[34m[16:22:17][m [32m[Server thread/INFO][m [36m(Minecraft)[m [0mSystem chat: test-mock-player left the game
[m[34m[16:22:17][m [32m[Server thread/INFO][m [36m(Minecraft)[m [0mtest-mock-player lost connection: Server closed
[m[34m[16:22:17][m [32m[Server thread/INFO][m [36m(Minecraft)[m [0mSystem chat: test-mock-player left the game
[m[34m[16:22:17][m [32m[Server thread/INFO][m [36m(Minecraft)[m [0mtest-mock-player lost connection: Server closed
[m[34m[16:22:17][m [32m[Server thread/INFO][m [36m(Minecraft)[m [0mSystem chat: test-mock-player left the game
[m[34m[16:22:17][m [32m[Server thread/INFO][m [36m(Minecraft)[m [0mtest-mock-player lost connection: Server closed
[m[34m[16:22:17][m [32m[Server thread/INFO][m [36m(Minecraft)[m [0mSystem chat: test-mock-player left the game
[m[34m[16:22:17][m [32m[Server thread/INFO][m [36m(Minecraft)[m [0mtest-mock-player lost connection: Server closed
[m[34m[16:22:17][m [32m[Server thread/INFO][m [36m(Minecraft)[m [0mSystem chat: test-mock-player left the game
[m[34m[16:22:17][m [32m[Server thread/INFO][m [36m(Minecraft)[m [0mtest-mock-player lost connection: Server closed
[m[34m[16:22:17][m [32m[Server thread/INFO][m [36m(Minecraft)[m [0mSystem chat: test-mock-player left the game
[m[34m[16:22:17][m [32m[Server thread/INFO][m [36m(Minecraft)[m [0mtest-mock-player lost connection: Server closed
[m[34m[16:22:17][m [32m[Server thread/INFO][m [36m(Minecraft)[m [0mSystem chat: test-mock-player left the game
[m[34m[16:22:17][m [32m[Server thread/INFO][m [36m(Minecraft)[m [0mtest-mock-player lost connection: Server closed
[m[34m[16:22:17][m [32m[Server thread/INFO][m [36m(Minecraft)[m [0mSystem chat: test-mock-player left the game
[m[34m[16:22:17][m [32m[Server thread/INFO][m [36m(Minecraft)[m [0mtest-mock-player lost connection: Server closed
[m[34m[16:22:17][m [32m[Server thread/INFO][m [36m(Minecraft)[m [0mSystem chat: test-mock-player left the game
[m[34m[16:22:17][m [32m[Server thread/INFO][m [36m(Minecraft)[m [0mtest-mock-player lost connection: Server closed
[m[34m[16:22:17][m [32m[Server thread/INFO][m [36m(Minecraft)[m [0mSystem chat: test-mock-player left the game
[m[34m[16:22:17][m [32m[Server thread/INFO][m [36m(Minecraft)[m [0mtest-mock-player lost connection: Server closed
[m[34m[16:22:17][m [32m[Server thread/INFO][m [36m(Minecraft)[m [0mSystem chat: test-mock-player left the game
[m[34m[16:22:17][m [32m[Server thread/INFO][m [36m(Minecraft)[m [0mtest-mock-player lost connection: Server closed
[m[34m[16:22:17][m [32m[Server thread/INFO][m [36m(Minecraft)[m [0mSystem chat: test-mock-player left the game
[m[34m[16:22:17][m [32m[Server thread/INFO][m [36m(Minecraft)[m [0mtest-mock-player lost connection: Server closed
[m[34m[16:22:17][m [32m[Server thread/INFO][m [36m(Minecraft)[m [0mSystem chat: test-mock-player left the game
[m[34m[16:22:17][m [32m[Server thread/INFO][m [36m(Minecraft)[m [0mtest-mock-player lost connection: Server closed
[m[34m[16:22:17][m [32m[Server thread/INFO][m [36m(Minecraft)[m [0mSystem chat: test-mock-player left the game
[m[34m[16:22:17][m [32m[Server thread/INFO][m [36m(Minecraft)[m [0mtest-mock-player lost connection: Server closed
[m[34m[16:22:17][m [32m[Server thread/INFO][m [36m(Minecraft)[m [0mSystem chat: test-mock-player left the game
[m[34m[16:22:17][m [32m[Server thread/INFO][m [36m(Minecraft)[m [0mtest-mock-player lost connection: Server closed
[m[34m[16:22:17][m [32m[Server thread/INFO][m [36m(Minecraft)[m [0mSystem chat: test-mock-player left the game
[m[34m[16:22:17][m [32m[Server thread/INFO][m [36m(Minecraft)[m [0mtest-mock-player lost connection: Server closed
[m[34m[16:22:17][m [32m[Server thread/INFO][m [36m(Minecraft)[m [0mSystem chat: test-mock-player left the game
[m[34m[16:22:17][m [32m[Server thread/INFO][m [36m(Minecraft)[m [0mtest-mock-player lost connection: Server closed
[m[34m[16:22:17][m [32m[Server thread/INFO][m [36m(Minecraft)[m [0mSystem chat: test-mock-player left the game
[m[34m[16:22:17][m [32m[Server thread/INFO][m [36m(Minecraft)[m [0mtest-mock-player lost connection: Server closed
[m[34m[16:22:17][m [32m[Server thread/INFO][m [36m(Minecraft)[m [0mSystem chat: test-mock-player left the game
[m[34m[16:22:17][m [32m[Server thread/INFO][m [36m(Minecraft)[m [0mtest-mock-player lost connection: Server closed
[m[34m[16:22:17][m [32m[Server thread/INFO][m [36m(Minecraft)[m [0mSystem chat: test-mock-player left the game
[m[34m[16:22:17][m [32m[Server thread/INFO][m [36m(Minecraft)[m [0mtest-mock-player lost connection: Server closed
[m[34m[16:22:17][m [32m[Server thread/INFO][m [36m(Minecraft)[m [0mSystem chat: test-mock-player left the game
[m[34m[16:22:17][m [32m[Server thread/INFO][m [36m(Minecraft)[m [0mtest-mock-player lost connection: Server closed
[m[34m[16:22:17][m [32m[Server thread/INFO][m [36m(Minecraft)[m [0mSystem chat: test-mock-player left the game
[m[34m[16:22:17][m [32m[Server thread/INFO][m [36m(Minecraft)[m [0mtest-mock-player lost connection: Server closed
[m[34m[16:22:17][m [32m[Server thread/INFO][m [36m(Minecraft)[m [0mSystem chat: test-mock-player left the game
[m[34m[16:22:17][m [32m[Server thread/INFO][m [36m(Minecraft)[m [0mtest-mock-player lost connection: Server closed
[m[34m[16:22:17][m [32m[Server thread/INFO][m [36m(Minecraft)[m [0mSystem chat: test-mock-player left the game
[m[34m[16:22:17][m [32m[Server thread/INFO][m [36m(Minecraft)[m [0mtest-mock-player lost connection: Server closed
[m[34m[16:22:17][m [32m[Server thread/INFO][m [36m(Minecraft)[m [0mSystem chat: test-mock-player left the game
[m[34m[16:22:17][m [32m[Server thread/INFO][m [36m(Minecraft)[m [0mtest-mock-player lost connection: Server closed
[m[34m[16:22:17][m [32m[Server thread/INFO][m [36m(Minecraft)[m [0mSystem chat: test-mock-player left the game
[m[34m[16:22:17][m [32m[Server thread/INFO][m [36m(Minecraft)[m [0mtest-mock-player lost connection: Server closed
[m[34m[16:22:17][m [32m[Server thread/INFO][m [36m(Minecraft)[m [0mSystem chat: test-mock-player left the game
[m[34m[16:22:17][m [32m[Server thread/INFO][m [36m(Minecraft)[m [0mtest-mock-player lost connection: Server closed
[m[34m[16:22:17][m [32m[Server thread/INFO][m [36m(Minecraft)[m [0mSystem chat: test-mock-player left the game
[m[34m[16:22:17][m [32m[Server thread/INFO][m [36m(Minecraft)[m [0mtest-mock-player lost connection: Server closed
[m[34m[16:22:17][m [32m[Server thread/INFO][m [36m(Minecraft)[m [0mSystem chat: test-mock-player left the game
[m[34m[16:22:17][m [32m[Server thread/INFO][m [36m(Minecraft)[m [0mtest-mock-player lost connection: Server closed
[m[34m[16:22:17][m [32m[Server thread/INFO][m [36m(Minecraft)[m [0mSystem chat: test-mock-player left the game
[m[34m[16:22:17][m [32m[Server thread/INFO][m [36m(Minecraft)[m [0mtest-mock-player lost connection: Server closed
[m[34m[16:22:17][m [32m[Server thread/INFO][m [36m(Minecraft)[m [0mSystem chat: test-mock-player left the game
[m[34m[16:22:17][m [32m[Server thread/INFO][m [36m(Minecraft)[m [0mtest-mock-player lost connection: Server closed
[m[34m[16:22:17][m [32m[Server thread/INFO][m [36m(Minecraft)[m [0mSystem chat: test-mock-player left the game
[m[34m[16:22:17][m [32m[Server thread/INFO][m [36m(Minecraft)[m [0mtest-mock-player lost connection: Server closed
[m[34m[16:22:17][m [32m[Server thread/INFO][m [36m(Minecraft)[m [0mSystem chat: test-mock-player left the game
[m[34m[16:22:17][m [32m[Server thread/INFO][m [36m(Minecraft)[m [0mSaving worlds
[m[34m[16:22:17][m [32m[Server thread/INFO][m [36m(Minecraft)[m [0mSaving chunks for level 'ServerLevel[Test Level]'/minecraft:overworld
[m[34m[16:22:18][m [32m[Server thread/INFO][m [36m(Minecraft)[m [0mSaving chunks for level 'ServerLevel[Test Level]'/minecraft:the_end
[m[34m[16:22:18][m [32m[Server thread/INFO][m [36m(Minecraft)[m [0mSaving chunks for level 'ServerLevel[Test Level]'/minecraft:the_nether
[m[34m[16:22:18][m [32m[Server thread/INFO][m [36m(Minecraft)[m [0mGame test server shutting down
[m
> Task :gameTestJar
> Task :compileTestJava NO-SOURCE
> Task :processTestResources NO-SOURCE
> Task :testClasses UP-TO-DATE
> Task :test NO-SOURCE
> Task :validateAccessWidener NO-SOURCE
> Task :compileRulesTestJava UP-TO-DATE
> Task :processRulesTestResources NO-SOURCE
> Task :rulesTestClasses UP-TO-DATE

> Task :verifyRules
WILDCRAFT P3.2 active clock: 10 cases passed; 5/10/20/60Hz, pause, resume, stall, duplicate
WILDCRAFT stamina numerical checks passed: 13 examples + 1000 bound/monotonicity cases

> Task :verifyTemperatureRules
WILDCRAFT P4A temperature: climate/water/limits, 30/60/120fps, 1000 hysteresis and 7000 interpolation checks passed

> Task :check
> Task :exportMod
> Task :build

[Incubating] Problems report is available at: file:///Volumes/%E4%BB%95%E4%BA%8B/Wildcraft/%E5%BC%80%E5%8F%91%E7%8E%AF%E5%A2%83/cache/builds/f51c43e6462c/reports/problems/problems-report.html

BUILD SUCCESSFUL in 12s
19 actionable tasks: 11 executed, 8 up-to-date
