
> Configure project :
Fabric Loom: 1.18.2

> Task :compileJava UP-TO-DATE
> Task :processResources
> Task :classes

> Task :compileClientJava
注: /Volumes/仕事/Wildcraft/开发环境/project/src/client/java/dev/wildcraft/client/art/ArtFeedbackClient.java使用或覆盖了已过时的 API。
注: 有关详细信息, 请使用 -Xlint:deprecation 重新编译。

> Task :processClientResources UP-TO-DATE
> Task :clientClasses
> Task :generateLog4jConfig UP-TO-DATE
> Task :generateDLIConfig UP-TO-DATE
> Task :configureLaunch UP-TO-DATE
> Task :downloadAssets UP-TO-DATE
> Task :configureClientLaunch UP-TO-DATE

> Task :runDatagen
[34m[15:00:17][m [32m[main/INFO][m [36m(FabricLoader/GameProvider)[m [0mLoading Minecraft 26.3 with Fabric Loader 0.19.5
[m[34m[15:00:17][m [32m[main/INFO][m [36m(FabricLoader/Mappings)[m [0mMappings not present!
[m[34m[15:00:17][m [32m[main/INFO][m [36m(FabricLoader)[m [0mLoading 52 mods:
	- fabric-advancement-api-v1 1.0.0+38c7a2d55d
	- fabric-api 0.161.0+26.3
	- fabric-api-base 2.0.6+fcdff87f5d
	- fabric-api-lookup-api-v1 2.0.24+3434d6d95d
	- fabric-biome-api-v1 20.0.9+74ed1ea55d
	- fabric-block-api-v1 3.1.0+0ae6f9115d
	- fabric-block-getter-api-v2 2.0.9+3434d6d95d
	- fabric-client-gametest-api-v1 6.0.7+4be74c3f5d
	- fabric-command-api-v2 3.1.2+fcdff87f5d
	- fabric-content-registries-v0 15.0.4+74ed1ea55d
	- fabric-convention-tags-v2 4.10.3+6b5b47fd5d
	- fabric-crash-report-info-v1 1.0.7+fcdff87f5d
	- fabric-creative-tab-api-v1 5.0.21+fcdff87f5d
	- fabric-data-attachment-api-v1 2.2.30+3434d6d95d
	- fabric-data-generation-api-v1 27.2.4+427eab975d
	- fabric-debug-api-v1 1.0.4+3434d6d95d
	- fabric-dimensions-v1 5.1.19+47f74c985d
	- fabric-entity-events-v1 6.0.4+3434d6d95d
	- fabric-events-interaction-v0 5.3.6+3434d6d95d
	- fabric-game-rule-api-v1 4.0.10+3434d6d95d
	- fabric-gametest-api-v1 4.0.32+3434d6d95d
	- fabric-item-api-v1 14.7.0+cf6bc2db5d
	- fabric-key-mapping-api-v1 2.0.8+3434d6d95d
	- fabric-lifecycle-events-v1 4.1.9+ffef5f675d
	- fabric-loot-api-v3 4.0.8+4068fd645d
	- fabric-menu-api-v1 2.0.27+ed66f0a35d
	- fabric-message-api-v1 7.0.10+3434d6d95d
	- fabric-model-loading-api-v1 8.0.35+fcdff87f5d
	- fabric-networking-api-v1 6.3.8+fcdff87f5d
	- fabric-object-builder-api-v1 24.1.9+3434d6d95d
	- fabric-particles-v1 5.0.24+3434d6d95d
	- fabric-permission-api-v1 1.0.8+fcdff87f5d
	- fabric-recipe-api-v1 10.0.8+fcdff87f5d
	- fabric-registry-sync-v0 8.0.1+fcdff87f5d
	- fabric-renderer-api-v1 17.0.15+79385d0b5d
	- fabric-renderer-indigo 9.1.23+b9d63e335d
	- fabric-rendering-fluids-v1 6.0.6+3434d6d95d
	- fabric-rendering-v1 27.0.14+901a437c5d
	- fabric-resource-conditions-api-v1 6.1.5+3434d6d95d
	- fabric-resource-loader-v0 3.3.26+4fc5413f5d
	- fabric-resource-loader-v1 3.0.4+fcdff87f5d
	- fabric-screen-api-v1 5.2.4+48607d035d
	- fabric-serialization-api-v1 2.0.7+74ed1ea55d
	- fabric-sound-api-v1 2.0.7+3434d6d95d
	- fabric-tag-api-v1 2.1.10+fcdff87f5d
	- fabric-transfer-api-v1 8.0.25+fcdff87f5d
	- fabric-transitive-access-wideners-v1 8.1.16+52268a0e5d
	- fabricloader 0.19.5
	- java 25
	- minecraft 26.3
	- mixinextras 0.5.5
	- wildcraft 0.1.0-dev.18
[m[34m[15:00:17][m [32m[main/INFO][m [36m(FabricLoader/Mixin)[m [0mSpongePowered MIXIN Subsystem Version=0.8.7 Source=file:/Volumes/%e4%bb%95%e4%ba%8b/Wildcraft/%e5%bc%80%e5%8f%91%e7%8e%af%e5%a2%83/cache/gradle/caches/modules-2/files-2.1/net.fabricmc/sponge-mixin/0.17.4+mixin.0.8.7/5f66cc9f59b8efaa942155a3d5a30599bf6640dd/sponge-mixin-0.17.4+mixin.0.8.7.jar Service=Knot/Fabric Env=CLIENT
[m[34m[15:00:18][m [32m[main/INFO][m [36m(FabricLoader/MixinExtras|Service)[m [0mInitializing MixinExtras via com.llamalad7.mixinextras.service.MixinExtrasServiceImpl(version=0.5.5).
[m[34m[15:00:18][m [32m[Datafixer Bootstrap #0/INFO][m [36m(Minecraft)[m [0m307 Datafixer optimizations took 194 milliseconds
[m[34m[15:00:19][m [33m[main/WARN][m [36m(MacOperatingSystem)[m [0mUnable to parse version 27.0 to a codename.
[m[34m[15:00:21][m [32m[Render thread/INFO][m [36m(Minecraft)[m [0mEnvironment: Environment[discoveryUrl=https://discovery.minecraftservices.com/minecraft/client, name=PROD]
[m[34m[15:00:21][m [32m[Render thread/INFO][m [36m(Minecraft)[m [0mSetting user: Player28
[m[34m[15:00:22][m [32m[Render thread/INFO][m [36m(wildcraft)[m [0mWildcraft wind/weather initialized; fusion, fabrication, mechanics, energy, cooking, temperature and traversal registered.
[m[34m[15:00:22][m [32m[Render thread/INFO][m [36m(wildcraft)[m [0mWildcraft second art client initialized; adopted models, menus, HUD, equipment poses and confirmed feedback registered.
[m[34m[15:00:22][m [32m[Render thread/INFO][m [36m(Indigo)[m [0m[Indigo] Registering Indigo renderer!
[m[34m[15:00:22][m [32m[Render thread/INFO][m [36m(FabricDataGenHelper)[m [0mRunning data generator for wildcraft
[m[34m[15:00:22][m [32m[Render thread/INFO][m [36m(Minecraft)[m [0mStarting provider: Wildcraft/Wildcraft item models
[m[34m[15:00:22][m [32m[Render thread/INFO][m [36m(Minecraft)[m [0mWildcraft/Wildcraft item models finished after 41 ms
[m[34m[15:00:22][m [32m[Render thread/INFO][m [36m(Minecraft)[m [0mStarting provider: Wildcraft/Wildcraft focus presentation variants
[m[34m[15:00:22][m [32m[Render thread/INFO][m [36m(Minecraft)[m [0mWildcraft/Wildcraft focus presentation variants finished after 2 ms
[m[34m[15:00:22][m [32m[Render thread/INFO][m [36m(Minecraft)[m [0mStarting provider: Wildcraft/Wildcraft adopted second art models
[m[34m[15:00:22][m [32m[Render thread/INFO][m [36m(Minecraft)[m [0mWildcraft/Wildcraft adopted second art models finished after 0 ms
[m[34m[15:00:22][m [32m[Render thread/INFO][m [36m(Minecraft)[m [0mStarting provider: Wildcraft/Language (en_us)
[m[34m[15:00:22][m [32m[Render thread/INFO][m [36m(Minecraft)[m [0mWildcraft/Language (en_us) finished after 307 ms
[m[34m[15:00:22][m [32m[Render thread/INFO][m [36m(Minecraft)[m [0mStarting provider: Wildcraft/Language (zh_cn)
[m[34m[15:00:22][m [32m[Render thread/INFO][m [36m(Minecraft)[m [0mWildcraft/Language (zh_cn) finished after 1 ms
[m[34m[15:00:22][m [32m[Render thread/INFO][m [36m(Minecraft)[m [0mAll providers took: 355 ms
[m[34m[15:00:22][m [32m[Render thread/INFO][m [36m(Minecraft)[m [0mCaching: total files: 68, old count: 68, new count: 68, removed stale: 0, written: 0
[m
[Incubating] Problems report is available at: file:///Volumes/%E4%BB%95%E4%BA%8B/Wildcraft/%E5%BC%80%E5%8F%91%E7%8E%AF%E5%A2%83/cache/builds/f51c43e6462c/reports/problems/problems-report.html

BUILD SUCCESSFUL in 8s
8 actionable tasks: 3 executed, 5 up-to-date
