
> Configure project :
Fabric Loom: 1.18.2

> Task :compileJava UP-TO-DATE
> Task :processResources UP-TO-DATE
> Task :classes UP-TO-DATE
> Task :compileClientJava
> Task :processClientResources UP-TO-DATE
> Task :processIncludeJars UP-TO-DATE
> Task :jar
> Task :sourcesJar
> Task :assemble
> Task :clientClasses
> Task :compileGametestJava UP-TO-DATE
> Task :deleteGameTestRunDir
> Task :acceptGameTestEula
> Task :generateLog4jConfig UP-TO-DATE
> Task :generateDLIConfig UP-TO-DATE
> Task :configureLaunch
> Task :processGametestResources UP-TO-DATE
> Task :gametestClasses UP-TO-DATE

> Task :runGameTest
[34m[11:42:14][m [32m[main/INFO][m [36m(FabricLoader/GameProvider)[m [0mLoading Minecraft 26.3 with Fabric Loader 0.19.5
[m[34m[11:42:14][m [32m[main/INFO][m [36m(FabricLoader/Mappings)[m [0mMappings not present!
[m[34m[11:42:14][m [32m[main/INFO][m [36m(FabricLoader)[m [0mLoading 45 mods:
	- fabric-advancement-api-v1 1.0.0+38c7a2d55d
	- fabric-api 0.161.0+26.3
	- fabric-api-base 2.0.6+fcdff87f5d
	- fabric-api-lookup-api-v1 2.0.24+3434d6d95d
	- fabric-biome-api-v1 20.0.9+74ed1ea55d
	- fabric-block-api-v1 3.1.0+0ae6f9115d
	- fabric-block-getter-api-v2 2.0.9+3434d6d95d
	- fabric-command-api-v2 3.1.2+fcdff87f5d
	- fabric-content-registries-v0 15.0.4+74ed1ea55d
	- fabric-convention-tags-v2 4.10.3+6b5b47fd5d
	- fabric-crash-report-info-v1 1.0.7+fcdff87f5d
	- fabric-creative-tab-api-v1 5.0.21+fcdff87f5d
	- fabric-data-attachment-api-v1 2.2.30+3434d6d95d
	- fabric-data-generation-api-v1 27.2.4+427eab975d
	- fabric-debug-api-v1 1.0.4+3434d6d95d
	- fabric-dimensions-v1 5.1.19+47f74c985d
	- fabric-entity-events-v1 6.0.4+3434d6d95d
	- fabric-events-interaction-v0 5.3.6+3434d6d95d
	- fabric-game-rule-api-v1 4.0.10+3434d6d95d
	- fabric-gametest-api-v1 4.0.32+3434d6d95d
	- fabric-item-api-v1 14.7.0+cf6bc2db5d
	- fabric-lifecycle-events-v1 4.1.9+ffef5f675d
	- fabric-loot-api-v3 4.0.8+4068fd645d
	- fabric-menu-api-v1 2.0.27+ed66f0a35d
	- fabric-message-api-v1 7.0.10+3434d6d95d
	- fabric-networking-api-v1 6.3.8+fcdff87f5d
	- fabric-object-builder-api-v1 24.1.9+3434d6d95d
	- fabric-particles-v1 5.0.24+3434d6d95d
	- fabric-permission-api-v1 1.0.8+fcdff87f5d
	- fabric-recipe-api-v1 10.0.8+fcdff87f5d
	- fabric-registry-sync-v0 8.0.1+fcdff87f5d
	- fabric-rendering-fluids-v1 6.0.6+3434d6d95d
	- fabric-resource-conditions-api-v1 6.1.5+3434d6d95d
	- fabric-resource-loader-v0 3.3.26+4fc5413f5d
	- fabric-resource-loader-v1 3.0.4+fcdff87f5d
	- fabric-serialization-api-v1 2.0.7+74ed1ea55d
	- fabric-tag-api-v1 2.1.10+fcdff87f5d
	- fabric-transfer-api-v1 8.0.25+fcdff87f5d
	- fabric-transitive-access-wideners-v1 8.1.16+52268a0e5d
	- fabricloader 0.19.5
	- java 25
	- minecraft 26.3
	- mixinextras 0.5.5
	- wildcraft 0.1.0-dev.11
	- wildcraft-test 1.0.0
[m[34m[11:42:14][m [32m[main/INFO][m [36m(FabricLoader/Mixin)[m [0mSpongePowered MIXIN Subsystem Version=0.8.7 Source=file:/Volumes/%e4%bb%95%e4%ba%8b/Wildcraft/%e5%bc%80%e5%8f%91%e7%8e%af%e5%a2%83/cache/gradle/caches/modules-2/files-2.1/net.fabricmc/sponge-mixin/0.17.4+mixin.0.8.7/5f66cc9f59b8efaa942155a3d5a30599bf6640dd/sponge-mixin-0.17.4+mixin.0.8.7.jar Service=Knot/Fabric Env=SERVER
[m[34m[11:42:14][m [32m[main/INFO][m [36m(FabricLoader/MixinExtras|Service)[m [0mInitializing MixinExtras via com.llamalad7.mixinextras.service.MixinExtrasServiceImpl(version=0.5.5).
[m[34m[11:42:15][m [33m[main/WARN][m [36m(MacOperatingSystem)[m [0mUnable to parse version 27.0 to a codename.
[m[34m[11:42:18][m [32m[main/INFO][m [36m(wildcraft)[m [0mWildcraft P6 initialization complete; mechanics, energy, cooking, temperature and traversal registered.
[m[34m[11:42:18][m [32m[main/INFO][m [36m(Minecraft)[m [0mEnvironment: Environment[discoveryUrl=https://discovery.minecraftservices.com/minecraft/client, name=PROD]
[m[34m[11:42:18][m [32m[main/INFO][m [36m(FabricGameTestRunner)[m [0mStarting test server
[m[34m[11:42:19][m [32m[Worker-Main-7/INFO][m [36m(Minecraft)[m [0mLoaded 1872 advancements
[m[34m[11:42:19][m [32m[main/INFO][m [36m(BiomeModificationImpl)[m [0mApplied 0 biome modifications to 0 of 67 new biomes in 951.3 μs
[m[34m[11:42:19][m [32m[Server thread/INFO][m [36m(Minecraft)[m [0mSelecting global world spawn...
[m[34m[11:42:19][m [32m[Server thread/INFO][m [36m(Minecraft)[m [0mLoading 0 persistent chunks...
[m[34m[11:42:19][m [32m[Server thread/INFO][m [36m(Minecraft)[m [0mPreparing spawn area: 100%
[m[34m[11:42:19][m [32m[Server thread/INFO][m [36m(Minecraft)[m [0mTime elapsed: 81 ms
[m[34m[11:42:19][m [32m[Server thread/INFO][m [36m(Minecraft)[m [0mStarted game test server
[m[34m[11:42:19][m [32m[Server thread/INFO][m [36m(Minecraft)[m [0m49 tests are now running at position 12911369, 4, 8618733!
[m[34m[11:42:20][m [32m[Server thread/INFO][m [36m(Minecraft)[m [0mRunning test environment 'minecraft:default' batch 0 (49 tests)...
[m[34m[11:42:20][m [32m[Server thread/INFO][m [36m(Minecraft)[m [0mtest-mock-player[embedded] logged in with entity id 22 at (0.0, 0.0, 0.0)
[m[34m[11:42:20][m [32m[Server thread/INFO][m [36m(Minecraft)[m [0mSystem chat: test-mock-player joined the game
[m[34m[11:42:20][m [32m[Server thread/INFO][m [36m(Minecraft)[m [0mtest-mock-player[embedded] logged in with entity id 24 at (0.0, 0.0, 0.0)
[m[34m[11:42:20][m [32m[Server thread/INFO][m [36m(Minecraft)[m [0mSystem chat: test-mock-player joined the game
[m[34m[11:42:20][m [32m[Server thread/INFO][m [36m(Minecraft)[m [0mtest-mock-player[embedded] logged in with entity id 26 at (0.0, 0.0, 0.0)
[m[34m[11:42:20][m [32m[Server thread/INFO][m [36m(Minecraft)[m [0mSystem chat: test-mock-player joined the game
[m[34m[11:42:20][m [32m[Server thread/INFO][m [36m(Minecraft)[m [0mtest-mock-player[embedded] logged in with entity id 27 at (0.0, 0.0, 0.0)
[m[34m[11:42:20][m [32m[Server thread/INFO][m [36m(Minecraft)[m [0mSystem chat: test-mock-player joined the game
[m[34m[11:42:20][m [32m[Server thread/INFO][m [36m(Minecraft)[m [0mtest-mock-player[embedded] logged in with entity id 28 at (0.0, 0.0, 0.0)
[m[34m[11:42:20][m [32m[Server thread/INFO][m [36m(Minecraft)[m [0mSystem chat: test-mock-player joined the game
[m[34m[11:42:20][m [32m[Server thread/INFO][m [36m(Minecraft)[m [0mtest-mock-player[embedded] logged in with entity id 29 at (0.0, 0.0, 0.0)
[m[34m[11:42:20][m [32m[Server thread/INFO][m [36m(Minecraft)[m [0mSystem chat: test-mock-player joined the game
[m[34m[11:42:20][m [32m[Server thread/INFO][m [36m(Minecraft)[m [0mtest-mock-player[embedded] logged in with entity id 30 at (0.0, 0.0, 0.0)
[m[34m[11:42:20][m [32m[Server thread/INFO][m [36m(Minecraft)[m [0mSystem chat: test-mock-player joined the game
[m[34m[11:42:20][m [32m[Server thread/INFO][m [36m(Minecraft)[m [0mtest-mock-player[embedded] logged in with entity id 32 at (0.0, 0.0, 0.0)
[m[34m[11:42:20][m [32m[Server thread/INFO][m [36m(Minecraft)[m [0mSystem chat: test-mock-player joined the game
[m[34m[11:42:20][m [32m[Server thread/INFO][m [36m(Minecraft)[m [0mtest-mock-player[embedded] logged in with entity id 33 at (0.0, 0.0, 0.0)
[m[34m[11:42:20][m [32m[Server thread/INFO][m [36m(Minecraft)[m [0mSystem chat: test-mock-player joined the game
[m[34m[11:42:20][m [32m[Server thread/INFO][m [36m(Minecraft)[m [0mtest-mock-player[embedded] logged in with entity id 34 at (0.0, 0.0, 0.0)
[m[34m[11:42:20][m [32m[Server thread/INFO][m [36m(Minecraft)[m [0mSystem chat: test-mock-player joined the game
[m[34m[11:42:20][m [32m[Server thread/INFO][m [36m(Minecraft)[m [0mtest-mock-player[embedded] logged in with entity id 35 at (0.0, 0.0, 0.0)
[m[34m[11:42:20][m [32m[Server thread/INFO][m [36m(Minecraft)[m [0mSystem chat: test-mock-player joined the game
[m[34m[11:42:20][m [32m[Server thread/INFO][m [36m(Minecraft)[m [0mtest-mock-player[embedded] logged in with entity id 36 at (0.0, 0.0, 0.0)
[m[34m[11:42:20][m [32m[Server thread/INFO][m [36m(Minecraft)[m [0mSystem chat: test-mock-player joined the game
[m[34m[11:42:20][m [32m[Server thread/INFO][m [36m(Minecraft)[m [0mtest-mock-player[embedded] logged in with entity id 38 at (0.0, 0.0, 0.0)
[m[34m[11:42:20][m [32m[Server thread/INFO][m [36m(Minecraft)[m [0mSystem chat: test-mock-player joined the game
[m[34m[11:42:20][m [32m[Server thread/INFO][m [36m(Minecraft)[m [0mtest-mock-player[embedded] logged in with entity id 40 at (0.0, 0.0, 0.0)
[m[34m[11:42:20][m [32m[Server thread/INFO][m [36m(Minecraft)[m [0mSystem chat: test-mock-player joined the game
[m[34m[11:42:20][m [32m[Server thread/INFO][m [36m(Minecraft)[m [0mtest-mock-player[embedded] logged in with entity id 41 at (0.0, 0.0, 0.0)
[m[34m[11:42:20][m [32m[Server thread/INFO][m [36m(Minecraft)[m [0mSystem chat: test-mock-player joined the game
[m[34m[11:42:20][m [32m[Server thread/INFO][m [36m(Minecraft)[m [0mtest-mock-player[embedded] logged in with entity id 42 at (0.0, 0.0, 0.0)
[m[34m[11:42:20][m [32m[Server thread/INFO][m [36m(Minecraft)[m [0mSystem chat: test-mock-player joined the game
[m[34m[11:42:20][m [32m[Server thread/INFO][m [36m(Minecraft)[m [0mtest-mock-player[embedded] logged in with entity id 43 at (0.0, 0.0, 0.0)
[m[34m[11:42:20][m [32m[Server thread/INFO][m [36m(Minecraft)[m [0mSystem chat: test-mock-player joined the game
[m[34m[11:42:20][m [32m[Server thread/INFO][m [36m(Minecraft)[m [0mtest-mock-player[embedded] logged in with entity id 44 at (0.0, 0.0, 0.0)
[m[34m[11:42:20][m [32m[Server thread/INFO][m [36m(Minecraft)[m [0mSystem chat: test-mock-player joined the game
[m[34m[11:42:20][m [32m[Server thread/INFO][m [36m(Minecraft)[m [0mtest-mock-player[embedded] logged in with entity id 46 at (0.0, 0.0, 0.0)
[m[34m[11:42:20][m [32m[Server thread/INFO][m [36m(Minecraft)[m [0mSystem chat: test-mock-player joined the game
[m[34m[11:42:20][m [32m[Server thread/INFO][m [36m(Minecraft)[m [0mtest-mock-player[embedded] logged in with entity id 47 at (0.0, 0.0, 0.0)
[m[34m[11:42:20][m [32m[Server thread/INFO][m [36m(Minecraft)[m [0mSystem chat: test-mock-player joined the game
[m[34m[11:42:20][m [32m[Server thread/INFO][m [36m(Minecraft)[m [0mtest-mock-player[embedded] logged in with entity id 48 at (0.0, 0.0, 0.0)
[m[34m[11:42:20][m [32m[Server thread/INFO][m [36m(Minecraft)[m [0mSystem chat: test-mock-player joined the game
[m[34m[11:42:20][m [32m[Server thread/INFO][m [36m(Minecraft)[m [0mtest-mock-player[embedded] logged in with entity id 49 at (0.0, 0.0, 0.0)
[m[34m[11:42:20][m [32m[Server thread/INFO][m [36m(Minecraft)[m [0mSystem chat: test-mock-player joined the game
[m[34m[11:42:20][m [32m[Server thread/INFO][m [36m(Minecraft)[m [0m[STDOUT]: WILDCRAFT P4A sample probe: 100 samples 12.9475ms; block reads=27200
[m[34m[11:42:20][m [32m[Server thread/INFO][m [36m(Minecraft)[m [0mtest-mock-player[embedded] logged in with entity id 50 at (0.0, 0.0, 0.0)
[m[34m[11:42:20][m [32m[Server thread/INFO][m [36m(Minecraft)[m [0mSystem chat: test-mock-player joined the game
[m[34m[11:42:20][m [32m[Server thread/INFO][m [36m(Minecraft)[m [0mtest-mock-player[embedded] logged in with entity id 51 at (0.0, 0.0, 0.0)
[m[34m[11:42:20][m [32m[Server thread/INFO][m [36m(Minecraft)[m [0mSystem chat: test-mock-player joined the game
[m[34m[11:42:20][m [32m[Server thread/INFO][m [36m(Minecraft)[m [0mtest-mock-player[embedded] logged in with entity id 53 at (0.0, 0.0, 0.0)
[m[34m[11:42:20][m [32m[Server thread/INFO][m [36m(Minecraft)[m [0mSystem chat: test-mock-player joined the game
[m[34m[11:42:20][m [32m[Server thread/INFO][m [36m(Minecraft)[m [0mtest-mock-player[embedded] logged in with entity id 55 at (0.0, 0.0, 0.0)
[m[34m[11:42:20][m [32m[Server thread/INFO][m [36m(Minecraft)[m [0mSystem chat: test-mock-player joined the game
[m[34m[11:42:20][m [32m[Server thread/INFO][m [36m(Minecraft)[m [0mtest-mock-player[embedded] logged in with entity id 60 at (0.0, 0.0, 0.0)
[m[34m[11:42:20][m [32m[Server thread/INFO][m [36m(Minecraft)[m [0mSystem chat: test-mock-player joined the game
[m[34m[11:42:20][m [32m[Server thread/INFO][m [36m(Minecraft)[m [0mtest-mock-player[embedded] logged in with entity id 83 at (0.0, 0.0, 0.0)
[m[34m[11:42:20][m [32m[Server thread/INFO][m [36m(Minecraft)[m [0mSystem chat: test-mock-player joined the game
[m[34m[11:42:20][m [32m[Server thread/INFO][m [36m(Minecraft)[m [0mtest-mock-player[embedded] logged in with entity id 87 at (0.0, 0.0, 0.0)
[m[34m[11:42:20][m [32m[Server thread/INFO][m [36m(Minecraft)[m [0mSystem chat: test-mock-player joined the game
[m[34m[11:42:20][m [32m[Server thread/INFO][m [36m(Minecraft)[m [0mtest-mock-player[embedded] logged in with entity id 88 at (0.0, 0.0, 0.0)
[m[34m[11:42:20][m [32m[Server thread/INFO][m [36m(Minecraft)[m [0mSystem chat: test-mock-player joined the game
[m[34m[11:42:20][m [32m[Server thread/INFO][m [36m(Minecraft)[m [0mtest-mock-player[embedded] logged in with entity id 89 at (0.0, 0.0, 0.0)
[m[34m[11:42:20][m [32m[Server thread/INFO][m [36m(Minecraft)[m [0mSystem chat: test-mock-player joined the game
[m[34m[11:42:20][m [32m[Server thread/INFO][m [36m(Minecraft)[m [0mSystem chat: test-mock-player has made the advancement [Ol' Betsy]
[m[34m[11:42:20][m [32m[Server thread/INFO][m [36m(Minecraft)[m [0mtest-mock-player[embedded] logged in with entity id 91 at (0.0, 0.0, 0.0)
[m[34m[11:42:20][m [32m[Server thread/INFO][m [36m(Minecraft)[m [0mSystem chat: test-mock-player joined the game
[m[34m[11:42:20][m [32m[Server thread/INFO][m [36m(Minecraft)[m [0mtest-mock-player[embedded] logged in with entity id 92 at (0.0, 0.0, 0.0)
[m[34m[11:42:20][m [32m[Server thread/INFO][m [36m(Minecraft)[m [0mSystem chat: test-mock-player joined the game
[m[34m[11:42:20][m [32m[Server thread/INFO][m [36m(Minecraft)[m [0mtest-mock-player[embedded] logged in with entity id 94 at (0.0, 0.0, 0.0)
[m[34m[11:42:20][m [32m[Server thread/INFO][m [36m(Minecraft)[m [0mSystem chat: test-mock-player joined the game
[m[34m[11:42:20][m [32m[Server thread/INFO][m [36m(Minecraft)[m [0mtest-mock-player[embedded] logged in with entity id 96 at (0.0, 0.0, 0.0)
[m[34m[11:42:20][m [32m[Server thread/INFO][m [36m(Minecraft)[m [0mSystem chat: test-mock-player joined the game
[m[34m[11:42:20][m [32m[Server thread/INFO][m [36m(Minecraft)[m [0mtest-mock-player[embedded] logged in with entity id 98 at (0.0, 0.0, 0.0)
[m[34m[11:42:20][m [32m[Server thread/INFO][m [36m(Minecraft)[m [0mSystem chat: test-mock-player joined the game
[m[34m[11:42:20][m [32m[Server thread/INFO][m [36m(Minecraft)[m [0mtest-mock-player[embedded] logged in with entity id 100 at (0.0, 0.0, 0.0)
[m[34m[11:42:20][m [32m[Server thread/INFO][m [36m(Minecraft)[m [0mSystem chat: test-mock-player joined the game
[m[34m[11:42:20][m [32m[Server thread/INFO][m [36m(Minecraft)[m [0mtest-mock-player[embedded] logged in with entity id 102 at (0.0, 0.0, 0.0)
[m[34m[11:42:20][m [32m[Server thread/INFO][m [36m(Minecraft)[m [0mSystem chat: test-mock-player joined the game
[m[34m[11:42:20][m [32m[Server thread/INFO][m [36m(Minecraft)[m [0mtest-mock-player[embedded] logged in with entity id 104 at (0.0, 0.0, 0.0)
[m[34m[11:42:20][m [32m[Server thread/INFO][m [36m(Minecraft)[m [0mSystem chat: test-mock-player joined the game
[m[34m[11:42:20][m [32m[Server thread/INFO][m [36m(Minecraft)[m [0mtest-mock-player[embedded] logged in with entity id 106 at (0.0, 0.0, 0.0)
[m[34m[11:42:20][m [32m[Server thread/INFO][m [36m(Minecraft)[m [0mSystem chat: test-mock-player joined the game
[m[34m[11:42:20][m [32m[Server thread/INFO][m [36m(Minecraft)[m [0mtest-mock-player[embedded] logged in with entity id 108 at (0.0, 0.0, 0.0)
[m[34m[11:42:20][m [32m[Server thread/INFO][m [36m(Minecraft)[m [0mSystem chat: test-mock-player joined the game
[m[34m[11:42:20][m [32m[Server thread/INFO][m [36m(Minecraft)[m [0mtest-mock-player[embedded] logged in with entity id 110 at (0.0, 0.0, 0.0)
[m[34m[11:42:20][m [32m[Server thread/INFO][m [36m(Minecraft)[m [0mSystem chat: test-mock-player joined the game
[m[34m[11:42:20][m [32m[Server thread/INFO][m [36m(Minecraft)[m [0mtest-mock-player[embedded] logged in with entity id 112 at (0.0, 0.0, 0.0)
[m[34m[11:42:20][m [32m[Server thread/INFO][m [36m(Minecraft)[m [0mSystem chat: test-mock-player joined the game
[m[34m[11:42:20][m [32m[Server thread/INFO][m [36m(Minecraft)[m [0mtest-mock-player[embedded] logged in with entity id 114 at (0.0, 0.0, 0.0)
[m[34m[11:42:20][m [32m[Server thread/INFO][m [36m(Minecraft)[m [0mSystem chat: test-mock-player joined the game
[m[34m[11:42:20][m [32m[Server thread/INFO][m [36m(Minecraft)[m [0mtest-mock-player[embedded] logged in with entity id 116 at (0.0, 0.0, 0.0)
[m[34m[11:42:20][m [32m[Server thread/INFO][m [36m(Minecraft)[m [0mSystem chat: test-mock-player joined the game
[m[34m[11:42:20][m [32m[Server thread/INFO][m [36m(Minecraft)[m [0mtest-mock-player[embedded] logged in with entity id 118 at (0.0, 0.0, 0.0)
[m[34m[11:42:20][m [32m[Server thread/INFO][m [36m(Minecraft)[m [0mSystem chat: test-mock-player joined the game
[m[34m[11:42:20][m [32m[Server thread/INFO][m [36m(Minecraft)[m [0mtest-mock-player[embedded] logged in with entity id 120 at (0.0, 0.0, 0.0)
[m[34m[11:42:20][m [32m[Server thread/INFO][m [36m(Minecraft)[m [0mSystem chat: test-mock-player joined the game
[m[34m[11:42:20][m [32m[Server thread/INFO][m [36m(Minecraft)[m [0mtest-mock-player[embedded] logged in with entity id 122 at (0.0, 0.0, 0.0)
[m[34m[11:42:20][m [32m[Server thread/INFO][m [36m(Minecraft)[m [0mSystem chat: test-mock-player joined the game
[m[34m[11:42:20][m [32m[Server thread/INFO][m [36m(Minecraft)[m [0mtest-mock-player[embedded] logged in with entity id 124 at (0.0, 0.0, 0.0)
[m[34m[11:42:20][m [32m[Server thread/INFO][m [36m(Minecraft)[m [0mSystem chat: test-mock-player joined the game
[m[34m[11:42:20][m [32m[Server thread/INFO][m [36m(Minecraft)[m [0mtest-mock-player[embedded] logged in with entity id 126 at (0.0, 0.0, 0.0)
[m[34m[11:42:20][m [32m[Server thread/INFO][m [36m(Minecraft)[m [0mSystem chat: test-mock-player joined the game
[m[34m[11:42:20][m [32m[Server thread/INFO][m [36m(Minecraft)[m [0mtest-mock-player[embedded] logged in with entity id 128 at (0.0, 0.0, 0.0)
[m[34m[11:42:20][m [32m[Server thread/INFO][m [36m(Minecraft)[m [0mSystem chat: test-mock-player joined the game
[m[34m[11:42:20][m [32m[Server thread/INFO][m [36m(Minecraft)[m [0mtest-mock-player[embedded] logged in with entity id 130 at (0.0, 0.0, 0.0)
[m[34m[11:42:20][m [32m[Server thread/INFO][m [36m(Minecraft)[m [0mSystem chat: test-mock-player joined the game
[m[34m[11:42:20][m [32m[Server thread/INFO][m [36m(Minecraft)[m [0mtest-mock-player[embedded] logged in with entity id 131 at (0.0, 0.0, 0.0)
[m[34m[11:42:20][m [32m[Server thread/INFO][m [36m(Minecraft)[m [0mSystem chat: test-mock-player joined the game
[m[34m[11:42:20][m [32m[Server thread/INFO][m [36m(Minecraft)[m [0mtest-mock-player[embedded] logged in with entity id 132 at (0.0, 0.0, 0.0)
[m[34m[11:42:20][m [32m[Server thread/INFO][m [36m(Minecraft)[m [0mSystem chat: test-mock-player joined the game
[m[34m[11:42:20][m [32m[Server thread/INFO][m [36m(Minecraft)[m [0mtest-mock-player[embedded] logged in with entity id 136 at (0.0, 0.0, 0.0)
[m[34m[11:42:20][m [32m[Server thread/INFO][m [36m(Minecraft)[m [0mSystem chat: test-mock-player joined the game
[m[34m[11:42:20][m [32m[Server thread/INFO][m [36m(Minecraft)[m [0mtest-mock-player[embedded] logged in with entity id 137 at (0.0, 0.0, 0.0)
[m[34m[11:42:20][m [32m[Server thread/INFO][m [36m(Minecraft)[m [0mSystem chat: test-mock-player joined the game
[m[34m[11:42:20][m [32m[Server thread/INFO][m [36m(Minecraft)[m [0mtest-mock-player[embedded] logged in with entity id 139 at (0.0, 0.0, 0.0)
[m[34m[11:42:20][m [32m[Server thread/INFO][m [36m(Minecraft)[m [0mSystem chat: test-mock-player joined the game
[m[34m[11:42:20][m [32m[Server thread/INFO][m [36m(Minecraft)[m [0mtest-mock-player[embedded] logged in with entity id 141 at (0.0, 0.0, 0.0)
[m[34m[11:42:20][m [32m[Server thread/INFO][m [36m(Minecraft)[m [0mSystem chat: test-mock-player joined the game
[m[34m[11:42:20][m [32m[Server thread/INFO][m [36m(Minecraft)[m [0mtest-mock-player[embedded] logged in with entity id 143 at (0.0, 0.0, 0.0)
[m[34m[11:42:20][m [32m[Server thread/INFO][m [36m(Minecraft)[m [0mSystem chat: test-mock-player joined the game
[m[34m[11:42:20][m [32m[Server thread/INFO][m [36m(Minecraft)[m [0mtest-mock-player[embedded] logged in with entity id 145 at (0.0, 0.0, 0.0)
[m[34m[11:42:20][m [32m[Server thread/INFO][m [36m(Minecraft)[m [0mSystem chat: test-mock-player joined the game
[m[34m[11:42:20][m [32m[Server thread/INFO][m [36m(Minecraft)[m [0mtest-mock-player[embedded] logged in with entity id 148 at (0.0, 0.0, 0.0)
[m[34m[11:42:20][m [32m[Server thread/INFO][m [36m(Minecraft)[m [0mSystem chat: test-mock-player joined the game
[m[34m[11:42:20][m [32m[Server thread/INFO][m [36m(Minecraft)[m [0m[++_++++++++++_+_++++++++++++++++++++++++++++_+++_]
[m[34m[11:42:20][m [32m[Server thread/INFO][m [36m(Minecraft)[m [0m[++_+++++++++++++++++++++++++++++++++++++++++_+++_]
[m[34m[11:42:21][m [32m[Server thread/INFO][m [36m(Minecraft)[m [0m[++++++++++++++++++++++++++++++++++++++++++++_++++]
[m[34m[11:42:21][m [32m[Server thread/INFO][m [36m(Minecraft)[m [0m[+++++++++++++++++++++++++++++++++++++++++++++++++]
[m[34m[11:42:21][m [32m[Server thread/INFO][m [36m(Minecraft)[m [0m========= 49 GAME TESTS COMPLETE IN 1.669 s ======================
[m[34m[11:42:21][m [32m[Server thread/INFO][m [36m(Minecraft)[m [0mAll 49 required tests passed :)
[m[34m[11:42:21][m [32m[Server thread/INFO][m [36m(Minecraft)[m [0m====================================================
[m[34m[11:42:21][m [32m[Server thread/INFO][m [36m(Minecraft)[m [0mStopping server
[m[34m[11:42:21][m [32m[Server thread/INFO][m [36m(Minecraft)[m [0mSaving players
[m[34m[11:42:21][m [32m[Server thread/INFO][m [36m(Minecraft)[m [0mtest-mock-player lost connection: Server closed
[m[34m[11:42:21][m [32m[Server thread/INFO][m [36m(Minecraft)[m [0mSystem chat: test-mock-player left the game
[m[34m[11:42:21][m [32m[Server thread/INFO][m [36m(Minecraft)[m [0mtest-mock-player lost connection: Server closed
[m[34m[11:42:21][m [32m[Server thread/INFO][m [36m(Minecraft)[m [0mSystem chat: test-mock-player left the game
[m[34m[11:42:21][m [32m[Server thread/INFO][m [36m(Minecraft)[m [0mtest-mock-player lost connection: Server closed
[m[34m[11:42:21][m [32m[Server thread/INFO][m [36m(Minecraft)[m [0mSystem chat: test-mock-player left the game
[m[34m[11:42:21][m [32m[Server thread/INFO][m [36m(Minecraft)[m [0mtest-mock-player lost connection: Server closed
[m[34m[11:42:21][m [32m[Server thread/INFO][m [36m(Minecraft)[m [0mSystem chat: test-mock-player left the game
[m[34m[11:42:21][m [32m[Server thread/INFO][m [36m(Minecraft)[m [0mtest-mock-player lost connection: Server closed
[m[34m[11:42:21][m [32m[Server thread/INFO][m [36m(Minecraft)[m [0mSystem chat: test-mock-player left the game
[m[34m[11:42:21][m [32m[Server thread/INFO][m [36m(Minecraft)[m [0mtest-mock-player lost connection: Server closed
[m[34m[11:42:21][m [32m[Server thread/INFO][m [36m(Minecraft)[m [0mSystem chat: test-mock-player left the game
[m[34m[11:42:21][m [32m[Server thread/INFO][m [36m(Minecraft)[m [0mtest-mock-player lost connection: Server closed
[m[34m[11:42:21][m [32m[Server thread/INFO][m [36m(Minecraft)[m [0mSystem chat: test-mock-player left the game
[m[34m[11:42:21][m [32m[Server thread/INFO][m [36m(Minecraft)[m [0mtest-mock-player lost connection: Server closed
[m[34m[11:42:21][m [32m[Server thread/INFO][m [36m(Minecraft)[m [0mSystem chat: test-mock-player left the game
[m[34m[11:42:21][m [32m[Server thread/INFO][m [36m(Minecraft)[m [0mtest-mock-player lost connection: Server closed
[m[34m[11:42:21][m [32m[Server thread/INFO][m [36m(Minecraft)[m [0mSystem chat: test-mock-player left the game
[m[34m[11:42:21][m [32m[Server thread/INFO][m [36m(Minecraft)[m [0mtest-mock-player lost connection: Server closed
[m[34m[11:42:21][m [32m[Server thread/INFO][m [36m(Minecraft)[m [0mSystem chat: test-mock-player left the game
[m[34m[11:42:21][m [32m[Server thread/INFO][m [36m(Minecraft)[m [0mtest-mock-player lost connection: Server closed
[m[34m[11:42:21][m [32m[Server thread/INFO][m [36m(Minecraft)[m [0mSystem chat: test-mock-player left the game
[m[34m[11:42:21][m [32m[Server thread/INFO][m [36m(Minecraft)[m [0mtest-mock-player lost connection: Server closed
[m[34m[11:42:21][m [32m[Server thread/INFO][m [36m(Minecraft)[m [0mSystem chat: test-mock-player left the game
[m[34m[11:42:21][m [32m[Server thread/INFO][m [36m(Minecraft)[m [0mtest-mock-player lost connection: Server closed
[m[34m[11:42:21][m [32m[Server thread/INFO][m [36m(Minecraft)[m [0mSystem chat: test-mock-player left the game
[m[34m[11:42:21][m [32m[Server thread/INFO][m [36m(Minecraft)[m [0mtest-mock-player lost connection: Server closed
[m[34m[11:42:21][m [32m[Server thread/INFO][m [36m(Minecraft)[m [0mSystem chat: test-mock-player left the game
[m[34m[11:42:21][m [32m[Server thread/INFO][m [36m(Minecraft)[m [0mtest-mock-player lost connection: Server closed
[m[34m[11:42:21][m [32m[Server thread/INFO][m [36m(Minecraft)[m [0mSystem chat: test-mock-player left the game
[m[34m[11:42:21][m [32m[Server thread/INFO][m [36m(Minecraft)[m [0mtest-mock-player lost connection: Server closed
[m[34m[11:42:21][m [32m[Server thread/INFO][m [36m(Minecraft)[m [0mSystem chat: test-mock-player left the game
[m[34m[11:42:21][m [32m[Server thread/INFO][m [36m(Minecraft)[m [0mtest-mock-player lost connection: Server closed
[m[34m[11:42:21][m [32m[Server thread/INFO][m [36m(Minecraft)[m [0mSystem chat: test-mock-player left the game
[m[34m[11:42:21][m [32m[Server thread/INFO][m [36m(Minecraft)[m [0mtest-mock-player lost connection: Server closed
[m[34m[11:42:21][m [32m[Server thread/INFO][m [36m(Minecraft)[m [0mSystem chat: test-mock-player left the game
[m[34m[11:42:21][m [32m[Server thread/INFO][m [36m(Minecraft)[m [0mtest-mock-player lost connection: Server closed
[m[34m[11:42:21][m [32m[Server thread/INFO][m [36m(Minecraft)[m [0mSystem chat: test-mock-player left the game
[m[34m[11:42:21][m [32m[Server thread/INFO][m [36m(Minecraft)[m [0mtest-mock-player lost connection: Server closed
[m[34m[11:42:21][m [32m[Server thread/INFO][m [36m(Minecraft)[m [0mSystem chat: test-mock-player left the game
[m[34m[11:42:21][m [32m[Server thread/INFO][m [36m(Minecraft)[m [0mtest-mock-player lost connection: Server closed
[m[34m[11:42:21][m [32m[Server thread/INFO][m [36m(Minecraft)[m [0mSystem chat: test-mock-player left the game
[m[34m[11:42:21][m [32m[Server thread/INFO][m [36m(Minecraft)[m [0mtest-mock-player lost connection: Server closed
[m[34m[11:42:21][m [32m[Server thread/INFO][m [36m(Minecraft)[m [0mSystem chat: test-mock-player left the game
[m[34m[11:42:21][m [32m[Server thread/INFO][m [36m(Minecraft)[m [0mtest-mock-player lost connection: Server closed
[m[34m[11:42:21][m [32m[Server thread/INFO][m [36m(Minecraft)[m [0mSystem chat: test-mock-player left the game
[m[34m[11:42:21][m [32m[Server thread/INFO][m [36m(Minecraft)[m [0mtest-mock-player lost connection: Server closed
[m[34m[11:42:21][m [32m[Server thread/INFO][m [36m(Minecraft)[m [0mSystem chat: test-mock-player left the game
[m[34m[11:42:21][m [32m[Server thread/INFO][m [36m(Minecraft)[m [0mtest-mock-player lost connection: Server closed
[m[34m[11:42:21][m [32m[Server thread/INFO][m [36m(Minecraft)[m [0mSystem chat: test-mock-player left the game
[m[34m[11:42:21][m [32m[Server thread/INFO][m [36m(Minecraft)[m [0mtest-mock-player lost connection: Server closed
[m[34m[11:42:21][m [32m[Server thread/INFO][m [36m(Minecraft)[m [0mSystem chat: test-mock-player left the game
[m[34m[11:42:21][m [32m[Server thread/INFO][m [36m(Minecraft)[m [0mtest-mock-player lost connection: Server closed
[m[34m[11:42:21][m [32m[Server thread/INFO][m [36m(Minecraft)[m [0mSystem chat: test-mock-player left the game
[m[34m[11:42:21][m [32m[Server thread/INFO][m [36m(Minecraft)[m [0mtest-mock-player lost connection: Server closed
[m[34m[11:42:21][m [32m[Server thread/INFO][m [36m(Minecraft)[m [0mSystem chat: test-mock-player left the game
[m[34m[11:42:21][m [32m[Server thread/INFO][m [36m(Minecraft)[m [0mtest-mock-player lost connection: Server closed
[m[34m[11:42:21][m [32m[Server thread/INFO][m [36m(Minecraft)[m [0mSystem chat: test-mock-player left the game
[m[34m[11:42:21][m [32m[Server thread/INFO][m [36m(Minecraft)[m [0mtest-mock-player lost connection: Server closed
[m[34m[11:42:21][m [32m[Server thread/INFO][m [36m(Minecraft)[m [0mSystem chat: test-mock-player left the game
[m[34m[11:42:21][m [32m[Server thread/INFO][m [36m(Minecraft)[m [0mtest-mock-player lost connection: Server closed
[m[34m[11:42:21][m [32m[Server thread/INFO][m [36m(Minecraft)[m [0mSystem chat: test-mock-player left the game
[m[34m[11:42:21][m [32m[Server thread/INFO][m [36m(Minecraft)[m [0mSaving worlds
[m[34m[11:42:21][m [32m[Server thread/INFO][m [36m(Minecraft)[m [0mSaving chunks for level 'ServerLevel[Test Level]'/minecraft:overworld
[m[34m[11:42:21][m [32m[Server thread/INFO][m [36m(Minecraft)[m [0mSaving chunks for level 'ServerLevel[Test Level]'/minecraft:the_end
[m[34m[11:42:21][m [32m[Server thread/INFO][m [36m(Minecraft)[m [0mSaving chunks for level 'ServerLevel[Test Level]'/minecraft:the_nether
[m[34m[11:42:21][m [32m[Server thread/INFO][m [36m(Minecraft)[m [0mGame test server shutting down
[m
> Task :gameTestJar UP-TO-DATE
> Task :mechanicsTestMetadata
> Task :mechanicsTestJar
> Task :compileTestJava NO-SOURCE
> Task :processTestResources NO-SOURCE
> Task :testClasses UP-TO-DATE
> Task :test NO-SOURCE
> Task :validateAccessWidener NO-SOURCE
> Task :compileRulesTestJava UP-TO-DATE
> Task :processRulesTestResources NO-SOURCE
> Task :rulesTestClasses UP-TO-DATE

> Task :verifyRules
WILDCRAFT P3.2 active clock: 10 cases passed; 5/10/20/60Hz, pause, resume, stall, duplicate
WILDCRAFT stamina numerical checks passed: 13 examples + 1000 bound/monotonicity cases

> Task :verifyTemperatureRules
WILDCRAFT P4A temperature: climate/water/limits, 30/60/120fps, 1000 hysteresis and 7000 interpolation checks passed

> Task :check
> Task :exportMod
> Task :build
> Task :downloadAssets UP-TO-DATE

> Task :runMechanicsClientTest
[11:42:22] [main/INFO]: Loading Minecraft 26.3 with Fabric Loader 0.19.5
[11:42:22] [main/INFO]: Mappings not present!
[11:42:22] [main/INFO]: Loading 53 mods:
	- fabric-advancement-api-v1 1.0.0+38c7a2d55d
	- fabric-api 0.161.0+26.3
	- fabric-api-base 2.0.6+fcdff87f5d
	- fabric-api-lookup-api-v1 2.0.24+3434d6d95d
	- fabric-biome-api-v1 20.0.9+74ed1ea55d
	- fabric-block-api-v1 3.1.0+0ae6f9115d
	- fabric-block-getter-api-v2 2.0.9+3434d6d95d
	- fabric-client-gametest-api-v1 6.0.7+4be74c3f5d
	- fabric-command-api-v2 3.1.2+fcdff87f5d
	- fabric-content-registries-v0 15.0.4+74ed1ea55d
	- fabric-convention-tags-v2 4.10.3+6b5b47fd5d
	- fabric-crash-report-info-v1 1.0.7+fcdff87f5d
	- fabric-creative-tab-api-v1 5.0.21+fcdff87f5d
	- fabric-data-attachment-api-v1 2.2.30+3434d6d95d
	- fabric-data-generation-api-v1 27.2.4+427eab975d
	- fabric-debug-api-v1 1.0.4+3434d6d95d
	- fabric-dimensions-v1 5.1.19+47f74c985d
	- fabric-entity-events-v1 6.0.4+3434d6d95d
	- fabric-events-interaction-v0 5.3.6+3434d6d95d
	- fabric-game-rule-api-v1 4.0.10+3434d6d95d
	- fabric-gametest-api-v1 4.0.32+3434d6d95d
	- fabric-item-api-v1 14.7.0+cf6bc2db5d
	- fabric-key-mapping-api-v1 2.0.8+3434d6d95d
	- fabric-lifecycle-events-v1 4.1.9+ffef5f675d
	- fabric-loot-api-v3 4.0.8+4068fd645d
	- fabric-menu-api-v1 2.0.27+ed66f0a35d
	- fabric-message-api-v1 7.0.10+3434d6d95d
	- fabric-model-loading-api-v1 8.0.35+fcdff87f5d
	- fabric-networking-api-v1 6.3.8+fcdff87f5d
	- fabric-object-builder-api-v1 24.1.9+3434d6d95d
	- fabric-particles-v1 5.0.24+3434d6d95d
	- fabric-permission-api-v1 1.0.8+fcdff87f5d
	- fabric-recipe-api-v1 10.0.8+fcdff87f5d
	- fabric-registry-sync-v0 8.0.1+fcdff87f5d
	- fabric-renderer-api-v1 17.0.15+79385d0b5d
	- fabric-renderer-indigo 9.1.23+b9d63e335d
	- fabric-rendering-fluids-v1 6.0.6+3434d6d95d
	- fabric-rendering-v1 27.0.14+901a437c5d
	- fabric-resource-conditions-api-v1 6.1.5+3434d6d95d
	- fabric-resource-loader-v0 3.3.26+4fc5413f5d
	- fabric-resource-loader-v1 3.0.4+fcdff87f5d
	- fabric-screen-api-v1 5.2.4+48607d035d
	- fabric-serialization-api-v1 2.0.7+74ed1ea55d
	- fabric-sound-api-v1 2.0.7+3434d6d95d
	- fabric-tag-api-v1 2.1.10+fcdff87f5d
	- fabric-transfer-api-v1 8.0.25+fcdff87f5d
	- fabric-transitive-access-wideners-v1 8.1.16+52268a0e5d
	- fabricloader 0.19.5
	   \-- mixinextras 0.5.5
	- java 25
	- minecraft 26.3
	- wildcraft 0.1.0-dev.11
	- wildcraft-test 1.0.0
[11:42:22] [main/INFO]: SpongePowered MIXIN Subsystem Version=0.8.7 Source=file:/Volumes/%e4%bb%95%e4%ba%8b/Wildcraft/%e5%bc%80%e5%8f%91%e7%8e%af%e5%a2%83/cache/gradle/caches/modules-2/files-2.1/net.fabricmc/sponge-mixin/0.17.4+mixin.0.8.7/5f66cc9f59b8efaa942155a3d5a30599bf6640dd/sponge-mixin-0.17.4+mixin.0.8.7.jar Service=Knot/Fabric Env=CLIENT
WARNING: A restricted method in java.lang.System has been called
WARNING: java.lang.System::load has been called by org.lwjgl.system.Library$$Lambda/0x000000f801090cd8 in an unnamed module (file:/Volumes/%E4%BB%95%E4%BA%8B/Wildcraft/%E5%BC%80%E5%8F%91%E7%8E%AF%E5%A2%83/cache/gradle/caches/modules-2/files-2.1/org.lwjgl/lwjgl/3.4.3/7ab5265a73d8a959ed62332d546536ae6be2f0d5/lwjgl-3.4.3.jar)
WARNING: Use --enable-native-access=ALL-UNNAMED to avoid a warning for callers in this module
WARNING: Restricted methods will be blocked in a future release unless native access is enabled

WARNING: A terminally deprecated method in sun.misc.Unsafe has been called
WARNING: sun.misc.Unsafe::objectFieldOffset has been called by org.lwjgl.system.MemoryBackendUnsafeLegacy (file:/Volumes/%E4%BB%95%E4%BA%8B/Wildcraft/%E5%BC%80%E5%8F%91%E7%8E%AF%E5%A2%83/cache/gradle/caches/modules-2/files-2.1/org.lwjgl/lwjgl/3.4.3/7ab5265a73d8a959ed62332d546536ae6be2f0d5/lwjgl-3.4.3.jar)
WARNING: Please consider reporting this to the maintainers of class org.lwjgl.system.MemoryBackendUnsafeLegacy
WARNING: sun.misc.Unsafe::objectFieldOffset will be removed in a future release
[11:42:23] [main/INFO]: Initializing MixinExtras via com.llamalad7.mixinextras.service.MixinExtrasServiceImpl(version=0.5.5).
[11:42:23] [Datafixer Bootstrap #0/INFO]: 307 Datafixer optimizations took 190 milliseconds
[11:42:24] [main/WARN]: Unable to parse version 27.0 to a codename.
[11:42:26] [Render thread/INFO]: Environment: Environment[discoveryUrl=https://discovery.minecraftservices.com/minecraft/client, name=PROD]
[11:42:26] [Render thread/INFO]: Setting user: Player86
[11:42:26] [Render thread/INFO]: Wildcraft P6 initialization complete; mechanics, energy, cooking, temperature and traversal registered.
[11:42:26] [Render thread/INFO]: [Indigo] Registering Indigo renderer!
[11:42:26] [Render thread/INFO]: Wildcraft core art v1 client initialization complete; HUD, authored poses, traversal and equipment layers registered.
[11:42:26] [Render thread/ERROR]: Illegal option value 0 for Anisotropic Filtering
[11:42:26] [Render thread/INFO]: Backend library: LWJGL version 3.4.3-snapshot
[11:42:26] [Render thread/INFO]: SDL [SYSTEM]: App name: Minecraft
[11:42:26] [Render thread/INFO]: SDL [SYSTEM]: App version: 26.3
[11:42:26] [Render thread/INFO]: SDL [SYSTEM]: App ID: com.mojang.minecraft
[11:42:26] [Render thread/INFO]: SDL [SYSTEM]: SDL revision: SDL-3.4.14-62f10da
[11:42:27] [Render thread/WARN]: Device [Apple M4] supports all extensions from FeatureSet [Vulkan Portability Subset], making required
[11:42:27] [Render thread/INFO]: Using graphics backend OpenGL, using drivers: 4.1 Metal - 91.7
[11:42:27] [Render thread/INFO]: Using graphics device: Apple M4 (Apple)
[11:42:27] [Render thread/INFO]: Using graphics device extensions: GL_ARB_draw_indirect, GL_EXT_texture_filter_anisotropic
[11:42:27] [Render thread/INFO]: Created window using SDL video driver: cocoa
[11:42:29] [Download-2/ERROR]: Failed to fetch user properties
com.mojang.authlib.exceptions.InvalidCredentialsException: Status: 401
	at knot//com.mojang.authlib.exceptions.MinecraftClientHttpException.toAuthenticationException(MinecraftClientHttpException.java:70)
	at knot//com.mojang.authlib.services.MinecraftServicesUserApiService.fetchProperties(MinecraftServicesUserApiService.java:168)
	at knot//net.minecraft.client.Minecraft.lambda$new$1(Minecraft.java:451)
	at java.base/java.util.concurrent.CompletableFuture$AsyncSupply.run(CompletableFuture.java:1789)
	at java.base/java.util.concurrent.ThreadPoolExecutor.runWorker(ThreadPoolExecutor.java:1090)
	at java.base/java.util.concurrent.ThreadPoolExecutor$Worker.run(ThreadPoolExecutor.java:614)
	at java.base/java.lang.Thread.run(Thread.java:1474)
Caused by: MinecraftClientHttpException[type=HTTP_ERROR, status=401, response=ErrorResponse[path=/player/attributes, error=null, errorMessage=null, details=null]]
	at knot//com.mojang.authlib.minecraft.client.MinecraftClient.buildHttpException(MinecraftClient.java:170)
	at knot//com.mojang.authlib.minecraft.client.MinecraftClient.readServiceResponse(MinecraftClient.java:147)
	at knot//com.mojang.authlib.minecraft.client.MinecraftClient.getWithEtag(MinecraftClient.java:81)
	at knot//com.mojang.authlib.minecraft.client.MinecraftClient.get(MinecraftClient.java:65)
	at knot//com.mojang.authlib.services.MinecraftServicesUserApiService.fetchProperties(MinecraftServicesUserApiService.java:118)
	... 5 more
[11:42:29] [Render thread/INFO]: Reloading ResourceManager: vanilla, vanilla, fabric-advancement-api-v1, fabric-api, fabric-api-base, fabric-api-lookup-api-v1, fabric-biome-api-v1, fabric-block-api-v1, fabric-block-getter-api-v2, fabric-client-gametest-api-v1, fabric-command-api-v2, fabric-content-registries-v0, fabric-convention-tags-v2, fabric-crash-report-info-v1, fabric-creative-tab-api-v1, fabric-data-attachment-api-v1, fabric-data-generation-api-v1, fabric-debug-api-v1, fabric-dimensions-v1, fabric-entity-events-v1, fabric-events-interaction-v0, fabric-game-rule-api-v1, fabric-gametest-api-v1, fabric-item-api-v1, fabric-key-mapping-api-v1, fabric-lifecycle-events-v1, fabric-loot-api-v3, fabric-menu-api-v1, fabric-message-api-v1, fabric-model-loading-api-v1, fabric-networking-api-v1, fabric-object-builder-api-v1, fabric-particles-v1, fabric-permission-api-v1, fabric-recipe-api-v1, fabric-registry-sync-v0, fabric-renderer-api-v1, fabric-renderer-indigo, fabric-rendering-fluids-v1, fabric-rendering-v1, fabric-resource-conditions-api-v1, fabric-resource-loader-v0, fabric-resource-loader-v1, fabric-screen-api-v1, fabric-serialization-api-v1, fabric-sound-api-v1, fabric-tag-api-v1, fabric-transfer-api-v1, fabric-transitive-access-wideners-v1, fabricloader, wildcraft, wildcraft-test
UNSUPPORTED (log once): gldCopyBufferSubData: NEEDS IMPLEMENTATION
[11:42:29] [Worker-Main-3/INFO]: Found unifont_all_no_pua-17.0.01.hex, loading
[11:42:29] [Worker-Main-7/INFO]: Found unifont_jp_patch-17.0.01.hex, loading
[11:42:29] [Worker-Main-2/INFO]: Found unifont_pua-17.0.01.hex, loading
[11:42:30] [Render thread/INFO]: Info log when linking program containing VERTEX minecraft:core/terrain, FRAGMENT minecraft:core/terrain. Log output: WARNING: Output of vertex shader '_interface_variable_01' not read by fragment shader
WARNING: Output of vertex shader '_interface_variable_00' not read by fragment shader
WARNING: Output of vertex shader '_interface_variable_04' not read by fragment shader

[11:42:30] [Render thread/INFO]: Info log when linking program containing VERTEX minecraft:core/rendertype_crumbling, FRAGMENT minecraft:core/rendertype_crumbling. Log output: WARNING: Output of vertex shader '_interface_variable_01' not read by fragment shader
WARNING: Output of vertex shader '_interface_variable_00' not read by fragment shader

[11:42:30] [Render thread/INFO]: Info log when linking program containing VERTEX minecraft:core/entity, FRAGMENT minecraft:core/entity. Log output: WARNING: Output of vertex shader '_interface_variable_01' not read by fragment shader
WARNING: Output of vertex shader '_interface_variable_00' not read by fragment shader

[11:42:30] [Render thread/INFO]: Info log when linking program containing VERTEX minecraft:core/rendertype_lines, FRAGMENT minecraft:core/rendertype_lines. Log output: WARNING: Output of vertex shader '_interface_variable_01' not read by fragment shader
WARNING: Output of vertex shader '_interface_variable_00' not read by fragment shader

[11:42:30] [Render thread/INFO]: Info log when linking program containing VERTEX minecraft:core/entity, FRAGMENT minecraft:core/entity. Log output: WARNING: Output of vertex shader '_interface_variable_01' not read by fragment shader
WARNING: Output of vertex shader '_interface_variable_00' not read by fragment shader

[11:42:30] [Render thread/INFO]: Info log when linking program containing VERTEX minecraft:core/terrain, FRAGMENT minecraft:core/terrain. Log output: WARNING: Output of vertex shader '_interface_variable_01' not read by fragment shader
WARNING: Output of vertex shader '_interface_variable_00' not read by fragment shader
WARNING: Output of vertex shader '_interface_variable_04' not read by fragment shader

[11:42:30] [Render thread/INFO]: Info log when linking program containing VERTEX minecraft:core/text, FRAGMENT minecraft:core/text. Log output: WARNING: Output of vertex shader '_interface_variable_01' not read by fragment shader
WARNING: Output of vertex shader '_interface_variable_00' not read by fragment shader

[11:42:30] [Render thread/INFO]: Info log when linking program containing VERTEX minecraft:core/text, FRAGMENT minecraft:core/text. Log output: WARNING: Output of vertex shader '_interface_variable_01' not read by fragment shader
WARNING: Output of vertex shader '_interface_variable_00' not read by fragment shader

[11:42:30] [Render thread/INFO]: Info log when linking program containing VERTEX minecraft:core/entity, FRAGMENT minecraft:core/entity. Log output: WARNING: Output of vertex shader '_interface_variable_01' not read by fragment shader
WARNING: Output of vertex shader '_interface_variable_00' not read by fragment shader

[11:42:30] [Render thread/INFO]: Info log when linking program containing VERTEX minecraft:core/block, FRAGMENT minecraft:core/block. Log output: WARNING: Output of vertex shader '_interface_variable_01' not read by fragment shader
WARNING: Output of vertex shader '_interface_variable_00' not read by fragment shader

[11:42:30] [Render thread/INFO]: Info log when linking program containing VERTEX minecraft:core/particle, FRAGMENT minecraft:core/particle. Log output: WARNING: Output of vertex shader '_interface_variable_01' not read by fragment shader
WARNING: Output of vertex shader '_interface_variable_00' not read by fragment shader

[11:42:30] [Render thread/INFO]: Info log when linking program containing VERTEX minecraft:core/rendertype_entity_shadow, FRAGMENT minecraft:core/rendertype_entity_shadow. Log output: WARNING: Output of vertex shader '_interface_variable_01' not read by fragment shader
WARNING: Output of vertex shader '_interface_variable_00' not read by fragment shader

[11:42:30] [Render thread/INFO]: Info log when linking program containing VERTEX minecraft:core/screenquad, FRAGMENT minecraft:core/oit_composite. Log output: WARNING: Output of vertex shader '_interface_variable_00' not read by fragment shader

[11:42:30] [Render thread/INFO]: Info log when linking program containing VERTEX minecraft:core/screenquad, FRAGMENT minecraft:core/integrate_depth. Log output: WARNING: Output of vertex shader '_interface_variable_00' not read by fragment shader

[11:42:30] [Render thread/INFO]: Info log when linking program containing VERTEX minecraft:core/entity, FRAGMENT minecraft:core/entity. Log output: WARNING: Output of vertex shader '_interface_variable_01' not read by fragment shader
WARNING: Output of vertex shader '_interface_variable_00' not read by fragment shader

[11:42:30] [Render thread/INFO]: Info log when linking program containing VERTEX minecraft:core/terrain, FRAGMENT minecraft:core/terrain. Log output: WARNING: Output of vertex shader '_interface_variable_01' not read by fragment shader
WARNING: Output of vertex shader '_interface_variable_00' not read by fragment shader
WARNING: Output of vertex shader '_interface_variable_04' not read by fragment shader

[11:42:30] [Render thread/INFO]: Info log when linking program containing VERTEX minecraft:core/animate_sprite, FRAGMENT minecraft:core/animate_sprite_blit. Log output: WARNING: Output of vertex shader '_interface_variable_00' not read by fragment shader

[11:42:30] [Render thread/INFO]: Info log when linking program containing VERTEX minecraft:core/entity, FRAGMENT minecraft:core/entity. Log output: WARNING: Output of vertex shader '_interface_variable_01' not read by fragment shader
WARNING: Output of vertex shader '_interface_variable_00' not read by fragment shader

[11:42:30] [Render thread/INFO]: Info log when linking program containing VERTEX minecraft:core/entity, FRAGMENT minecraft:core/entity. Log output: WARNING: Output of vertex shader '_interface_variable_01' not read by fragment shader
WARNING: Output of vertex shader '_interface_variable_00' not read by fragment shader

[11:42:30] [Render thread/INFO]: Info log when linking program containing VERTEX minecraft:core/clouds, FRAGMENT minecraft:core/clouds. Log output: WARNING: Output of vertex shader '_interface_variable_00' not read by fragment shader

[11:42:30] [Render thread/INFO]: Info log when linking program containing VERTEX minecraft:core/particle, FRAGMENT minecraft:core/particle. Log output: WARNING: Output of vertex shader '_interface_variable_01' not read by fragment shader
WARNING: Output of vertex shader '_interface_variable_00' not read by fragment shader

[11:42:30] [Render thread/INFO]: Info log when linking program containing VERTEX minecraft:core/entity, FRAGMENT minecraft:core/entity. Log output: WARNING: Output of vertex shader '_interface_variable_01' not read by fragment shader
WARNING: Output of vertex shader '_interface_variable_00' not read by fragment shader

[11:42:30] [Render thread/INFO]: Info log when linking program containing VERTEX minecraft:core/screenquad, FRAGMENT minecraft:core/oit_depth_bounds_cull. Log output: WARNING: Output of vertex shader '_interface_variable_00' not read by fragment shader

[11:42:30] [Render thread/INFO]: Info log when linking program containing VERTEX minecraft:core/text, FRAGMENT minecraft:core/text. Log output: WARNING: Output of vertex shader '_interface_variable_01' not read by fragment shader
WARNING: Output of vertex shader '_interface_variable_00' not read by fragment shader

[11:42:30] [Render thread/INFO]: Info log when linking program containing VERTEX minecraft:core/block, FRAGMENT minecraft:core/block. Log output: WARNING: Output of vertex shader '_interface_variable_01' not read by fragment shader
WARNING: Output of vertex shader '_interface_variable_00' not read by fragment shader

[11:42:30] [Render thread/INFO]: Info log when linking program containing VERTEX minecraft:core/text, FRAGMENT minecraft:core/text. Log output: WARNING: Output of vertex shader '_interface_variable_01' not read by fragment shader
WARNING: Output of vertex shader '_interface_variable_00' not read by fragment shader

[11:42:30] [Render thread/INFO]: Info log when linking program containing VERTEX minecraft:core/entity, FRAGMENT minecraft:core/entity. Log output: WARNING: Output of vertex shader '_interface_variable_01' not read by fragment shader
WARNING: Output of vertex shader '_interface_variable_00' not read by fragment shader

[11:42:30] [Render thread/INFO]: Info log when linking program containing VERTEX minecraft:core/text, FRAGMENT minecraft:core/text. Log output: WARNING: Output of vertex shader '_interface_variable_01' not read by fragment shader
WARNING: Output of vertex shader '_interface_variable_00' not read by fragment shader

[11:42:30] [Render thread/INFO]: Info log when linking program containing VERTEX minecraft:core/terrain, FRAGMENT minecraft:core/terrain. Log output: WARNING: Output of vertex shader '_interface_variable_01' not read by fragment shader
WARNING: Output of vertex shader '_interface_variable_00' not read by fragment shader
WARNING: Output of vertex shader '_interface_variable_04' not read by fragment shader

[11:42:30] [Render thread/INFO]: Info log when linking program containing VERTEX minecraft:core/text, FRAGMENT minecraft:core/text. Log output: WARNING: Output of vertex shader '_interface_variable_01' not read by fragment shader
WARNING: Output of vertex shader '_interface_variable_00' not read by fragment shader

[11:42:30] [Render thread/INFO]: Info log when linking program containing VERTEX minecraft:core/clouds, FRAGMENT minecraft:core/clouds. Log output: WARNING: Output of vertex shader '_interface_variable_00' not read by fragment shader

[11:42:30] [Download-1/INFO]: Could not authorize you against Realms server: java.lang.RuntimeException: Failed to parse into SignedJWT: FabricMC
[11:42:30] [Download-1/ERROR]: Failed to fetch Realms feature flags
com.mojang.realmsclient.exception.RealmsServiceException: Realms authentication error with message 'java.lang.RuntimeException: Failed to parse into SignedJWT: FabricMC'
	at knot//com.mojang.realmsclient.client.RealmsClient.execute(RealmsClient.java:625)
	at knot//com.mojang.realmsclient.client.RealmsClient.fetchFeatureFlags(RealmsClient.java:204)
	at java.base/java.util.concurrent.CompletableFuture$AsyncSupply.run(CompletableFuture.java:1789)
	at java.base/java.util.concurrent.ThreadPoolExecutor.runWorker(ThreadPoolExecutor.java:1090)
	at java.base/java.util.concurrent.ThreadPoolExecutor$Worker.run(ThreadPoolExecutor.java:614)
	at java.base/java.lang.Thread.run(Thread.java:1474)
[11:42:30] [Render thread/INFO]: Info log when linking program containing VERTEX minecraft:core/rendertype_lines, FRAGMENT minecraft:core/rendertype_lines. Log output: WARNING: Output of vertex shader '_interface_variable_01' not read by fragment shader
WARNING: Output of vertex shader '_interface_variable_00' not read by fragment shader

[11:42:30] [Render thread/INFO]: Info log when linking program containing VERTEX minecraft:core/rendertype_entity_shadow, FRAGMENT minecraft:core/rendertype_entity_shadow. Log output: WARNING: Output of vertex shader '_interface_variable_01' not read by fragment shader
WARNING: Output of vertex shader '_interface_variable_00' not read by fragment shader

[11:42:30] [Render thread/INFO]: Info log when linking program containing VERTEX minecraft:core/entity, FRAGMENT minecraft:core/entity. Log output: WARNING: Output of vertex shader '_interface_variable_01' not read by fragment shader
WARNING: Output of vertex shader '_interface_variable_00' not read by fragment shader

[11:42:30] [Render thread/INFO]: Info log when linking program containing VERTEX minecraft:core/entity, FRAGMENT minecraft:core/entity. Log output: WARNING: Output of vertex shader '_interface_variable_01' not read by fragment shader
WARNING: Output of vertex shader '_interface_variable_00' not read by fragment shader

[11:42:30] [Render thread/INFO]: Info log when linking program containing VERTEX minecraft:core/particle, FRAGMENT minecraft:core/particle. Log output: WARNING: Output of vertex shader '_interface_variable_01' not read by fragment shader
WARNING: Output of vertex shader '_interface_variable_00' not read by fragment shader

[11:42:30] [Render thread/INFO]: Info log when linking program containing VERTEX minecraft:core/entity, FRAGMENT minecraft:core/entity. Log output: WARNING: Output of vertex shader '_interface_variable_01' not read by fragment shader
WARNING: Output of vertex shader '_interface_variable_00' not read by fragment shader

[11:42:30] [Render thread/INFO]: Info log when linking program containing VERTEX minecraft:core/rendertype_crumbling, FRAGMENT minecraft:core/rendertype_crumbling. Log output: WARNING: Output of vertex shader '_interface_variable_01' not read by fragment shader
WARNING: Output of vertex shader '_interface_variable_00' not read by fragment shader

[11:42:30] [Render thread/INFO]: Info log when linking program containing VERTEX minecraft:core/text, FRAGMENT minecraft:core/text. Log output: WARNING: Output of vertex shader '_interface_variable_01' not read by fragment shader
WARNING: Output of vertex shader '_interface_variable_00' not read by fragment shader

[11:42:30] [Render thread/INFO]: Info log when linking program containing VERTEX minecraft:core/particle, FRAGMENT minecraft:core/particle. Log output: WARNING: Output of vertex shader '_interface_variable_01' not read by fragment shader
WARNING: Output of vertex shader '_interface_variable_00' not read by fragment shader

[11:42:30] [Render thread/INFO]: Info log when linking program containing VERTEX minecraft:core/entity, FRAGMENT minecraft:core/entity. Log output: WARNING: Output of vertex shader '_interface_variable_01' not read by fragment shader
WARNING: Output of vertex shader '_interface_variable_00' not read by fragment shader

[11:42:30] [Render thread/INFO]: Info log when linking program containing VERTEX minecraft:core/text, FRAGMENT minecraft:core/text. Log output: WARNING: Output of vertex shader '_interface_variable_01' not read by fragment shader
WARNING: Output of vertex shader '_interface_variable_00' not read by fragment shader

[11:42:30] [Render thread/INFO]: OpenAL initialized on device Mac mini扬声器
[11:42:30] [Render thread/INFO]: Sound engine started
[11:42:30] [Render thread/INFO]: Created: 512x256x0 minecraft:textures/atlas/particles.png-atlas
[11:42:30] [Render thread/INFO]: Created: 256x128x0 minecraft:textures/atlas/celestials.png-atlas
[11:42:30] [Render thread/INFO]: Created: 128x128x0 minecraft:textures/atlas/decorated_pot.png-atlas
[11:42:30] [Render thread/INFO]: Created: 512x256x0 minecraft:textures/atlas/paintings.png-atlas
[11:42:30] [Render thread/INFO]: Created: 1024x512x0 minecraft:textures/atlas/shield_patterns.png-atlas
[11:42:30] [Render thread/INFO]: Created: 1024x512x0 minecraft:textures/atlas/banner_patterns.png-atlas
[11:42:30] [Render thread/INFO]: Created: 2048x2048x4 minecraft:textures/atlas/blocks.png-atlas
[11:42:30] [Render thread/INFO]: Created: 1024x512x0 minecraft:textures/atlas/items.png-atlas
[11:42:30] [Render thread/INFO]: Created: 1024x1024x0 minecraft:textures/atlas/gui.png-atlas
[11:42:30] [Render thread/INFO]: Created: 128x64x0 minecraft:textures/atlas/map_decorations.png-atlas
[11:42:30] [Render thread/INFO]: Created: 512x512x0 minecraft:textures/atlas/chest.png-atlas
[11:42:30] [Render thread/INFO]: Created: 512x512x0 minecraft:textures/atlas/shulker_boxes.png-atlas
[11:42:31] [Download-1/INFO]: Could not authorize you against Realms server: java.lang.RuntimeException: Failed to parse into SignedJWT: FabricMC
[11:42:31] [Download-1/ERROR]: Couldn't connect to realms
com.mojang.realmsclient.exception.RealmsServiceException: Realms authentication error with message 'java.lang.RuntimeException: Failed to parse into SignedJWT: FabricMC'
	at knot//com.mojang.realmsclient.client.RealmsClient.execute(RealmsClient.java:625)
	at knot//com.mojang.realmsclient.client.RealmsClient.clientCompatible(RealmsClient.java:354)
	at knot//com.mojang.realmsclient.RealmsAvailability.lambda$check$0(RealmsAvailability.java:48)
	at java.base/java.util.concurrent.CompletableFuture$AsyncSupply.run(CompletableFuture.java:1789)
	at java.base/java.util.concurrent.ThreadPoolExecutor.runWorker(ThreadPoolExecutor.java:1090)
	at java.base/java.util.concurrent.ThreadPoolExecutor$Worker.run(ThreadPoolExecutor.java:614)
	at java.base/java.lang.Thread.run(Thread.java:1474)
[11:42:33] [Worker-Main-2/INFO]: Loaded 1872 advancements
[11:42:33] [Render thread/INFO]: World loading finished: null screen: net.minecraft.client.gui.screens.GenericMessageScreen@6a6ea70
[11:42:33] [Render thread/INFO]: Applied 0 biome modifications to 0 of 67 new biomes in 494.7 μs
[11:42:33] [Server thread/INFO]: Starting integrated minecraft server version 26.3
[11:42:33] [Server thread/INFO]: Generating keypair
[11:42:33] [Server thread/INFO]: Selecting global world spawn...
[11:42:34] [Server thread/INFO]: Loading 0 persistent chunks...
[11:42:34] [Server thread/INFO]: Preparing spawn area: 16%
[11:42:34] [Server thread/INFO]: Saving chunks for level 'ServerLevel[New World]'/minecraft:overworld
[11:42:34] [Server thread/INFO]: Saving chunks for level 'ServerLevel[New World]'/minecraft:the_end
[11:42:34] [Server thread/INFO]: Saving chunks for level 'ServerLevel[New World]'/minecraft:the_nether
[11:42:34] [Render thread/INFO]: World loading finished: null screen: net.minecraft.client.gui.screens.LevelLoadingScreen@5f777c1b
[11:42:34] [Render thread/INFO]: World loading finished: null screen: net.minecraft.client.gui.screens.LevelLoadingScreen@5f777c1b
[11:42:34] [Render thread/INFO]: World loading finished: null screen: net.minecraft.client.gui.screens.LevelLoadingScreen@5f777c1b
[11:42:34] [Render thread/INFO]: World loading finished: null screen: net.minecraft.client.gui.screens.LevelLoadingScreen@5f777c1b
[11:42:34] [Render thread/INFO]: World loading finished: null screen: net.minecraft.client.gui.screens.LevelLoadingScreen@5f777c1b
[11:42:34] [Server thread/INFO]: Loading 48 chunks for player spawn...
[11:42:34] [Render thread/INFO]: World loading finished: null screen: net.minecraft.client.gui.screens.LevelLoadingScreen@5f777c1b
[11:42:34] [Server thread/INFO]: Preparing spawn area: 16%
[11:42:34] [Render thread/INFO]: World loading finished: null screen: net.minecraft.client.gui.screens.LevelLoadingScreen@5f777c1b
[11:42:34] [Render thread/INFO]: World loading finished: null screen: net.minecraft.client.gui.screens.LevelLoadingScreen@5f777c1b
[11:42:34] [Render thread/INFO]: World loading finished: null screen: net.minecraft.client.gui.screens.LevelLoadingScreen@5f777c1b
[11:42:34] [Server thread/INFO]: Time elapsed: 674 ms
[11:42:34] [Render thread/INFO]: World loading finished: null screen: net.minecraft.client.gui.screens.LevelLoadingScreen@5f777c1b
[11:42:34] [Server thread/INFO]: Player86[local:E:87b3040e] logged in with entity id 1 at (0.5, -60.0, 0.5)
[11:42:34] [Server thread/INFO]: System chat: Player86 joined the game
[11:42:34] [Server thread/INFO]: Changing view distance to 5, from 10
[11:42:34] [Server thread/INFO]: Changing simulation distance to 12, from 0
[11:42:34] [Render thread/INFO]: World loading finished: null screen: net.minecraft.client.gui.screens.LevelLoadingScreen@5f777c1b
[11:42:34] [Render thread/INFO]: Loaded 2 advancements
[11:42:34] [Render thread/INFO]: World loading finished: ClientLevel screen: net.minecraft.client.gui.screens.LevelLoadingScreen@5f777c1b
[11:42:34] [Render thread/WARN]: Requested post effect does not exist: minecraft:end_of_frame
[11:42:34] [Render thread/INFO]: Resizing Dynamic Transforms UBO, capacity limit of 2 reached during a single frame. New capacity will be 4.
[11:42:34] [Render thread/INFO]: World loading finished: ClientLevel screen: net.minecraft.client.gui.screens.LevelLoadingScreen@5f777c1b
[11:42:34] [Render thread/INFO]: Resizing Dynamic Transforms UBO, capacity limit of 4 reached during a single frame. New capacity will be 8.
[11:42:34] [Render thread/INFO]: Resizing Dynamic Transforms UBO, capacity limit of 8 reached during a single frame. New capacity will be 16.
[11:42:34] [Render thread/INFO]: World loading finished: ClientLevel screen: net.minecraft.client.gui.screens.LevelLoadingScreen@5f777c1b
[11:42:34] [Render thread/INFO]: World loading finished: ClientLevel screen: net.minecraft.client.gui.screens.LevelLoadingScreen@5f777c1b
[11:42:34] [Render thread/INFO]: Resizing Chunk Sections UBO, capacity limit of 2 reached during a single frame. New capacity will be 8.
[11:42:34] [Render thread/INFO]: World loading finished: ClientLevel screen: net.minecraft.client.gui.screens.LevelLoadingScreen@5f777c1b
[11:42:34] [Render thread/INFO]: World loading finished: ClientLevel screen: net.minecraft.client.gui.screens.LevelLoadingScreen@5f777c1b
[11:42:35] [Render thread/INFO]: World loading finished: ClientLevel screen: net.minecraft.client.gui.screens.LevelLoadingScreen@5f777c1b
[11:42:35] [Render thread/INFO]: Resizing Chunk Sections UBO, capacity limit of 8 reached during a single frame. New capacity will be 16.
[11:42:35] [Render thread/INFO]: World loading finished: ClientLevel screen: net.minecraft.client.gui.screens.LevelLoadingScreen@5f777c1b
[11:42:35] [Render thread/INFO]: World loading finished: ClientLevel screen: net.minecraft.client.gui.screens.LevelLoadingScreen@5f777c1b
[11:42:35] [Render thread/INFO]: World loading finished: ClientLevel screen: net.minecraft.client.gui.screens.LevelLoadingScreen@5f777c1b
[11:42:35] [Render thread/INFO]: World loading finished: ClientLevel screen: net.minecraft.client.gui.screens.LevelLoadingScreen@5f777c1b
[11:42:35] [Render thread/INFO]: World loading finished: ClientLevel screen: net.minecraft.client.gui.screens.LevelLoadingScreen@5f777c1b
[11:42:35] [Render thread/INFO]: World loading finished: ClientLevel screen: net.minecraft.client.gui.screens.LevelLoadingScreen@5f777c1b
[11:42:35] [Render thread/INFO]: World loading finished: ClientLevel screen: net.minecraft.client.gui.screens.LevelLoadingScreen@5f777c1b
[11:42:35] [Render thread/INFO]: Resizing Chunk Sections UBO, capacity limit of 16 reached during a single frame. New capacity will be 32.
[11:42:35] [Render thread/INFO]: World loading finished: ClientLevel screen: net.minecraft.client.gui.screens.LevelLoadingScreen@5f777c1b
[11:42:35] [Render thread/INFO]: World loading finished: ClientLevel screen: net.minecraft.client.gui.screens.LevelLoadingScreen@5f777c1b
[11:42:35] [Render thread/INFO]: World loading finished: ClientLevel screen: null
[11:42:36] [Render thread/INFO]: Resizing Chunk Sections UBO, capacity limit of 32 reached during a single frame. New capacity will be 64.
[11:42:38] [Render thread/INFO]: Resizing Dynamic Transforms UBO, capacity limit of 16 reached during a single frame. New capacity will be 32.
[11:42:41] [Server thread/INFO]: Player86 lost connection: Disconnected
[11:42:41] [Server thread/INFO]: System chat: Player86 left the game
[11:42:42] [Server thread/INFO]: Stopping singleplayer server as player logged out
[11:42:42] [Server thread/INFO]: Stopping server
[11:42:42] [Server thread/INFO]: Saving players
[11:42:42] [Server thread/INFO]: Saving worlds
[11:42:42] [Server thread/INFO]: Saving chunks for level 'ServerLevel[New World]'/minecraft:overworld
[11:42:42] [Server thread/INFO]: Saving chunks for level 'ServerLevel[New World]'/minecraft:the_end
[11:42:42] [Server thread/INFO]: Saving chunks for level 'ServerLevel[New World]'/minecraft:the_nether
[11:42:42] [Render thread/INFO]: World loading finished: null screen: net.minecraft.client.gui.screens.GenericMessageScreen@1eba015d
[11:42:42] [Worker-Main-6/INFO]: Loaded 1872 advancements
[11:42:42] [Render thread/INFO]: Applied 0 biome modifications to 0 of 67 new biomes in 193.4 μs
[11:42:42] [Server thread/INFO]: Starting integrated minecraft server version 26.3
[11:42:42] [Server thread/INFO]: Generating keypair
[11:42:42] [Server thread/INFO]: Loading 0 persistent chunks...
[11:42:42] [Server thread/INFO]: Preparing spawn area: 16%
[11:42:42] [Server thread/INFO]: Saving chunks for level 'ServerLevel[New World]'/minecraft:overworld
[11:42:42] [Server thread/INFO]: Saving chunks for level 'ServerLevel[New World]'/minecraft:the_end
[11:42:42] [Server thread/INFO]: Saving chunks for level 'ServerLevel[New World]'/minecraft:the_nether
[11:42:42] [Render thread/INFO]: World loading finished: null screen: net.minecraft.client.gui.screens.LevelLoadingScreen@586bc8ed
[11:42:42] [Render thread/INFO]: World loading finished: null screen: net.minecraft.client.gui.screens.LevelLoadingScreen@586bc8ed
[11:42:43] [Render thread/INFO]: World loading finished: null screen: net.minecraft.client.gui.screens.LevelLoadingScreen@586bc8ed
[11:42:43] [Render thread/INFO]: World loading finished: null screen: net.minecraft.client.gui.screens.LevelLoadingScreen@586bc8ed
[11:42:43] [Server thread/INFO]: Loading 49 chunks for player spawn...
[11:42:43] [Render thread/INFO]: World loading finished: null screen: net.minecraft.client.gui.screens.LevelLoadingScreen@586bc8ed
[11:42:43] [Render thread/INFO]: World loading finished: null screen: net.minecraft.client.gui.screens.LevelLoadingScreen@586bc8ed
[11:42:43] [Server thread/INFO]: Time elapsed: 332 ms
[11:42:43] [Render thread/INFO]: World loading finished: null screen: net.minecraft.client.gui.screens.LevelLoadingScreen@586bc8ed
[11:42:43] [Server thread/INFO]: Player86[local:E:301816e7] logged in with entity id 4 at (29.732001176956587, 120.0, 0.5)
[11:42:43] [Server thread/INFO]: System chat: Player86 joined the game
[11:42:43] [Server thread/INFO]: Changing view distance to 5, from 10
[11:42:43] [Server thread/INFO]: Changing simulation distance to 12, from 0
[11:42:43] [Render thread/INFO]: World loading finished: null screen: net.minecraft.client.gui.screens.LevelLoadingScreen@586bc8ed
[11:42:43] [Render thread/INFO]: Loaded 2 advancements
[11:42:43] [Render thread/INFO]: World loading finished: ClientLevel screen: net.minecraft.client.gui.screens.LevelLoadingScreen@586bc8ed
[11:42:43] [Render thread/INFO]: World loading finished: ClientLevel screen: net.minecraft.client.gui.screens.LevelLoadingScreen@586bc8ed
[11:42:43] [Render thread/INFO]: World loading finished: ClientLevel screen: null
[11:42:44] [Server thread/INFO]: Player86 lost connection: Disconnected
[11:42:44] [Server thread/INFO]: System chat: Player86 left the game
[11:42:44] [Server thread/INFO]: Stopping singleplayer server as player logged out
[11:42:44] [Server thread/INFO]: Stopping server
[11:42:44] [Server thread/INFO]: Saving players
[11:42:44] [Server thread/INFO]: Saving worlds
[11:42:44] [Server thread/INFO]: Saving chunks for level 'ServerLevel[New World]'/minecraft:overworld
[11:42:44] [Server thread/INFO]: Saving chunks for level 'ServerLevel[New World]'/minecraft:the_end
[11:42:44] [Server thread/INFO]: Saving chunks for level 'ServerLevel[New World]'/minecraft:the_nether
[11:42:44] [Worker-Main-5/INFO]: Loaded 1872 advancements
[11:42:44] [Render thread/INFO]: World loading finished: null screen: net.minecraft.client.gui.screens.GenericMessageScreen@8890b2f
[11:42:44] [Render thread/INFO]: Applied 0 biome modifications to 0 of 67 new biomes in 207.3 μs
[11:42:44] [Server thread/INFO]: Starting integrated minecraft server version 26.3
[11:42:44] [Server thread/INFO]: Generating keypair
[11:42:44] [Server thread/INFO]: Selecting global world spawn...
[11:42:44] [Server thread/INFO]: Loading 0 persistent chunks...
[11:42:44] [Server thread/INFO]: Preparing spawn area: 16%
[11:42:44] [Server thread/INFO]: Saving chunks for level 'ServerLevel[New World]'/minecraft:overworld
[11:42:44] [Server thread/INFO]: Saving chunks for level 'ServerLevel[New World]'/minecraft:the_end
[11:42:44] [Server thread/INFO]: Saving chunks for level 'ServerLevel[New World]'/minecraft:the_nether
[11:42:44] [Render thread/INFO]: World loading finished: null screen: net.minecraft.client.gui.screens.LevelLoadingScreen@20ec28b1
[11:42:44] [Render thread/INFO]: World loading finished: null screen: net.minecraft.client.gui.screens.LevelLoadingScreen@20ec28b1
[11:42:44] [Render thread/INFO]: World loading finished: null screen: net.minecraft.client.gui.screens.LevelLoadingScreen@20ec28b1
[11:42:44] [Render thread/INFO]: World loading finished: null screen: net.minecraft.client.gui.screens.LevelLoadingScreen@20ec28b1
[11:42:44] [Server thread/INFO]: Loading 48 chunks for player spawn...
[11:42:44] [Render thread/INFO]: World loading finished: null screen: net.minecraft.client.gui.screens.LevelLoadingScreen@20ec28b1
[11:42:44] [Render thread/INFO]: World loading finished: null screen: net.minecraft.client.gui.screens.LevelLoadingScreen@20ec28b1
[11:42:44] [Server thread/INFO]: Time elapsed: 392 ms
[11:42:44] [Render thread/INFO]: World loading finished: null screen: net.minecraft.client.gui.screens.LevelLoadingScreen@20ec28b1
[11:42:44] [Server thread/INFO]: Player86[local:E:00d20850] logged in with entity id 5 at (0.5, -60.0, 0.5)
[11:42:44] [Server thread/INFO]: System chat: Player86 joined the game
[11:42:44] [Server thread/INFO]: Changing view distance to 5, from 10
[11:42:44] [Server thread/INFO]: Changing simulation distance to 12, from 0
[11:42:45] [Render thread/INFO]: World loading finished: null screen: net.minecraft.client.gui.screens.LevelLoadingScreen@20ec28b1
[11:42:45] [Render thread/INFO]: Loaded 2 advancements
[11:42:45] [Render thread/INFO]: World loading finished: ClientLevel screen: net.minecraft.client.gui.screens.LevelLoadingScreen@20ec28b1
[11:42:45] [Render thread/INFO]: World loading finished: ClientLevel screen: net.minecraft.client.gui.screens.LevelLoadingScreen@20ec28b1
[11:42:45] [Render thread/INFO]: World loading finished: ClientLevel screen: net.minecraft.client.gui.screens.LevelLoadingScreen@20ec28b1
[11:42:45] [Render thread/INFO]: World loading finished: ClientLevel screen: net.minecraft.client.gui.screens.LevelLoadingScreen@20ec28b1
[11:42:45] [Render thread/INFO]: World loading finished: ClientLevel screen: net.minecraft.client.gui.screens.LevelLoadingScreen@20ec28b1
[11:42:45] [Render thread/INFO]: World loading finished: ClientLevel screen: net.minecraft.client.gui.screens.LevelLoadingScreen@20ec28b1
[11:42:45] [Render thread/INFO]: World loading finished: ClientLevel screen: net.minecraft.client.gui.screens.LevelLoadingScreen@20ec28b1
[11:42:45] [Render thread/INFO]: World loading finished: ClientLevel screen: net.minecraft.client.gui.screens.LevelLoadingScreen@20ec28b1
[11:42:45] [Render thread/INFO]: World loading finished: ClientLevel screen: net.minecraft.client.gui.screens.LevelLoadingScreen@20ec28b1
[11:42:45] [Render thread/INFO]: World loading finished: ClientLevel screen: net.minecraft.client.gui.screens.LevelLoadingScreen@20ec28b1
[11:42:45] [Render thread/INFO]: World loading finished: ClientLevel screen: net.minecraft.client.gui.screens.LevelLoadingScreen@20ec28b1
[11:42:45] [Render thread/INFO]: World loading finished: ClientLevel screen: net.minecraft.client.gui.screens.LevelLoadingScreen@20ec28b1
[11:42:45] [Render thread/INFO]: World loading finished: ClientLevel screen: net.minecraft.client.gui.screens.LevelLoadingScreen@20ec28b1
[11:42:45] [Render thread/INFO]: World loading finished: ClientLevel screen: net.minecraft.client.gui.screens.LevelLoadingScreen@20ec28b1
[11:42:45] [Render thread/INFO]: World loading finished: ClientLevel screen: null
[11:42:51] [Server thread/INFO]: Player86 lost connection: Disconnected
[11:42:51] [Server thread/INFO]: System chat: Player86 left the game
[11:42:51] [Server thread/INFO]: Stopping singleplayer server as player logged out
[11:42:51] [Server thread/INFO]: Stopping server
[11:42:51] [Server thread/INFO]: Saving players
[11:42:51] [Server thread/INFO]: Saving worlds
[11:42:51] [Server thread/INFO]: Saving chunks for level 'ServerLevel[New World]'/minecraft:overworld
[11:42:51] [Server thread/INFO]: Saving chunks for level 'ServerLevel[New World]'/minecraft:the_end
[11:42:51] [Server thread/INFO]: Saving chunks for level 'ServerLevel[New World]'/minecraft:the_nether
[11:42:51] [Render thread/INFO]: World loading finished: null screen: net.minecraft.client.gui.screens.GenericMessageScreen@715fcd8e
[11:42:52] [Worker-Main-2/INFO]: Loaded 1872 advancements
[11:42:52] [Render thread/INFO]: Applied 0 biome modifications to 0 of 67 new biomes in 172.5 μs
[11:42:52] [Server thread/INFO]: Starting integrated minecraft server version 26.3
[11:42:52] [Server thread/INFO]: Generating keypair
[11:42:52] [Server thread/INFO]: Loading 0 persistent chunks...
[11:42:52] [Server thread/INFO]: Saving chunks for level 'ServerLevel[New World]'/minecraft:overworld
[11:42:52] [Server thread/INFO]: Saving chunks for level 'ServerLevel[New World]'/minecraft:the_end
[11:42:52] [Server thread/INFO]: Saving chunks for level 'ServerLevel[New World]'/minecraft:the_nether
[11:42:52] [Render thread/INFO]: World loading finished: null screen: net.minecraft.client.gui.screens.LevelLoadingScreen@47d6101
[11:42:52] [Render thread/INFO]: World loading finished: null screen: net.minecraft.client.gui.screens.LevelLoadingScreen@47d6101
[11:42:52] [Render thread/INFO]: World loading finished: null screen: net.minecraft.client.gui.screens.LevelLoadingScreen@47d6101
[11:42:52] [Server thread/INFO]: Loading 49 chunks for player spawn...
[11:42:52] [Server thread/INFO]: Preparing spawn area: 16%
[11:42:52] [Render thread/INFO]: World loading finished: null screen: net.minecraft.client.gui.screens.LevelLoadingScreen@47d6101
[11:42:52] [Server thread/INFO]: Time elapsed: 219 ms
[11:42:52] [Render thread/INFO]: World loading finished: null screen: net.minecraft.client.gui.screens.LevelLoadingScreen@47d6101
[11:42:52] [Server thread/INFO]: Player86[local:E:fea4b93f] logged in with entity id 8 at (0.06165955725848534, 120.64999997615814, 5.287572973266609)
[11:42:52] [Server thread/INFO]: System chat: Player86 joined the game
[11:42:52] [Server thread/INFO]: Changing view distance to 5, from 10
[11:42:52] [Server thread/INFO]: Changing simulation distance to 12, from 0
[11:42:52] [Render thread/INFO]: World loading finished: null screen: net.minecraft.client.gui.screens.LevelLoadingScreen@47d6101
[11:42:52] [Render thread/INFO]: Loaded 2 advancements
[11:42:52] [Render thread/INFO]: World loading finished: ClientLevel screen: net.minecraft.client.gui.screens.LevelLoadingScreen@47d6101
[11:42:52] [Render thread/INFO]: World loading finished: ClientLevel screen: net.minecraft.client.gui.screens.LevelLoadingScreen@47d6101
[11:42:52] [Render thread/INFO]: World loading finished: ClientLevel screen: net.minecraft.client.gui.screens.LevelLoadingScreen@47d6101
[11:42:52] [Render thread/INFO]: World loading finished: ClientLevel screen: net.minecraft.client.gui.screens.LevelLoadingScreen@47d6101
[11:42:52] [Render thread/INFO]: World loading finished: ClientLevel screen: null
[11:42:53] [Render thread/INFO]: Loaded 21 advancements
[11:42:59] [Server thread/INFO]: Player86 lost connection: Disconnected
[11:42:59] [Server thread/INFO]: System chat: Player86 left the game
[11:42:59] [Server thread/INFO]: Stopping singleplayer server as player logged out
[11:42:59] [Server thread/INFO]: Stopping server
[11:42:59] [Server thread/INFO]: Saving players
[11:42:59] [Server thread/INFO]: Saving worlds
[11:42:59] [Server thread/INFO]: Saving chunks for level 'ServerLevel[New World]'/minecraft:overworld
[11:42:59] [Server thread/INFO]: Saving chunks for level 'ServerLevel[New World]'/minecraft:the_end
[11:42:59] [Server thread/INFO]: Saving chunks for level 'ServerLevel[New World]'/minecraft:the_nether
[11:43:00] [Test thread/INFO]: [STDOUT]: WILDCRAFT P6 native placement, snap preview, actual clicks/replay, malformed intent, riding/steering/R, disk reload and native recovery passed
[11:43:00] [Test thread/INFO]: [STDOUT]: WILDCRAFT P6 core tracking/model, native passenger, finite motion across chunk, real world save/reload and API recovery passed; input is a separate check
[11:43:00] [Render thread/INFO]: Stopping!

BUILD SUCCESSFUL in 47s
23 actionable tasks: 12 executed, 11 up-to-date
