
> Configure project :
Fabric Loom: 1.18.2

> Task :runP6Server
Starting net.fabricmc.loader.impl.game.minecraft.BundlerClassPathCapture
[11:40:19] [main/INFO]: Loading Minecraft 26.3 with Fabric Loader 0.19.5
[11:40:19] [main/INFO]: Mappings not present!
[11:40:19] [main/INFO]: Loading 45 mods:
	- fabric-advancement-api-v1 1.0.0+38c7a2d55d
	- fabric-api 0.161.0+26.3
	- fabric-api-base 2.0.6+fcdff87f5d
	- fabric-api-lookup-api-v1 2.0.24+3434d6d95d
	- fabric-biome-api-v1 20.0.9+74ed1ea55d
	- fabric-block-api-v1 3.1.0+0ae6f9115d
	- fabric-block-getter-api-v2 2.0.9+3434d6d95d
	- fabric-command-api-v2 3.1.2+fcdff87f5d
	- fabric-content-registries-v0 15.0.4+74ed1ea55d
	- fabric-convention-tags-v2 4.10.3+6b5b47fd5d
	- fabric-crash-report-info-v1 1.0.7+fcdff87f5d
	- fabric-creative-tab-api-v1 5.0.21+fcdff87f5d
	- fabric-data-attachment-api-v1 2.2.30+3434d6d95d
	- fabric-data-generation-api-v1 27.2.4+427eab975d
	- fabric-debug-api-v1 1.0.4+3434d6d95d
	- fabric-dimensions-v1 5.1.19+47f74c985d
	- fabric-entity-events-v1 6.0.4+3434d6d95d
	- fabric-events-interaction-v0 5.3.6+3434d6d95d
	- fabric-game-rule-api-v1 4.0.10+3434d6d95d
	- fabric-gametest-api-v1 4.0.32+3434d6d95d
	- fabric-item-api-v1 14.7.0+cf6bc2db5d
	- fabric-lifecycle-events-v1 4.1.9+ffef5f675d
	- fabric-loot-api-v3 4.0.8+4068fd645d
	- fabric-menu-api-v1 2.0.27+ed66f0a35d
	- fabric-message-api-v1 7.0.10+3434d6d95d
	- fabric-networking-api-v1 6.3.8+fcdff87f5d
	- fabric-object-builder-api-v1 24.1.9+3434d6d95d
	- fabric-particles-v1 5.0.24+3434d6d95d
	- fabric-permission-api-v1 1.0.8+fcdff87f5d
	- fabric-recipe-api-v1 10.0.8+fcdff87f5d
	- fabric-registry-sync-v0 8.0.1+fcdff87f5d
	- fabric-rendering-fluids-v1 6.0.6+3434d6d95d
	- fabric-resource-conditions-api-v1 6.1.5+3434d6d95d
	- fabric-resource-loader-v0 3.3.26+4fc5413f5d
	- fabric-resource-loader-v1 3.0.4+fcdff87f5d
	- fabric-serialization-api-v1 2.0.7+74ed1ea55d
	- fabric-tag-api-v1 2.1.10+fcdff87f5d
	- fabric-transfer-api-v1 8.0.25+fcdff87f5d
	- fabric-transitive-access-wideners-v1 8.1.16+52268a0e5d
	- fabricloader 0.19.5
	   \-- mixinextras 0.5.5
	- java 25
	- minecraft 26.3
	- wildcraft 0.1.0-dev.11
	- wildcraft-test 1.0.0
[11:40:19] [main/INFO]: SpongePowered MIXIN Subsystem Version=0.8.7 Source=file:/Volumes/%E4%BB%95%E4%BA%8B/Wildcraft/%E5%BC%80%E5%8F%91%E7%8E%AF%E5%A2%83/cache/labs/p6/server/libraries/net/fabricmc/sponge-mixin/0.17.4+mixin.0.8.7/sponge-mixin-0.17.4+mixin.0.8.7.jar Service=Knot/Fabric Env=SERVER
[11:40:19] [main/INFO]: Initializing MixinExtras via com.llamalad7.mixinextras.service.MixinExtrasServiceImpl(version=0.5.5).
WARNING: A restricted method in java.lang.System has been called
WARNING: java.lang.System::load has been called by com.sun.jna.Native in an unnamed module (file:/Volumes/%E4%BB%95%E4%BA%8B/Wildcraft/%E5%BC%80%E5%8F%91%E7%8E%AF%E5%A2%83/cache/labs/p6/server/libraries/net/java/dev/jna/jna/5.17.0/jna-5.17.0.jar)
WARNING: Use --enable-native-access=ALL-UNNAMED to avoid a warning for callers in this module
WARNING: Restricted methods will be blocked in a future release unless native access is enabled

[11:40:20] [main/WARN]: Unable to parse version 27.0 to a codename.
WARNING: A terminally deprecated method in sun.misc.Unsafe has been called
WARNING: sun.misc.Unsafe::objectFieldOffset has been called by org.joml.MemUtil$MemUtilUnsafe (file:/Volumes/%E4%BB%95%E4%BA%8B/Wildcraft/%E5%BC%80%E5%8F%91%E7%8E%AF%E5%A2%83/cache/labs/p6/server/libraries/org/joml/joml/1.10.9/joml-1.10.9.jar)
WARNING: Please consider reporting this to the maintainers of class org.joml.MemUtil$MemUtilUnsafe
WARNING: sun.misc.Unsafe::objectFieldOffset will be removed in a future release
[11:40:22] [main/INFO]: Wildcraft P6 initialization complete; mechanics, energy, cooking, temperature and traversal registered.
[11:40:22] [main/INFO]: Environment: Environment[discoveryUrl=https://discovery.minecraftservices.com/minecraft/client, name=PROD]
[11:40:23] [Worker-Main-6/INFO]: Loaded 1872 advancements
[11:40:23] [main/INFO]: Applied 0 biome modifications to 0 of 67 new biomes in 586.8 μs
[11:40:23] [Server thread/INFO]: Starting minecraft server version 26.3
[11:40:23] [Server thread/INFO]: Loading properties
[11:40:23] [Server thread/INFO]: Default game type: SURVIVAL
[11:40:23] [Server thread/INFO]: Generating keypair
[11:40:23] [Server thread/INFO]: Starting Minecraft server on 127.0.0.1:25636
[11:40:24] [Server thread/WARN]: **** SERVER IS RUNNING IN OFFLINE/INSECURE MODE!
[11:40:24] [Server thread/WARN]: The server will make no attempt to authenticate usernames. Beware.
[11:40:24] [Server thread/WARN]: While this makes the game possible to play without internet access, it also opens up the ability for hackers to connect with any username they choose.
[11:40:24] [Server thread/WARN]: To change this, set "online-mode" to "true" in the server.properties file.
[11:40:24] [Server thread/INFO]: Preparing level "P6Lab"
[11:40:24] [Server thread/INFO]: Loading 0 persistent chunks...
[11:40:24] [Server thread/INFO]: Preparing spawn area: 100%
[11:40:24] [Server thread/INFO]: Time elapsed: 32 ms
[11:40:24] [Server thread/INFO]: Done (0.143s)! For help, type "help"
[11:40:24] [Server thread/INFO]: Saving chunks for level 'ServerLevel[P6Lab]'/minecraft:overworld
[11:40:24] [Server thread/INFO]: Saving chunks for level 'ServerLevel[P6Lab]'/minecraft:the_nether
[11:40:24] [Server thread/INFO]: Saving chunks for level 'ServerLevel[P6Lab]'/minecraft:the_end
[11:40:44] [Server thread/INFO]: WCActor[/127.0.0.1:63549] logged in with entity id 1 at (10.5, -60.0, 4.5)
[11:40:44] [Server thread/INFO]: System chat: WCActor joined the game
[11:40:50] [Server thread/INFO]: WCObserver[/127.0.0.1:63567] logged in with entity id 5 at (-7.5, 120.0, 0.5)
[11:40:50] [Server thread/INFO]: System chat: WCObserver joined the game
[11:40:54] [Server thread/INFO]: [STDOUT]: WILDCRAFT P6 server stage=1
[11:40:57] [Server thread/INFO]: [STDOUT]: WILDCRAFT P6 server stage=2
[11:41:00] [Server thread/INFO]: [STDOUT]: WILDCRAFT P6 server stage=3
[11:41:04] [Server thread/INFO]: [STDOUT]: WILDCRAFT P6 server stage=4
[11:41:07] [Server thread/INFO]: [STDOUT]: WILDCRAFT P6 server stage=5
[11:41:10] [Server thread/INFO]: [STDOUT]: WILDCRAFT P6 server stage=6
[11:41:14] [Server thread/INFO]: [STDOUT]: WILDCRAFT P6 server stage=7
[11:41:17] [Server thread/INFO]: [STDOUT]: WILDCRAFT P6 TWO ORDINARY CLIENTS PASSED: competing native installs, owner guard, battery/rider intent, independent public tracking, finite charge and exact native recovery; remaining=174
[11:41:17] [Server thread/INFO]: [STDOUT]: WILDCRAFT P6 server stage=8
[11:41:19] [Server thread/INFO]: WCActor lost connection: Disconnected
[11:41:19] [Server thread/INFO]: System chat: WCActor left the game
[11:41:19] [Server thread/INFO]: WCObserver lost connection: Disconnected
[11:41:19] [Server thread/INFO]: System chat: WCObserver left the game
[11:42:05] [Server thread/INFO]: System chat: Stopping the server
[11:42:05] [Server thread/INFO]: Stopping server
[11:42:05] [Server thread/INFO]: Saving players
[11:42:05] [Server thread/INFO]: Saving worlds
[11:42:05] [Server thread/INFO]: Saving chunks for level 'ServerLevel[P6Lab]'/minecraft:overworld
[11:42:05] [Server thread/INFO]: Saving chunks for level 'ServerLevel[P6Lab]'/minecraft:the_nether
[11:42:05] [Server thread/INFO]: Saving chunks for level 'ServerLevel[P6Lab]'/minecraft:the_end

BUILD SUCCESSFUL in 1m 47s
1 actionable task: 1 executed
