Starting a Gradle Daemon (subsequent builds will be faster)

> Configure project :
Fabric Loom: 1.18.2

> Task :compileJava UP-TO-DATE
> Task :processResources UP-TO-DATE
> Task :classes UP-TO-DATE
> Task :compileClientJava UP-TO-DATE
> Task :processClientResources UP-TO-DATE
> Task :processIncludeJars UP-TO-DATE
> Task :jar UP-TO-DATE
> Task :sourcesJar UP-TO-DATE
> Task :assemble UP-TO-DATE
> Task :clientClasses UP-TO-DATE

> Task :compileGametestJava
/Volumes/仕事/Wildcraft/开发环境/project/src/gametest/java/dev/wildcraft/test/research/ResearchGameTests.java:75: 警告: [removal] GameTestHelper 中的 makeMockServerPlayerInLevel() 已过时, 且标记为待删除
        var player = helper.makeMockServerPlayerInLevel();
                           ^
/Volumes/仕事/Wildcraft/开发环境/project/src/gametest/java/dev/wildcraft/test/research/ResearchGameTests.java:101: 警告: [removal] GameTestHelper 中的 makeMockServerPlayerInLevel() 已过时, 且标记为待删除
        var rider = helper.makeMockServerPlayerInLevel();
                          ^
/Volumes/仕事/Wildcraft/开发环境/project/src/gametest/java/dev/wildcraft/test/MechanicsGameTests.java:22: 警告: [removal] GameTestHelper 中的 makeMockServerPlayerInLevel() 已过时, 且标记为待删除
            var p=h.makeMockServerPlayerInLevel();body.setOwner(p.getUUID());p.setGameMode(net.minecraft.world.level.GameType.CREATIVE);
                   ^
/Volumes/仕事/Wildcraft/开发环境/project/src/gametest/java/dev/wildcraft/test/MechanicsGameTests.java:38: 警告: [removal] GameTestHelper 中的 makeMockServerPlayerInLevel() 已过时, 且标记为待删除
        var p=h.makeMockServerPlayerInLevel();body.setOwner(p.getUUID());p.setPos(body.position().add(0,0,-2));look(p,body.position().add(MachineNodes.point(2)));
               ^
/Volumes/仕事/Wildcraft/开发环境/project/src/gametest/java/dev/wildcraft/test/MechanicsGameTests.java:44: 警告: [removal] GameTestHelper 中的 makeMockServerPlayerInLevel() 已过时, 且标记为待删除
        var guest=h.makeMockServerPlayerInLevel();guest.setPos(p.position());look(guest,body.position().add(MachineNodes.point(2)));
                   ^
/Volumes/仕事/Wildcraft/开发环境/project/src/gametest/java/dev/wildcraft/test/MechanicsGameTests.java:61: 警告: [removal] GameTestHelper 中的 makeMockServerPlayerInLevel() 已过时, 且标记为待删除
        var p=h.makeMockServerPlayerInLevel();body.setOwner(p.getUUID());
               ^
/Volumes/仕事/Wildcraft/开发环境/project/src/gametest/java/dev/wildcraft/test/MechanicsGameTests.java:82: 警告: [removal] GameTestHelper 中的 makeMockServerPlayerInLevel() 已过时, 且标记为待删除
        var p=h.makeMockServerPlayerInLevel();p.setPos(body.position());body.setOwner(p.getUUID());
               ^
/Volumes/仕事/Wildcraft/开发环境/project/src/gametest/java/dev/wildcraft/test/MechanicsGameTests.java:96: 警告: [removal] GameTestHelper 中的 makeMockServerPlayerInLevel() 已过时, 且标记为待删除
        var p=h.makeMockServerPlayerInLevel();p.setPos(body.position());body.setOwner(p.getUUID());
               ^
/Volumes/仕事/Wildcraft/开发环境/project/src/gametest/java/dev/wildcraft/test/MechanicsGameTests.java:108: 警告: [removal] GameTestHelper 中的 makeMockServerPlayerInLevel() 已过时, 且标记为待删除
        var p=h.makeMockServerPlayerInLevel();var target=h.absolutePos(new BlockPos(1,1,1));
               ^
/Volumes/仕事/Wildcraft/开发环境/project/src/gametest/java/dev/wildcraft/test/MechanicsGameTests.java:122: 警告: [removal] GameTestHelper 中的 makeMockServerPlayerInLevel() 已过时, 且标记为待删除
        var p=h.makeMockServerPlayerInLevel();p.setPos(body.position());body.setOwner(p.getUUID());
               ^
/Volumes/仕事/Wildcraft/开发环境/project/src/gametest/java/dev/wildcraft/test/MechanicsGameTests.java:137: 警告: [removal] GameTestHelper 中的 makeMockServerPlayerInLevel() 已过时, 且标记为待删除
        var p=h.makeMockServerPlayerInLevel();p.setPos(body.position());body.setOwner(p.getUUID());
               ^
/Volumes/仕事/Wildcraft/开发环境/project/src/gametest/java/dev/wildcraft/test/MechanicsGameTests.java:150: 警告: [removal] GameTestHelper 中的 makeMockServerPlayerInLevel() 已过时, 且标记为待删除
        var guest=h.makeMockServerPlayerInLevel();guest.setPos(body.position());
                   ^
/Volumes/仕事/Wildcraft/开发环境/project/src/gametest/java/dev/wildcraft/test/MechanicsGameTests.java:166: 警告: [removal] GameTestHelper 中的 makeMockServerPlayerInLevel() 已过时, 且标记为待删除
        var body=h.spawn(MechanicsContent.MACHINE,new Vec3(1,2,1),EntitySpawnReason.COMMAND);var p=h.makeMockServerPlayerInLevel();p.setPos(body.position());body.setOwner(p.getUUID());
                                                                                                    ^
/Volumes/仕事/Wildcraft/开发环境/project/src/gametest/java/dev/wildcraft/test/MechanicsGameTests.java:179: 警告: [removal] GameTestHelper 中的 makeMockServerPlayerInLevel() 已过时, 且标记为待删除
        var p=h.makeMockServerPlayerInLevel();p.setPos(body.position());body.setOwner(p.getUUID());
               ^
/Volumes/仕事/Wildcraft/开发环境/project/src/gametest/java/dev/wildcraft/test/MechanicsGameTests.java:196: 警告: [removal] GameTestHelper 中的 makeMockServerPlayerInLevel() 已过时, 且标记为待删除
        var body=h.spawn(MechanicsContent.MACHINE,new Vec3(2,4,2),EntitySpawnReason.COMMAND);var p=h.makeMockServerPlayerInLevel();p.setPos(body.position());body.setOwner(p.getUUID());
                                                                                                    ^
/Volumes/仕事/Wildcraft/开发环境/project/src/gametest/java/dev/wildcraft/test/BackEquipmentGameTests.java:29: 警告: [removal] GameTestHelper 中的 makeMockServerPlayerInLevel() 已过时, 且标记为待删除
        ServerPlayer p=h.makeMockServerPlayerInLevel();
                        ^
/Volumes/仕事/Wildcraft/开发环境/project/src/gametest/java/dev/wildcraft/test/BackEquipmentGameTests.java:46: 警告: [removal] GameTestHelper 中的 makeMockServerPlayerInLevel() 已过时, 且标记为待删除
        ServerPlayer p = h.makeMockServerPlayerInLevel();
                          ^
/Volumes/仕事/Wildcraft/开发环境/project/src/gametest/java/dev/wildcraft/test/BackEquipmentGameTests.java:52: 警告: [removal] GameTestHelper 中的 makeMockServerPlayerInLevel() 已过时, 且标记为待删除
        var victim = h.makeMockServerPlayerInLevel();
                      ^
/Volumes/仕事/Wildcraft/开发环境/project/src/gametest/java/dev/wildcraft/test/BackEquipmentGameTests.java:80: 警告: [removal] GameTestHelper 中的 makeMockServerPlayerInLevel() 已过时, 且标记为待删除
        ServerPlayer p = h.makeMockServerPlayerInLevel();
                          ^
/Volumes/仕事/Wildcraft/开发环境/project/src/gametest/java/dev/wildcraft/test/BackEquipmentGameTests.java:98: 警告: [removal] GameTestHelper 中的 makeMockServerPlayerInLevel() 已过时, 且标记为待删除
        ServerPlayer p = h.makeMockServerPlayerInLevel();
                          ^
/Volumes/仕事/Wildcraft/开发环境/project/src/gametest/java/dev/wildcraft/test/BackEquipmentGameTests.java:122: 警告: [removal] GameTestHelper 中的 makeMockServerPlayerInLevel() 已过时, 且标记为待删除
        ServerPlayer p = h.makeMockServerPlayerInLevel();
                          ^
/Volumes/仕事/Wildcraft/开发环境/project/src/gametest/java/dev/wildcraft/test/BackEquipmentGameTests.java:141: 警告: [removal] GameTestHelper 中的 makeMockServerPlayerInLevel() 已过时, 且标记为待删除
        ServerPlayer p = h.makeMockServerPlayerInLevel();
                          ^
/Volumes/仕事/Wildcraft/开发环境/project/src/gametest/java/dev/wildcraft/test/CookingGameTests.java:77: 警告: [removal] GameTestHelper 中的 makeMockServerPlayerInLevel() 已过时, 且标记为待删除
        var p=h.makeMockServerPlayerInLevel();
               ^
/Volumes/仕事/Wildcraft/开发环境/project/src/gametest/java/dev/wildcraft/test/CookingGameTests.java:103: 警告: [removal] GameTestHelper 中的 makeMockServerPlayerInLevel() 已过时, 且标记为待删除
        var p=h.makeMockServerPlayerInLevel();var level=h.getLevel();var pos=h.absolutePos(new net.minecraft.core.BlockPos(1,2,1));
               ^
/Volumes/仕事/Wildcraft/开发环境/project/src/gametest/java/dev/wildcraft/test/TemperatureGameTests.java:21: 警告: [removal] GameTestHelper 中的 makeMockServerPlayerInLevel() 已过时, 且标记为待删除
        var p=h.makeMockServerPlayerInLevel();var pos=h.absolutePos(new BlockPos(1,3,1));p.teleportTo(pos.getX()+.5,pos.getY(),pos.getZ()+.5);
               ^
/Volumes/仕事/Wildcraft/开发环境/project/src/gametest/java/dev/wildcraft/test/TemperatureGameTests.java:43: 警告: [removal] GameTestHelper 中的 makeMockServerPlayerInLevel() 已过时, 且标记为待删除
        var p=h.makeMockServerPlayerInLevel();var pos=h.absolutePos(new BlockPos(1,2,1));p.teleportTo(pos.getX()+.5,pos.getY(),pos.getZ()+.5);
               ^
/Volumes/仕事/Wildcraft/开发环境/project/src/gametest/java/dev/wildcraft/test/TemperatureGameTests.java:61: 警告: [removal] GameTestHelper 中的 makeMockServerPlayerInLevel() 已过时, 且标记为待删除
        var p=h.makeMockServerPlayerInLevel();var pos=h.absolutePos(new BlockPos(1,2,1));p.teleportTo(pos.getX()+.5,pos.getY(),pos.getZ()+.5);
               ^
/Volumes/仕事/Wildcraft/开发环境/project/src/gametest/java/dev/wildcraft/test/TemperatureGameTests.java:84: 警告: [removal] GameTestHelper 中的 makeMockServerPlayerInLevel() 已过时, 且标记为待删除
        var a=h.makeMockServerPlayerInLevel();var b=h.makeMockServerPlayerInLevel();
               ^
/Volumes/仕事/Wildcraft/开发环境/project/src/gametest/java/dev/wildcraft/test/TemperatureGameTests.java:84: 警告: [removal] GameTestHelper 中的 makeMockServerPlayerInLevel() 已过时, 且标记为待删除
        var a=h.makeMockServerPlayerInLevel();var b=h.makeMockServerPlayerInLevel();
                                                     ^
/Volumes/仕事/Wildcraft/开发环境/project/src/gametest/java/dev/wildcraft/test/GlidingGameTests.java:171: 警告: [removal] GameTestHelper 中的 makeMockServerPlayerInLevel() 已过时, 且标记为待删除
        ServerPlayer p = h.makeMockServerPlayerInLevel();
                          ^
/Volumes/仕事/Wildcraft/开发环境/project/src/gametest/java/dev/wildcraft/test/ClimbingGameTests.java:131: 警告: [removal] GameTestHelper 中的 makeMockServerPlayerInLevel() 已过时, 且标记为待删除
        ServerPlayer p = h.makeMockServerPlayerInLevel();
                          ^
/Volumes/仕事/Wildcraft/开发环境/project/src/gametest/java/dev/wildcraft/test/FocusGameTests.java:17: 警告: [removal] GameTestHelper 中的 makeMockServerPlayerInLevel() 已过时, 且标记为待删除
        var p = h.makeMockServerPlayerInLevel();
                 ^
/Volumes/仕事/Wildcraft/开发环境/project/src/gametest/java/dev/wildcraft/test/FocusGameTests.java:30: 警告: [removal] GameTestHelper 中的 makeMockServerPlayerInLevel() 已过时, 且标记为待删除
        var p = h.makeMockServerPlayerInLevel(); p.getAbilities().mayfly = false; p.setOnGround(false);
                 ^
/Volumes/仕事/Wildcraft/开发环境/project/src/gametest/java/dev/wildcraft/test/EnergyGameTests.java:60: 警告: [removal] GameTestHelper 中的 makeMockServerPlayerInLevel() 已过时, 且标记为待删除
        var p=h.makeMockServerPlayerInLevel();var menu=(ChargerMenu)charger.createMenu(4,p.getInventory(),p);
               ^
/Volumes/仕事/Wildcraft/开发环境/project/src/gametest/java/dev/wildcraft/test/PlayerStaminaGameTests.java:55: 警告: [removal] GameTestHelper 中的 makeMockServerPlayerInLevel() 已过时, 且标记为待删除
        ServerPlayer first = helper.makeMockServerPlayerInLevel();
                                   ^
/Volumes/仕事/Wildcraft/开发环境/project/src/gametest/java/dev/wildcraft/test/PlayerStaminaGameTests.java:56: 警告: [removal] GameTestHelper 中的 makeMockServerPlayerInLevel() 已过时, 且标记为待删除
        ServerPlayer second = helper.makeMockServerPlayerInLevel();
                                    ^
/Volumes/仕事/Wildcraft/开发环境/project/src/gametest/java/dev/wildcraft/test/PlayerStaminaGameTests.java:78: 警告: [removal] GameTestHelper 中的 makeMockServerPlayerInLevel() 已过时, 且标记为待删除
        ServerPlayer player = helper.makeMockServerPlayerInLevel();
                                    ^
注: 某些输入文件使用或覆盖了已过时的 API。
注: 有关详细信息, 请使用 -Xlint:deprecation 重新编译。
37 个警告

> Task :deleteGameTestRunDir
> Task :acceptGameTestEula
> Task :generateLog4jConfig UP-TO-DATE
> Task :generateDLIConfig UP-TO-DATE
> Task :configureLaunch
> Task :processGametestResources
> Task :gametestClasses

> Task :runGameTest
[34m[14:39:09][m [32m[main/INFO][m [36m(FabricLoader/GameProvider)[m [0mLoading Minecraft 26.3 with Fabric Loader 0.19.5
[m[34m[14:39:09][m [32m[main/INFO][m [36m(FabricLoader/Mappings)[m [0mMappings not present!
[m[34m[14:39:09][m [32m[main/INFO][m [36m(FabricLoader)[m [0mLoading 45 mods:
	- fabric-advancement-api-v1 1.0.0+38c7a2d55d
	- fabric-api 0.161.0+26.3
	- fabric-api-base 2.0.6+fcdff87f5d
	- fabric-api-lookup-api-v1 2.0.24+3434d6d95d
	- fabric-biome-api-v1 20.0.9+74ed1ea55d
	- fabric-block-api-v1 3.1.0+0ae6f9115d
	- fabric-block-getter-api-v2 2.0.9+3434d6d95d
	- fabric-command-api-v2 3.1.2+fcdff87f5d
	- fabric-content-registries-v0 15.0.4+74ed1ea55d
	- fabric-convention-tags-v2 4.10.3+6b5b47fd5d
	- fabric-crash-report-info-v1 1.0.7+fcdff87f5d
	- fabric-creative-tab-api-v1 5.0.21+fcdff87f5d
	- fabric-data-attachment-api-v1 2.2.30+3434d6d95d
	- fabric-data-generation-api-v1 27.2.4+427eab975d
	- fabric-debug-api-v1 1.0.4+3434d6d95d
	- fabric-dimensions-v1 5.1.19+47f74c985d
	- fabric-entity-events-v1 6.0.4+3434d6d95d
	- fabric-events-interaction-v0 5.3.6+3434d6d95d
	- fabric-game-rule-api-v1 4.0.10+3434d6d95d
	- fabric-gametest-api-v1 4.0.32+3434d6d95d
	- fabric-item-api-v1 14.7.0+cf6bc2db5d
	- fabric-lifecycle-events-v1 4.1.9+ffef5f675d
	- fabric-loot-api-v3 4.0.8+4068fd645d
	- fabric-menu-api-v1 2.0.27+ed66f0a35d
	- fabric-message-api-v1 7.0.10+3434d6d95d
	- fabric-networking-api-v1 6.3.8+fcdff87f5d
	- fabric-object-builder-api-v1 24.1.9+3434d6d95d
	- fabric-particles-v1 5.0.24+3434d6d95d
	- fabric-permission-api-v1 1.0.8+fcdff87f5d
	- fabric-recipe-api-v1 10.0.8+fcdff87f5d
	- fabric-registry-sync-v0 8.0.1+fcdff87f5d
	- fabric-rendering-fluids-v1 6.0.6+3434d6d95d
	- fabric-resource-conditions-api-v1 6.1.5+3434d6d95d
	- fabric-resource-loader-v0 3.3.26+4fc5413f5d
	- fabric-resource-loader-v1 3.0.4+fcdff87f5d
	- fabric-serialization-api-v1 2.0.7+74ed1ea55d
	- fabric-tag-api-v1 2.1.10+fcdff87f5d
	- fabric-transfer-api-v1 8.0.25+fcdff87f5d
	- fabric-transitive-access-wideners-v1 8.1.16+52268a0e5d
	- fabricloader 0.19.5
	- java 25
	- minecraft 26.3
	- mixinextras 0.5.5
	- wildcraft 0.1.0-dev.12
	- wildcraft-test 1.0.0
[m[34m[14:39:09][m [32m[main/INFO][m [36m(FabricLoader/Mixin)[m [0mSpongePowered MIXIN Subsystem Version=0.8.7 Source=file:/Volumes/%e4%bb%95%e4%ba%8b/Wildcraft/%e5%bc%80%e5%8f%91%e7%8e%af%e5%a2%83/cache/gradle/caches/modules-2/files-2.1/net.fabricmc/sponge-mixin/0.17.4+mixin.0.8.7/5f66cc9f59b8efaa942155a3d5a30599bf6640dd/sponge-mixin-0.17.4+mixin.0.8.7.jar Service=Knot/Fabric Env=SERVER
[m[34m[14:39:10][m [32m[main/INFO][m [36m(FabricLoader/MixinExtras|Service)[m [0mInitializing MixinExtras via com.llamalad7.mixinextras.service.MixinExtrasServiceImpl(version=0.5.5).
[m[34m[14:39:10][m [33m[main/WARN][m [36m(MacOperatingSystem)[m [0mUnable to parse version 27.0 to a codename.
[m[34m[14:39:13][m [32m[main/INFO][m [36m(wildcraft)[m [0mWildcraft P6 initialization complete; mechanics, energy, cooking, temperature and traversal registered.
[m[34m[14:39:13][m [32m[main/INFO][m [36m(Minecraft)[m [0mEnvironment: Environment[discoveryUrl=https://discovery.minecraftservices.com/minecraft/client, name=PROD]
[m[34m[14:39:13][m [32m[main/INFO][m [36m(FabricGameTestRunner)[m [0mStarting test server
[m[34m[14:39:14][m [32m[Worker-Main-6/INFO][m [36m(Minecraft)[m [0mLoaded 1872 advancements
[m[34m[14:39:14][m [32m[main/INFO][m [36m(BiomeModificationImpl)[m [0mApplied 0 biome modifications to 0 of 67 new biomes in 539.7 μs
[m[34m[14:39:14][m [32m[Server thread/INFO][m [36m(Minecraft)[m [0mSelecting global world spawn...
[m[34m[14:39:14][m [32m[Server thread/INFO][m [36m(Minecraft)[m [0mLoading 0 persistent chunks...
[m[34m[14:39:14][m [32m[Server thread/INFO][m [36m(Minecraft)[m [0mPreparing spawn area: 100%
[m[34m[14:39:14][m [32m[Server thread/INFO][m [36m(Minecraft)[m [0mTime elapsed: 99 ms
[m[34m[14:39:14][m [32m[Server thread/INFO][m [36m(Minecraft)[m [0mStarted game test server
[m[34m[14:39:15][m [32m[Server thread/INFO][m [36m(Minecraft)[m [0m51 tests are now running at position -14705656, 4, 6659027!
[m[34m[14:39:15][m [32m[Server thread/INFO][m [36m(Minecraft)[m [0mRunning test environment 'minecraft:default' batch 0 (50 tests)...
[m[34m[14:39:16][m [32m[Server thread/INFO][m [36m(Minecraft)[m [0mtest-mock-player[embedded] logged in with entity id 23 at (0.0, 0.0, 0.0)
[m[34m[14:39:16][m [32m[Server thread/INFO][m [36m(Minecraft)[m [0mSystem chat: test-mock-player joined the game
[m[34m[14:39:16][m [32m[Server thread/INFO][m [36m(Minecraft)[m [0mtest-mock-player[embedded] logged in with entity id 26 at (0.0, 0.0, 0.0)
[m[34m[14:39:16][m [32m[Server thread/INFO][m [36m(Minecraft)[m [0mSystem chat: test-mock-player joined the game
[m[34m[14:39:16][m [32m[Server thread/INFO][m [36m(Minecraft)[m [0mtest-mock-player[embedded] logged in with entity id 27 at (0.0, 0.0, 0.0)
[m[34m[14:39:16][m [32m[Server thread/INFO][m [36m(Minecraft)[m [0mSystem chat: test-mock-player joined the game
[m[34m[14:39:16][m [32m[Server thread/INFO][m [36m(Minecraft)[m [0mtest-mock-player[embedded] logged in with entity id 31 at (0.0, 0.0, 0.0)
[m[34m[14:39:16][m [32m[Server thread/INFO][m [36m(Minecraft)[m [0mSystem chat: test-mock-player joined the game
[m[34m[14:39:16][m [32m[Server thread/INFO][m [36m(Minecraft)[m [0mtest-mock-player[embedded] logged in with entity id 32 at (0.0, 0.0, 0.0)
[m[34m[14:39:16][m [32m[Server thread/INFO][m [36m(Minecraft)[m [0mSystem chat: test-mock-player joined the game
[m[34m[14:39:16][m [32m[Server thread/INFO][m [36m(Minecraft)[m [0mtest-mock-player[embedded] logged in with entity id 33 at (0.0, 0.0, 0.0)
[m[34m[14:39:16][m [32m[Server thread/INFO][m [36m(Minecraft)[m [0mSystem chat: test-mock-player joined the game
[m[34m[14:39:16][m [32m[Server thread/INFO][m [36m(Minecraft)[m [0mtest-mock-player[embedded] logged in with entity id 34 at (0.0, 0.0, 0.0)
[m[34m[14:39:16][m [32m[Server thread/INFO][m [36m(Minecraft)[m [0mSystem chat: test-mock-player joined the game
[m[34m[14:39:16][m [32m[Server thread/INFO][m [36m(Minecraft)[m [0mtest-mock-player[embedded] logged in with entity id 35 at (0.0, 0.0, 0.0)
[m[34m[14:39:16][m [32m[Server thread/INFO][m [36m(Minecraft)[m [0mSystem chat: test-mock-player joined the game
[m[34m[14:39:16][m [32m[Server thread/INFO][m [36m(Minecraft)[m [0mtest-mock-player[embedded] logged in with entity id 36 at (0.0, 0.0, 0.0)
[m[34m[14:39:16][m [32m[Server thread/INFO][m [36m(Minecraft)[m [0mSystem chat: test-mock-player joined the game
[m[34m[14:39:16][m [32m[Server thread/INFO][m [36m(Minecraft)[m [0mtest-mock-player[embedded] logged in with entity id 37 at (0.0, 0.0, 0.0)
[m[34m[14:39:16][m [32m[Server thread/INFO][m [36m(Minecraft)[m [0mSystem chat: test-mock-player joined the game
[m[34m[14:39:16][m [32m[Server thread/INFO][m [36m(Minecraft)[m [0mtest-mock-player[embedded] logged in with entity id 39 at (0.0, 0.0, 0.0)
[m[34m[14:39:16][m [32m[Server thread/INFO][m [36m(Minecraft)[m [0mSystem chat: test-mock-player joined the game
[m[34m[14:39:16][m [32m[Server thread/INFO][m [36m(Minecraft)[m [0mtest-mock-player[embedded] logged in with entity id 40 at (0.0, 0.0, 0.0)
[m[34m[14:39:16][m [32m[Server thread/INFO][m [36m(Minecraft)[m [0mSystem chat: test-mock-player joined the game
[m[34m[14:39:16][m [32m[Server thread/INFO][m [36m(Minecraft)[m [0mtest-mock-player[embedded] logged in with entity id 41 at (0.0, 0.0, 0.0)
[m[34m[14:39:16][m [32m[Server thread/INFO][m [36m(Minecraft)[m [0mSystem chat: test-mock-player joined the game
[m[34m[14:39:16][m [32m[Server thread/INFO][m [36m(Minecraft)[m [0mtest-mock-player[embedded] logged in with entity id 42 at (0.0, 0.0, 0.0)
[m[34m[14:39:16][m [32m[Server thread/INFO][m [36m(Minecraft)[m [0mSystem chat: test-mock-player joined the game
[m[34m[14:39:16][m [32m[Server thread/INFO][m [36m(Minecraft)[m [0mtest-mock-player[embedded] logged in with entity id 44 at (0.0, 0.0, 0.0)
[m[34m[14:39:16][m [32m[Server thread/INFO][m [36m(Minecraft)[m [0mSystem chat: test-mock-player joined the game
[m[34m[14:39:16][m [32m[Server thread/INFO][m [36m(Minecraft)[m [0mtest-mock-player[embedded] logged in with entity id 46 at (0.0, 0.0, 0.0)
[m[34m[14:39:16][m [32m[Server thread/INFO][m [36m(Minecraft)[m [0mSystem chat: test-mock-player joined the game
[m[34m[14:39:16][m [32m[Server thread/INFO][m [36m(Minecraft)[m [0mtest-mock-player[embedded] logged in with entity id 47 at (0.0, 0.0, 0.0)
[m[34m[14:39:16][m [32m[Server thread/INFO][m [36m(Minecraft)[m [0mSystem chat: test-mock-player joined the game
[m[34m[14:39:16][m [32m[Server thread/INFO][m [36m(Minecraft)[m [0mtest-mock-player[embedded] logged in with entity id 48 at (0.0, 0.0, 0.0)
[m[34m[14:39:16][m [32m[Server thread/INFO][m [36m(Minecraft)[m [0mSystem chat: test-mock-player joined the game
[m[34m[14:39:16][m [32m[Server thread/INFO][m [36m(Minecraft)[m [0mtest-mock-player[embedded] logged in with entity id 49 at (0.0, 0.0, 0.0)
[m[34m[14:39:16][m [32m[Server thread/INFO][m [36m(Minecraft)[m [0mSystem chat: test-mock-player joined the game
[m[34m[14:39:16][m [32m[Server thread/INFO][m [36m(Minecraft)[m [0mSystem chat: test-mock-player has made the advancement [Ol' Betsy]
[m[34m[14:39:16][m [32m[Server thread/INFO][m [36m(Minecraft)[m [0mtest-mock-player[embedded] logged in with entity id 51 at (0.0, 0.0, 0.0)
[m[34m[14:39:16][m [32m[Server thread/INFO][m [36m(Minecraft)[m [0mSystem chat: test-mock-player joined the game
[m[34m[14:39:16][m [32m[Server thread/INFO][m [36m(Minecraft)[m [0mtest-mock-player[embedded] logged in with entity id 52 at (0.0, 0.0, 0.0)
[m[34m[14:39:16][m [32m[Server thread/INFO][m [36m(Minecraft)[m [0mSystem chat: test-mock-player joined the game
[m[34m[14:39:16][m [32m[Server thread/INFO][m [36m(Minecraft)[m [0mtest-mock-player[embedded] logged in with entity id 54 at (0.0, 0.0, 0.0)
[m[34m[14:39:16][m [32m[Server thread/INFO][m [36m(Minecraft)[m [0mSystem chat: test-mock-player joined the game
[m[34m[14:39:16][m [32m[Server thread/INFO][m [36m(Minecraft)[m [0mtest-mock-player[embedded] logged in with entity id 55 at (0.0, 0.0, 0.0)
[m[34m[14:39:16][m [32m[Server thread/INFO][m [36m(Minecraft)[m [0mSystem chat: test-mock-player joined the game
[m[34m[14:39:16][m [32m[Server thread/INFO][m [36m(Minecraft)[m [0mtest-mock-player[embedded] logged in with entity id 56 at (0.0, 0.0, 0.0)
[m[34m[14:39:16][m [32m[Server thread/INFO][m [36m(Minecraft)[m [0mSystem chat: test-mock-player joined the game
[m[34m[14:39:16][m [32m[Server thread/INFO][m [36m(Minecraft)[m [0mtest-mock-player[embedded] logged in with entity id 57 at (0.0, 0.0, 0.0)
[m[34m[14:39:16][m [32m[Server thread/INFO][m [36m(Minecraft)[m [0mSystem chat: test-mock-player joined the game
[m[34m[14:39:16][m [32m[Server thread/INFO][m [36m(Minecraft)[m [0mtest-mock-player[embedded] logged in with entity id 58 at (0.0, 0.0, 0.0)
[m[34m[14:39:16][m [32m[Server thread/INFO][m [36m(Minecraft)[m [0mSystem chat: test-mock-player joined the game
[m[34m[14:39:16][m [32m[Server thread/INFO][m [36m(Minecraft)[m [0mtest-mock-player[embedded] logged in with entity id 59 at (0.0, 0.0, 0.0)
[m[34m[14:39:16][m [32m[Server thread/INFO][m [36m(Minecraft)[m [0mSystem chat: test-mock-player joined the game
[m[34m[14:39:16][m [32m[Server thread/INFO][m [36m(Minecraft)[m [0mtest-mock-player[embedded] logged in with entity id 60 at (0.0, 0.0, 0.0)
[m[34m[14:39:16][m [32m[Server thread/INFO][m [36m(Minecraft)[m [0mSystem chat: test-mock-player joined the game
[m[34m[14:39:16][m [32m[Server thread/INFO][m [36m(Minecraft)[m [0m[STDOUT]: WILDCRAFT P4A sample probe: 100 samples 8.60025ms; block reads=27200
[m[34m[14:39:16][m [32m[Server thread/INFO][m [36m(Minecraft)[m [0mtest-mock-player[embedded] logged in with entity id 61 at (0.0, 0.0, 0.0)
[m[34m[14:39:16][m [32m[Server thread/INFO][m [36m(Minecraft)[m [0mSystem chat: test-mock-player joined the game
[m[34m[14:39:16][m [32m[Server thread/INFO][m [36m(Minecraft)[m [0mtest-mock-player[embedded] logged in with entity id 63 at (0.0, 0.0, 0.0)
[m[34m[14:39:16][m [32m[Server thread/INFO][m [36m(Minecraft)[m [0mSystem chat: test-mock-player joined the game
[m[34m[14:39:16][m [32m[Server thread/INFO][m [36m(Minecraft)[m [0mtest-mock-player[embedded] logged in with entity id 89 at (0.0, 0.0, 0.0)
[m[34m[14:39:16][m [32m[Server thread/INFO][m [36m(Minecraft)[m [0mSystem chat: test-mock-player joined the game
[m[34m[14:39:16][m [32m[Server thread/INFO][m [36m(Minecraft)[m [0mtest-mock-player[embedded] logged in with entity id 90 at (0.0, 0.0, 0.0)
[m[34m[14:39:16][m [32m[Server thread/INFO][m [36m(Minecraft)[m [0mSystem chat: test-mock-player joined the game
[m[34m[14:39:16][m [32m[Server thread/INFO][m [36m(Minecraft)[m [0mtest-mock-player[embedded] logged in with entity id 92 at (0.0, 0.0, 0.0)
[m[34m[14:39:16][m [32m[Server thread/INFO][m [36m(Minecraft)[m [0mSystem chat: test-mock-player joined the game
[m[34m[14:39:16][m [32m[Server thread/INFO][m [36m(Minecraft)[m [0mtest-mock-player[embedded] logged in with entity id 96 at (0.0, 0.0, 0.0)
[m[34m[14:39:16][m [32m[Server thread/INFO][m [36m(Minecraft)[m [0mSystem chat: test-mock-player joined the game
[m[34m[14:39:16][m [32m[Server thread/INFO][m [36m(Minecraft)[m [0mtest-mock-player[embedded] logged in with entity id 98 at (0.0, 0.0, 0.0)
[m[34m[14:39:16][m [32m[Server thread/INFO][m [36m(Minecraft)[m [0mSystem chat: test-mock-player joined the game
[m[34m[14:39:16][m [32m[Server thread/INFO][m [36m(Minecraft)[m [0mtest-mock-player[embedded] logged in with entity id 100 at (0.0, 0.0, 0.0)
[m[34m[14:39:16][m [32m[Server thread/INFO][m [36m(Minecraft)[m [0mSystem chat: test-mock-player joined the game
[m[34m[14:39:16][m [32m[Server thread/INFO][m [36m(Minecraft)[m [0mtest-mock-player[embedded] logged in with entity id 102 at (0.0, 0.0, 0.0)
[m[34m[14:39:16][m [32m[Server thread/INFO][m [36m(Minecraft)[m [0mSystem chat: test-mock-player joined the game
[m[34m[14:39:16][m [32m[Server thread/INFO][m [36m(Minecraft)[m [0mtest-mock-player[embedded] logged in with entity id 105 at (0.0, 0.0, 0.0)
[m[34m[14:39:16][m [32m[Server thread/INFO][m [36m(Minecraft)[m [0mSystem chat: test-mock-player joined the game
[m[34m[14:39:16][m [32m[Server thread/INFO][m [36m(Minecraft)[m [0mtest-mock-player[embedded] logged in with entity id 107 at (0.0, 0.0, 0.0)
[m[34m[14:39:16][m [32m[Server thread/INFO][m [36m(Minecraft)[m [0mSystem chat: test-mock-player joined the game
[m[34m[14:39:16][m [32m[Server thread/INFO][m [36m(Minecraft)[m [0mtest-mock-player[embedded] logged in with entity id 109 at (0.0, 0.0, 0.0)
[m[34m[14:39:16][m [32m[Server thread/INFO][m [36m(Minecraft)[m [0mSystem chat: test-mock-player joined the game
[m[34m[14:39:16][m [32m[Server thread/INFO][m [36m(Minecraft)[m [0mtest-mock-player[embedded] logged in with entity id 111 at (0.0, 0.0, 0.0)
[m[34m[14:39:16][m [32m[Server thread/INFO][m [36m(Minecraft)[m [0mSystem chat: test-mock-player joined the game
[m[34m[14:39:16][m [32m[Server thread/INFO][m [36m(Minecraft)[m [0mtest-mock-player[embedded] logged in with entity id 113 at (0.0, 0.0, 0.0)
[m[34m[14:39:16][m [32m[Server thread/INFO][m [36m(Minecraft)[m [0mSystem chat: test-mock-player joined the game
[m[34m[14:39:16][m [32m[Server thread/INFO][m [36m(Minecraft)[m [0mtest-mock-player[embedded] logged in with entity id 115 at (0.0, 0.0, 0.0)
[m[34m[14:39:16][m [32m[Server thread/INFO][m [36m(Minecraft)[m [0mSystem chat: test-mock-player joined the game
[m[34m[14:39:16][m [32m[Server thread/INFO][m [36m(Minecraft)[m [0mtest-mock-player[embedded] logged in with entity id 117 at (0.0, 0.0, 0.0)
[m[34m[14:39:16][m [32m[Server thread/INFO][m [36m(Minecraft)[m [0mSystem chat: test-mock-player joined the game
[m[34m[14:39:16][m [32m[Server thread/INFO][m [36m(Minecraft)[m [0mtest-mock-player[embedded] logged in with entity id 119 at (0.0, 0.0, 0.0)
[m[34m[14:39:16][m [32m[Server thread/INFO][m [36m(Minecraft)[m [0mSystem chat: test-mock-player joined the game
[m[34m[14:39:16][m [32m[Server thread/INFO][m [36m(Minecraft)[m [0mtest-mock-player[embedded] logged in with entity id 121 at (0.0, 0.0, 0.0)
[m[34m[14:39:16][m [32m[Server thread/INFO][m [36m(Minecraft)[m [0mSystem chat: test-mock-player joined the game
[m[34m[14:39:16][m [32m[Server thread/INFO][m [36m(Minecraft)[m [0mtest-mock-player[embedded] logged in with entity id 123 at (0.0, 0.0, 0.0)
[m[34m[14:39:16][m [32m[Server thread/INFO][m [36m(Minecraft)[m [0mSystem chat: test-mock-player joined the game
[m[34m[14:39:16][m [32m[Server thread/INFO][m [36m(Minecraft)[m [0mtest-mock-player[embedded] logged in with entity id 125 at (0.0, 0.0, 0.0)
[m[34m[14:39:16][m [32m[Server thread/INFO][m [36m(Minecraft)[m [0mSystem chat: test-mock-player joined the game
[m[34m[14:39:16][m [32m[Server thread/INFO][m [36m(Minecraft)[m [0mtest-mock-player[embedded] logged in with entity id 127 at (0.0, 0.0, 0.0)
[m[34m[14:39:16][m [32m[Server thread/INFO][m [36m(Minecraft)[m [0mSystem chat: test-mock-player joined the game
[m[34m[14:39:16][m [32m[Server thread/INFO][m [36m(Minecraft)[m [0mtest-mock-player[embedded] logged in with entity id 129 at (0.0, 0.0, 0.0)
[m[34m[14:39:16][m [32m[Server thread/INFO][m [36m(Minecraft)[m [0mSystem chat: test-mock-player joined the game
[m[34m[14:39:16][m [32m[Server thread/INFO][m [36m(Minecraft)[m [0mtest-mock-player[embedded] logged in with entity id 131 at (0.0, 0.0, 0.0)
[m[34m[14:39:16][m [32m[Server thread/INFO][m [36m(Minecraft)[m [0mSystem chat: test-mock-player joined the game
[m[34m[14:39:16][m [32m[Server thread/INFO][m [36m(Minecraft)[m [0mtest-mock-player[embedded] logged in with entity id 133 at (0.0, 0.0, 0.0)
[m[34m[14:39:16][m [32m[Server thread/INFO][m [36m(Minecraft)[m [0mSystem chat: test-mock-player joined the game
[m[34m[14:39:16][m [32m[Server thread/INFO][m [36m(Minecraft)[m [0mtest-mock-player[embedded] logged in with entity id 135 at (0.0, 0.0, 0.0)
[m[34m[14:39:16][m [32m[Server thread/INFO][m [36m(Minecraft)[m [0mSystem chat: test-mock-player joined the game
[m[34m[14:39:16][m [32m[Server thread/INFO][m [36m(Minecraft)[m [0mtest-mock-player[embedded] logged in with entity id 137 at (0.0, 0.0, 0.0)
[m[34m[14:39:16][m [32m[Server thread/INFO][m [36m(Minecraft)[m [0mSystem chat: test-mock-player joined the game
[m[34m[14:39:16][m [32m[Server thread/INFO][m [36m(Minecraft)[m [0mtest-mock-player[embedded] logged in with entity id 139 at (0.0, 0.0, 0.0)
[m[34m[14:39:16][m [32m[Server thread/INFO][m [36m(Minecraft)[m [0mSystem chat: test-mock-player joined the game
[m[34m[14:39:16][m [32m[Server thread/INFO][m [36m(Minecraft)[m [0mtest-mock-player[embedded] logged in with entity id 141 at (0.0, 0.0, 0.0)
[m[34m[14:39:16][m [32m[Server thread/INFO][m [36m(Minecraft)[m [0mSystem chat: test-mock-player joined the game
[m[34m[14:39:16][m [32m[Server thread/INFO][m [36m(Minecraft)[m [0mtest-mock-player[embedded] logged in with entity id 143 at (0.0, 0.0, 0.0)
[m[34m[14:39:16][m [32m[Server thread/INFO][m [36m(Minecraft)[m [0mSystem chat: test-mock-player joined the game
[m[34m[14:39:16][m [32m[Server thread/INFO][m [36m(Minecraft)[m [0mtest-mock-player[embedded] logged in with entity id 144 at (0.0, 0.0, 0.0)
[m[34m[14:39:16][m [32m[Server thread/INFO][m [36m(Minecraft)[m [0mSystem chat: test-mock-player joined the game
[m[34m[14:39:16][m [32m[Server thread/INFO][m [36m(Minecraft)[m [0mtest-mock-player[embedded] logged in with entity id 146 at (0.0, 0.0, 0.0)
[m[34m[14:39:16][m [32m[Server thread/INFO][m [36m(Minecraft)[m [0mSystem chat: test-mock-player joined the game
[m[34m[14:39:16][m [32m[Server thread/INFO][m [36m(Minecraft)[m [0mtest-mock-player[embedded] logged in with entity id 148 at (0.0, 0.0, 0.0)
[m[34m[14:39:16][m [32m[Server thread/INFO][m [36m(Minecraft)[m [0mSystem chat: test-mock-player joined the game
[m[34m[14:39:16][m [32m[Server thread/INFO][m [36m(Minecraft)[m [0mtest-mock-player[embedded] logged in with entity id 152 at (0.0, 0.0, 0.0)
[m[34m[14:39:16][m [32m[Server thread/INFO][m [36m(Minecraft)[m [0mSystem chat: test-mock-player joined the game
[m[34m[14:39:16][m [32m[Server thread/INFO][m [36m(Minecraft)[m [0mtest-mock-player[embedded] logged in with entity id 153 at (0.0, 0.0, 0.0)
[m[34m[14:39:16][m [32m[Server thread/INFO][m [36m(Minecraft)[m [0mSystem chat: test-mock-player joined the game
[m[34m[14:39:16][m [32m[Server thread/INFO][m [36m(Minecraft)[m [0m[++++_++++_++++_+++++++++++++++++++++++++++++_+++++ ]
[m[34m[14:39:16][m [32m[Server thread/INFO][m [36m(Minecraft)[m [0m[++++_+++++++++++++++++++++++++++++++++++++++_+++++ ]
[m[34m[14:39:16][m [32m[Server thread/INFO][m [36m(Minecraft)[m [0mRunning test environment 'minecraft:default' batch 1 (1 tests)...
[m[34m[14:39:16][m [32m[Server thread/INFO][m [36m(Minecraft)[m [0mtest-mock-player[embedded] logged in with entity id 155 at (0.0, 0.0, 0.0)
[m[34m[14:39:16][m [32m[Server thread/INFO][m [36m(Minecraft)[m [0mSystem chat: test-mock-player joined the game
[m[34m[14:39:16][m [32m[Server thread/INFO][m [36m(Minecraft)[m [0m[++++++++++++++++++++++++++++++++++++++++++++++++++_]
[m[34m[14:39:16][m [32m[Server thread/INFO][m [36m(Minecraft)[m [0m[++++++++++++++++++++++++++++++++++++++++++++++++++_]
[m[34m[14:39:16][m [32m[Server thread/INFO][m [36m(Minecraft)[m [0m[++++++++++++++++++++++++++++++++++++++++++++++++++_]
[m[34m[14:39:16][m [32m[Server thread/INFO][m [36m(Minecraft)[m [0m[+++++++++++++++++++++++++++++++++++++++++++++++++++]
[m[34m[14:39:16][m [32m[Server thread/INFO][m [36m(Minecraft)[m [0m========= 51 GAME TESTS COMPLETE IN 1.949 s ======================
[m[34m[14:39:16][m [32m[Server thread/INFO][m [36m(Minecraft)[m [0mAll 51 required tests passed :)
[m[34m[14:39:16][m [32m[Server thread/INFO][m [36m(Minecraft)[m [0m====================================================
[m[34m[14:39:16][m [32m[Server thread/INFO][m [36m(Minecraft)[m [0mStopping server
[m[34m[14:39:16][m [32m[Server thread/INFO][m [36m(Minecraft)[m [0mSaving players
[m[34m[14:39:17][m [32m[Server thread/INFO][m [36m(Minecraft)[m [0mtest-mock-player lost connection: Server closed
[m[34m[14:39:17][m [32m[Server thread/INFO][m [36m(Minecraft)[m [0mSystem chat: test-mock-player left the game
[m[34m[14:39:17][m [32m[Server thread/INFO][m [36m(Minecraft)[m [0mtest-mock-player lost connection: Server closed
[m[34m[14:39:17][m [32m[Server thread/INFO][m [36m(Minecraft)[m [0mSystem chat: test-mock-player left the game
[m[34m[14:39:17][m [32m[Server thread/INFO][m [36m(Minecraft)[m [0mtest-mock-player lost connection: Server closed
[m[34m[14:39:17][m [32m[Server thread/INFO][m [36m(Minecraft)[m [0mSystem chat: test-mock-player left the game
[m[34m[14:39:17][m [32m[Server thread/INFO][m [36m(Minecraft)[m [0mtest-mock-player lost connection: Server closed
[m[34m[14:39:17][m [32m[Server thread/INFO][m [36m(Minecraft)[m [0mSystem chat: test-mock-player left the game
[m[34m[14:39:17][m [32m[Server thread/INFO][m [36m(Minecraft)[m [0mtest-mock-player lost connection: Server closed
[m[34m[14:39:17][m [32m[Server thread/INFO][m [36m(Minecraft)[m [0mSystem chat: test-mock-player left the game
[m[34m[14:39:17][m [32m[Server thread/INFO][m [36m(Minecraft)[m [0mtest-mock-player lost connection: Server closed
[m[34m[14:39:17][m [32m[Server thread/INFO][m [36m(Minecraft)[m [0mSystem chat: test-mock-player left the game
[m[34m[14:39:17][m [32m[Server thread/INFO][m [36m(Minecraft)[m [0mtest-mock-player lost connection: Server closed
[m[34m[14:39:17][m [32m[Server thread/INFO][m [36m(Minecraft)[m [0mSystem chat: test-mock-player left the game
[m[34m[14:39:17][m [32m[Server thread/INFO][m [36m(Minecraft)[m [0mtest-mock-player lost connection: Server closed
[m[34m[14:39:17][m [32m[Server thread/INFO][m [36m(Minecraft)[m [0mSystem chat: test-mock-player left the game
[m[34m[14:39:17][m [32m[Server thread/INFO][m [36m(Minecraft)[m [0mtest-mock-player lost connection: Server closed
[m[34m[14:39:17][m [32m[Server thread/INFO][m [36m(Minecraft)[m [0mSystem chat: test-mock-player left the game
[m[34m[14:39:17][m [32m[Server thread/INFO][m [36m(Minecraft)[m [0mtest-mock-player lost connection: Server closed
[m[34m[14:39:17][m [32m[Server thread/INFO][m [36m(Minecraft)[m [0mSystem chat: test-mock-player left the game
[m[34m[14:39:17][m [32m[Server thread/INFO][m [36m(Minecraft)[m [0mtest-mock-player lost connection: Server closed
[m[34m[14:39:17][m [32m[Server thread/INFO][m [36m(Minecraft)[m [0mSystem chat: test-mock-player left the game
[m[34m[14:39:17][m [32m[Server thread/INFO][m [36m(Minecraft)[m [0mtest-mock-player lost connection: Server closed
[m[34m[14:39:17][m [32m[Server thread/INFO][m [36m(Minecraft)[m [0mSystem chat: test-mock-player left the game
[m[34m[14:39:17][m [32m[Server thread/INFO][m [36m(Minecraft)[m [0mtest-mock-player lost connection: Server closed
[m[34m[14:39:17][m [32m[Server thread/INFO][m [36m(Minecraft)[m [0mSystem chat: test-mock-player left the game
[m[34m[14:39:17][m [32m[Server thread/INFO][m [36m(Minecraft)[m [0mtest-mock-player lost connection: Server closed
[m[34m[14:39:17][m [32m[Server thread/INFO][m [36m(Minecraft)[m [0mSystem chat: test-mock-player left the game
[m[34m[14:39:17][m [32m[Server thread/INFO][m [36m(Minecraft)[m [0mtest-mock-player lost connection: Server closed
[m[34m[14:39:17][m [32m[Server thread/INFO][m [36m(Minecraft)[m [0mSystem chat: test-mock-player left the game
[m[34m[14:39:17][m [32m[Server thread/INFO][m [36m(Minecraft)[m [0mtest-mock-player lost connection: Server closed
[m[34m[14:39:17][m [32m[Server thread/INFO][m [36m(Minecraft)[m [0mSystem chat: test-mock-player left the game
[m[34m[14:39:17][m [32m[Server thread/INFO][m [36m(Minecraft)[m [0mtest-mock-player lost connection: Server closed
[m[34m[14:39:17][m [32m[Server thread/INFO][m [36m(Minecraft)[m [0mSystem chat: test-mock-player left the game
[m[34m[14:39:17][m [32m[Server thread/INFO][m [36m(Minecraft)[m [0mtest-mock-player lost connection: Server closed
[m[34m[14:39:17][m [32m[Server thread/INFO][m [36m(Minecraft)[m [0mSystem chat: test-mock-player left the game
[m[34m[14:39:17][m [32m[Server thread/INFO][m [36m(Minecraft)[m [0mtest-mock-player lost connection: Server closed
[m[34m[14:39:17][m [32m[Server thread/INFO][m [36m(Minecraft)[m [0mSystem chat: test-mock-player left the game
[m[34m[14:39:17][m [32m[Server thread/INFO][m [36m(Minecraft)[m [0mtest-mock-player lost connection: Server closed
[m[34m[14:39:17][m [32m[Server thread/INFO][m [36m(Minecraft)[m [0mSystem chat: test-mock-player left the game
[m[34m[14:39:17][m [32m[Server thread/INFO][m [36m(Minecraft)[m [0mtest-mock-player lost connection: Server closed
[m[34m[14:39:17][m [32m[Server thread/INFO][m [36m(Minecraft)[m [0mSystem chat: test-mock-player left the game
[m[34m[14:39:17][m [32m[Server thread/INFO][m [36m(Minecraft)[m [0mtest-mock-player lost connection: Server closed
[m[34m[14:39:17][m [32m[Server thread/INFO][m [36m(Minecraft)[m [0mSystem chat: test-mock-player left the game
[m[34m[14:39:17][m [32m[Server thread/INFO][m [36m(Minecraft)[m [0mtest-mock-player lost connection: Server closed
[m[34m[14:39:17][m [32m[Server thread/INFO][m [36m(Minecraft)[m [0mSystem chat: test-mock-player left the game
[m[34m[14:39:17][m [32m[Server thread/INFO][m [36m(Minecraft)[m [0mtest-mock-player lost connection: Server closed
[m[34m[14:39:17][m [32m[Server thread/INFO][m [36m(Minecraft)[m [0mSystem chat: test-mock-player left the game
[m[34m[14:39:17][m [32m[Server thread/INFO][m [36m(Minecraft)[m [0mtest-mock-player lost connection: Server closed
[m[34m[14:39:17][m [32m[Server thread/INFO][m [36m(Minecraft)[m [0mSystem chat: test-mock-player left the game
[m[34m[14:39:17][m [32m[Server thread/INFO][m [36m(Minecraft)[m [0mtest-mock-player lost connection: Server closed
[m[34m[14:39:17][m [32m[Server thread/INFO][m [36m(Minecraft)[m [0mSystem chat: test-mock-player left the game
[m[34m[14:39:17][m [32m[Server thread/INFO][m [36m(Minecraft)[m [0mtest-mock-player lost connection: Server closed
[m[34m[14:39:17][m [32m[Server thread/INFO][m [36m(Minecraft)[m [0mSystem chat: test-mock-player left the game
[m[34m[14:39:17][m [32m[Server thread/INFO][m [36m(Minecraft)[m [0mtest-mock-player lost connection: Server closed
[m[34m[14:39:17][m [32m[Server thread/INFO][m [36m(Minecraft)[m [0mSystem chat: test-mock-player left the game
[m[34m[14:39:17][m [32m[Server thread/INFO][m [36m(Minecraft)[m [0mtest-mock-player lost connection: Server closed
[m[34m[14:39:17][m [32m[Server thread/INFO][m [36m(Minecraft)[m [0mSystem chat: test-mock-player left the game
[m[34m[14:39:17][m [32m[Server thread/INFO][m [36m(Minecraft)[m [0mtest-mock-player lost connection: Server closed
[m[34m[14:39:17][m [32m[Server thread/INFO][m [36m(Minecraft)[m [0mSystem chat: test-mock-player left the game
[m[34m[14:39:17][m [32m[Server thread/INFO][m [36m(Minecraft)[m [0mtest-mock-player lost connection: Server closed
[m[34m[14:39:17][m [32m[Server thread/INFO][m [36m(Minecraft)[m [0mSystem chat: test-mock-player left the game
[m[34m[14:39:17][m [32m[Server thread/INFO][m [36m(Minecraft)[m [0mtest-mock-player lost connection: Server closed
[m[34m[14:39:17][m [32m[Server thread/INFO][m [36m(Minecraft)[m [0mSystem chat: test-mock-player left the game
[m[34m[14:39:17][m [32m[Server thread/INFO][m [36m(Minecraft)[m [0mSaving worlds
[m[34m[14:39:17][m [32m[Server thread/INFO][m [36m(Minecraft)[m [0mSaving chunks for level 'ServerLevel[Test Level]'/minecraft:overworld
[m[34m[14:39:17][m [32m[Server thread/INFO][m [36m(Minecraft)[m [0mSaving chunks for level 'ServerLevel[Test Level]'/minecraft:the_end
[m[34m[14:39:17][m [32m[Server thread/INFO][m [36m(Minecraft)[m [0mSaving chunks for level 'ServerLevel[Test Level]'/minecraft:the_nether
[m[34m[14:39:17][m [32m[Server thread/INFO][m [36m(Minecraft)[m [0mGame test server shutting down
[m
> Task :gameTestJar
> Task :partsTestMetadata
> Task :partsTestJar
> Task :compileTestJava NO-SOURCE
> Task :processTestResources NO-SOURCE
> Task :testClasses UP-TO-DATE
> Task :test NO-SOURCE
> Task :validateAccessWidener NO-SOURCE
> Task :compileRulesTestJava UP-TO-DATE
> Task :processRulesTestResources NO-SOURCE
> Task :rulesTestClasses UP-TO-DATE

> Task :verifyRules
WILDCRAFT P3.2 active clock: 10 cases passed; 5/10/20/60Hz, pause, resume, stall, duplicate
WILDCRAFT stamina numerical checks passed: 13 examples + 1000 bound/monotonicity cases

> Task :verifyTemperatureRules
WILDCRAFT P4A temperature: climate/water/limits, 30/60/120fps, 1000 hysteresis and 7000 interpolation checks passed

> Task :check
> Task :exportMod UP-TO-DATE
> Task :build
> Task :downloadAssets UP-TO-DATE

> Task :runPartsClientTest
[14:39:18] [main/INFO]: Loading Minecraft 26.3 with Fabric Loader 0.19.5
[14:39:18] [main/INFO]: Mappings not present!
[14:39:18] [main/INFO]: Loading 53 mods:
	- fabric-advancement-api-v1 1.0.0+38c7a2d55d
	- fabric-api 0.161.0+26.3
	- fabric-api-base 2.0.6+fcdff87f5d
	- fabric-api-lookup-api-v1 2.0.24+3434d6d95d
	- fabric-biome-api-v1 20.0.9+74ed1ea55d
	- fabric-block-api-v1 3.1.0+0ae6f9115d
	- fabric-block-getter-api-v2 2.0.9+3434d6d95d
	- fabric-client-gametest-api-v1 6.0.7+4be74c3f5d
	- fabric-command-api-v2 3.1.2+fcdff87f5d
	- fabric-content-registries-v0 15.0.4+74ed1ea55d
	- fabric-convention-tags-v2 4.10.3+6b5b47fd5d
	- fabric-crash-report-info-v1 1.0.7+fcdff87f5d
	- fabric-creative-tab-api-v1 5.0.21+fcdff87f5d
	- fabric-data-attachment-api-v1 2.2.30+3434d6d95d
	- fabric-data-generation-api-v1 27.2.4+427eab975d
	- fabric-debug-api-v1 1.0.4+3434d6d95d
	- fabric-dimensions-v1 5.1.19+47f74c985d
	- fabric-entity-events-v1 6.0.4+3434d6d95d
	- fabric-events-interaction-v0 5.3.6+3434d6d95d
	- fabric-game-rule-api-v1 4.0.10+3434d6d95d
	- fabric-gametest-api-v1 4.0.32+3434d6d95d
	- fabric-item-api-v1 14.7.0+cf6bc2db5d
	- fabric-key-mapping-api-v1 2.0.8+3434d6d95d
	- fabric-lifecycle-events-v1 4.1.9+ffef5f675d
	- fabric-loot-api-v3 4.0.8+4068fd645d
	- fabric-menu-api-v1 2.0.27+ed66f0a35d
	- fabric-message-api-v1 7.0.10+3434d6d95d
	- fabric-model-loading-api-v1 8.0.35+fcdff87f5d
	- fabric-networking-api-v1 6.3.8+fcdff87f5d
	- fabric-object-builder-api-v1 24.1.9+3434d6d95d
	- fabric-particles-v1 5.0.24+3434d6d95d
	- fabric-permission-api-v1 1.0.8+fcdff87f5d
	- fabric-recipe-api-v1 10.0.8+fcdff87f5d
	- fabric-registry-sync-v0 8.0.1+fcdff87f5d
	- fabric-renderer-api-v1 17.0.15+79385d0b5d
	- fabric-renderer-indigo 9.1.23+b9d63e335d
	- fabric-rendering-fluids-v1 6.0.6+3434d6d95d
	- fabric-rendering-v1 27.0.14+901a437c5d
	- fabric-resource-conditions-api-v1 6.1.5+3434d6d95d
	- fabric-resource-loader-v0 3.3.26+4fc5413f5d
	- fabric-resource-loader-v1 3.0.4+fcdff87f5d
	- fabric-screen-api-v1 5.2.4+48607d035d
	- fabric-serialization-api-v1 2.0.7+74ed1ea55d
	- fabric-sound-api-v1 2.0.7+3434d6d95d
	- fabric-tag-api-v1 2.1.10+fcdff87f5d
	- fabric-transfer-api-v1 8.0.25+fcdff87f5d
	- fabric-transitive-access-wideners-v1 8.1.16+52268a0e5d
	- fabricloader 0.19.5
	   \-- mixinextras 0.5.5
	- java 25
	- minecraft 26.3
	- wildcraft 0.1.0-dev.12
	- wildcraft-test 1.0.0
[14:39:18] [main/INFO]: SpongePowered MIXIN Subsystem Version=0.8.7 Source=file:/Volumes/%e4%bb%95%e4%ba%8b/Wildcraft/%e5%bc%80%e5%8f%91%e7%8e%af%e5%a2%83/cache/gradle/caches/modules-2/files-2.1/net.fabricmc/sponge-mixin/0.17.4+mixin.0.8.7/5f66cc9f59b8efaa942155a3d5a30599bf6640dd/sponge-mixin-0.17.4+mixin.0.8.7.jar Service=Knot/Fabric Env=CLIENT
WARNING: A restricted method in java.lang.System has been called
WARNING: java.lang.System::load has been called by org.lwjgl.system.Library$$Lambda/0x00001ff00129f658 in an unnamed module (file:/Volumes/%E4%BB%95%E4%BA%8B/Wildcraft/%E5%BC%80%E5%8F%91%E7%8E%AF%E5%A2%83/cache/gradle/caches/modules-2/files-2.1/org.lwjgl/lwjgl/3.4.3/7ab5265a73d8a959ed62332d546536ae6be2f0d5/lwjgl-3.4.3.jar)
WARNING: Use --enable-native-access=ALL-UNNAMED to avoid a warning for callers in this module
WARNING: Restricted methods will be blocked in a future release unless native access is enabled

WARNING: A terminally deprecated method in sun.misc.Unsafe has been called
WARNING: sun.misc.Unsafe::objectFieldOffset has been called by org.lwjgl.system.MemoryBackendUnsafeLegacy (file:/Volumes/%E4%BB%95%E4%BA%8B/Wildcraft/%E5%BC%80%E5%8F%91%E7%8E%AF%E5%A2%83/cache/gradle/caches/modules-2/files-2.1/org.lwjgl/lwjgl/3.4.3/7ab5265a73d8a959ed62332d546536ae6be2f0d5/lwjgl-3.4.3.jar)
WARNING: Please consider reporting this to the maintainers of class org.lwjgl.system.MemoryBackendUnsafeLegacy
WARNING: sun.misc.Unsafe::objectFieldOffset will be removed in a future release
[14:39:19] [main/INFO]: Initializing MixinExtras via com.llamalad7.mixinextras.service.MixinExtrasServiceImpl(version=0.5.5).
[14:39:20] [Datafixer Bootstrap #0/INFO]: 307 Datafixer optimizations took 160 milliseconds
[14:39:22] [main/WARN]: Unable to parse version 27.0 to a codename.
[14:39:24] [Render thread/INFO]: Environment: Environment[discoveryUrl=https://discovery.minecraftservices.com/minecraft/client, name=PROD]
[14:39:24] [Render thread/INFO]: Setting user: Player361
[14:39:25] [Render thread/INFO]: Wildcraft P6 initialization complete; mechanics, energy, cooking, temperature and traversal registered.
[14:39:25] [Render thread/INFO]: [Indigo] Registering Indigo renderer!
[14:39:25] [Render thread/INFO]: Wildcraft core art v1 client initialization complete; HUD, authored poses, traversal and equipment layers registered.
[14:39:25] [Render thread/ERROR]: Illegal option value 0 for Anisotropic Filtering
[14:39:25] [Render thread/INFO]: Backend library: LWJGL version 3.4.3-snapshot
[14:39:25] [Render thread/INFO]: SDL [SYSTEM]: App name: Minecraft
[14:39:25] [Render thread/INFO]: SDL [SYSTEM]: App version: 26.3
[14:39:25] [Render thread/INFO]: SDL [SYSTEM]: App ID: com.mojang.minecraft
[14:39:25] [Render thread/INFO]: SDL [SYSTEM]: SDL revision: SDL-3.4.14-62f10da
[14:39:25] [Render thread/WARN]: Device [Apple M4] supports all extensions from FeatureSet [Vulkan Portability Subset], making required
[14:39:25] [Render thread/INFO]: Using graphics backend OpenGL, using drivers: 4.1 Metal - 91.7
[14:39:25] [Render thread/INFO]: Using graphics device: Apple M4 (Apple)
[14:39:25] [Render thread/INFO]: Using graphics device extensions: GL_ARB_draw_indirect, GL_EXT_texture_filter_anisotropic
[14:39:25] [Render thread/INFO]: Created window using SDL video driver: cocoa
[14:39:30] [Minecraft Services Discovery/WARN]: Failed to connect
com.mojang.authlib.exceptions.MinecraftClientException: Failed to read from https://discovery.minecraftservices.com/minecraft/client due to Read timed out
	at knot//com.mojang.authlib.minecraft.client.MinecraftClient.readServiceResponse(MinecraftClient.java:151)
	at knot//com.mojang.authlib.minecraft.client.MinecraftClient.getWithEtag(MinecraftClient.java:81)
	at knot//com.mojang.authlib.minecraft.client.MinecraftClient.get(MinecraftClient.java:65)
	at knot//com.mojang.authlib.services.MinecraftServicesDiscoveryService.lambda$createDiscoverySupplier$1(MinecraftServicesDiscoveryService.java:76)
	at knot//com.mojang.authlib.services.RetryableFetch$1.run(RetryableFetch.java:42)
	at java.base/java.util.concurrent.Executors$RunnableAdapter.call(Executors.java:545)
	at java.base/java.util.concurrent.FutureTask.run(FutureTask.java:328)
	at java.base/java.util.concurrent.ScheduledThreadPoolExecutor$ScheduledFutureTask.run(ScheduledThreadPoolExecutor.java:309)
	at java.base/java.util.concurrent.ThreadPoolExecutor.runWorker(ThreadPoolExecutor.java:1090)
	at java.base/java.util.concurrent.ThreadPoolExecutor$Worker.run(ThreadPoolExecutor.java:614)
	at java.base/java.lang.Thread.run(Thread.java:1474)
Caused by: java.net.SocketTimeoutException: Read timed out
	at java.base/sun.nio.ch.NioSocketImpl.timedRead(NioSocketImpl.java:277)
	at java.base/sun.nio.ch.NioSocketImpl.implRead(NioSocketImpl.java:302)
	at java.base/sun.nio.ch.NioSocketImpl.read(NioSocketImpl.java:354)
	at java.base/sun.nio.ch.NioSocketImpl$1.read(NioSocketImpl.java:798)
	at java.base/java.net.Socket$SocketInputStream.implRead(Socket.java:974)
	at java.base/java.net.Socket$SocketInputStream.read(Socket.java:964)
	at java.base/sun.security.ssl.SSLSocketInputRecord.read(SSLSocketInputRecord.java:489)
	at java.base/sun.security.ssl.SSLSocketInputRecord.readHeader(SSLSocketInputRecord.java:483)
	at java.base/sun.security.ssl.SSLSocketInputRecord.decode(SSLSocketInputRecord.java:160)
	at java.base/sun.security.ssl.SSLTransport.decode(SSLTransport.java:111)
	at java.base/sun.security.ssl.SSLSocketImpl.decode(SSLSocketImpl.java:1506)
	at java.base/sun.security.ssl.SSLSocketImpl.readHandshakeRecord(SSLSocketImpl.java:1421)
	at java.base/sun.security.ssl.SSLSocketImpl.startHandshake(SSLSocketImpl.java:455)
	at java.base/sun.security.ssl.SSLSocketImpl.startHandshake(SSLSocketImpl.java:426)
	at java.base/sun.net.www.protocol.https.HttpsClient.afterConnect(HttpsClient.java:490)
	at java.base/sun.net.www.protocol.https.AbstractDelegateHttpsURLConnection.connect(AbstractDelegateHttpsURLConnection.java:190)
	at java.base/sun.net.www.protocol.http.HttpURLConnection.getInputStream0(HttpURLConnection.java:1379)
	at java.base/sun.net.www.protocol.http.HttpURLConnection.getInputStream(HttpURLConnection.java:1305)
	at java.base/java.net.HttpURLConnection.getResponseCode(HttpURLConnection.java:493)
	at java.base/sun.net.www.protocol.https.HttpsURLConnectionImpl.getResponseCode(HttpsURLConnectionImpl.java:307)
	at knot//com.mojang.authlib.minecraft.client.MinecraftClient.readServiceResponse(MinecraftClient.java:130)
	... 10 more
[14:39:30] [Minecraft Services Discovery/WARN]: Services are unavailable, unable to fetch uri for AUTHENTICATION/getPublicKeys
[14:39:30] [Download-2/WARN]: Services are unavailable, unable to fetch uri for PLAYER/getAttributes
[14:39:30] [Download-1/WARN]: Services are unavailable, unable to fetch uri for SESSION/getProfileById
[14:39:30] [Minecraft Services Discovery/WARN]: Failed to connect
com.mojang.authlib.exceptions.MinecraftClientException: Services are unavailable
	at knot//com.mojang.authlib.services.MinecraftServicesDiscoveryService.getEndpoint(MinecraftServicesDiscoveryService.java:139)
	at knot//com.mojang.authlib.services.MinecraftServicesDiscoveryService.getUrl(MinecraftServicesDiscoveryService.java:125)
	at knot//com.mojang.authlib.services.MinecraftServicesDiscoveryService.lambda$getServicesKeySet$2(MinecraftServicesDiscoveryService.java:117)
	at knot//com.mojang.authlib.services.RetryableFetch$1.run(RetryableFetch.java:40)
	at java.base/java.util.concurrent.Executors$RunnableAdapter.call(Executors.java:545)
	at java.base/java.util.concurrent.FutureTask.run(FutureTask.java:328)
	at java.base/java.util.concurrent.ScheduledThreadPoolExecutor$ScheduledFutureTask.run(ScheduledThreadPoolExecutor.java:309)
	at java.base/java.util.concurrent.ThreadPoolExecutor.runWorker(ThreadPoolExecutor.java:1090)
	at java.base/java.util.concurrent.ThreadPoolExecutor$Worker.run(ThreadPoolExecutor.java:614)
	at java.base/java.lang.Thread.run(Thread.java:1474)
[14:39:30] [Download-1/WARN]: Couldn't look up profile properties for 7d05f0c7-0fbd-313e-b15f-14e4684ddd72
com.mojang.authlib.exceptions.MinecraftClientException: Services are unavailable
	at knot//com.mojang.authlib.services.MinecraftServicesDiscoveryService.getEndpoint(MinecraftServicesDiscoveryService.java:139)
	at knot//com.mojang.authlib.services.MinecraftServicesDiscoveryService.getUrl(MinecraftServicesDiscoveryService.java:125)
	at knot//com.mojang.authlib.services.MinecraftServicesSessionService.fetchProfileUncached(MinecraftServicesSessionService.java:188)
	at knot//com.mojang.authlib.services.MinecraftServicesSessionService.fetchProfile(MinecraftServicesSessionService.java:161)
	at knot//net.minecraft.client.Minecraft.lambda$new$0(Minecraft.java:447)
	at java.base/java.util.concurrent.CompletableFuture$AsyncSupply.run(CompletableFuture.java:1789)
	at java.base/java.util.concurrent.ThreadPoolExecutor.runWorker(ThreadPoolExecutor.java:1090)
	at java.base/java.util.concurrent.ThreadPoolExecutor$Worker.run(ThreadPoolExecutor.java:614)
	at java.base/java.lang.Thread.run(Thread.java:1474)
[14:39:30] [Download-2/ERROR]: Failed to fetch user properties
com.mojang.authlib.exceptions.AuthenticationUnavailableException
	at knot//com.mojang.authlib.exceptions.MinecraftClientException.toAuthenticationException(MinecraftClientException.java:29)
	at knot//com.mojang.authlib.services.MinecraftServicesUserApiService.fetchProperties(MinecraftServicesUserApiService.java:172)
	at knot//net.minecraft.client.Minecraft.lambda$new$1(Minecraft.java:451)
	at java.base/java.util.concurrent.CompletableFuture$AsyncSupply.run(CompletableFuture.java:1789)
	at java.base/java.util.concurrent.ThreadPoolExecutor.runWorker(ThreadPoolExecutor.java:1090)
	at java.base/java.util.concurrent.ThreadPoolExecutor$Worker.run(ThreadPoolExecutor.java:614)
	at java.base/java.lang.Thread.run(Thread.java:1474)
[14:39:30] [Minecraft Services Discovery/WARN]: Services are unavailable, unable to fetch uri for AUTHENTICATION/getPublicKeys
[14:39:30] [Minecraft Services Discovery/WARN]: Failed to connect
com.mojang.authlib.exceptions.MinecraftClientException: Services are unavailable
	at knot//com.mojang.authlib.services.MinecraftServicesDiscoveryService.getEndpoint(MinecraftServicesDiscoveryService.java:139)
	at knot//com.mojang.authlib.services.MinecraftServicesDiscoveryService.getUrl(MinecraftServicesDiscoveryService.java:125)
	at knot//com.mojang.authlib.services.MinecraftServicesDiscoveryService.lambda$getServicesKeySet$2(MinecraftServicesDiscoveryService.java:117)
	at knot//com.mojang.authlib.services.RetryableFetch$1.run(RetryableFetch.java:40)
	at java.base/java.util.concurrent.Executors$RunnableAdapter.call(Executors.java:545)
	at java.base/java.util.concurrent.FutureTask.run(FutureTask.java:328)
	at java.base/java.util.concurrent.ScheduledThreadPoolExecutor$ScheduledFutureTask.run(ScheduledThreadPoolExecutor.java:309)
	at java.base/java.util.concurrent.ThreadPoolExecutor.runWorker(ThreadPoolExecutor.java:1090)
	at java.base/java.util.concurrent.ThreadPoolExecutor$Worker.run(ThreadPoolExecutor.java:614)
	at java.base/java.lang.Thread.run(Thread.java:1474)
[14:39:30] [Render thread/INFO]: Reloading ResourceManager: vanilla, vanilla, fabric-advancement-api-v1, fabric-api, fabric-api-base, fabric-api-lookup-api-v1, fabric-biome-api-v1, fabric-block-api-v1, fabric-block-getter-api-v2, fabric-client-gametest-api-v1, fabric-command-api-v2, fabric-content-registries-v0, fabric-convention-tags-v2, fabric-crash-report-info-v1, fabric-creative-tab-api-v1, fabric-data-attachment-api-v1, fabric-data-generation-api-v1, fabric-debug-api-v1, fabric-dimensions-v1, fabric-entity-events-v1, fabric-events-interaction-v0, fabric-game-rule-api-v1, fabric-gametest-api-v1, fabric-item-api-v1, fabric-key-mapping-api-v1, fabric-lifecycle-events-v1, fabric-loot-api-v3, fabric-menu-api-v1, fabric-message-api-v1, fabric-model-loading-api-v1, fabric-networking-api-v1, fabric-object-builder-api-v1, fabric-particles-v1, fabric-permission-api-v1, fabric-recipe-api-v1, fabric-registry-sync-v0, fabric-renderer-api-v1, fabric-renderer-indigo, fabric-rendering-fluids-v1, fabric-rendering-v1, fabric-resource-conditions-api-v1, fabric-resource-loader-v0, fabric-resource-loader-v1, fabric-screen-api-v1, fabric-serialization-api-v1, fabric-sound-api-v1, fabric-tag-api-v1, fabric-transfer-api-v1, fabric-transitive-access-wideners-v1, fabricloader, wildcraft, wildcraft-test
UNSUPPORTED (log once): gldCopyBufferSubData: NEEDS IMPLEMENTATION
[14:39:30] [Worker-Main-7/INFO]: Found unifont_all_no_pua-17.0.01.hex, loading
[14:39:30] [Worker-Main-9/INFO]: Found unifont_pua-17.0.01.hex, loading
[14:39:30] [Worker-Main-6/INFO]: Found unifont_jp_patch-17.0.01.hex, loading
[14:39:31] [Render thread/INFO]: Info log when linking program containing VERTEX minecraft:core/terrain, FRAGMENT minecraft:core/terrain. Log output: WARNING: Output of vertex shader '_interface_variable_01' not read by fragment shader
WARNING: Output of vertex shader '_interface_variable_00' not read by fragment shader
WARNING: Output of vertex shader '_interface_variable_04' not read by fragment shader

[14:39:31] [Render thread/INFO]: Info log when linking program containing VERTEX minecraft:core/rendertype_crumbling, FRAGMENT minecraft:core/rendertype_crumbling. Log output: WARNING: Output of vertex shader '_interface_variable_01' not read by fragment shader
WARNING: Output of vertex shader '_interface_variable_00' not read by fragment shader

[14:39:31] [Render thread/INFO]: Info log when linking program containing VERTEX minecraft:core/entity, FRAGMENT minecraft:core/entity. Log output: WARNING: Output of vertex shader '_interface_variable_01' not read by fragment shader
WARNING: Output of vertex shader '_interface_variable_00' not read by fragment shader

[14:39:31] [Render thread/INFO]: Info log when linking program containing VERTEX minecraft:core/rendertype_lines, FRAGMENT minecraft:core/rendertype_lines. Log output: WARNING: Output of vertex shader '_interface_variable_01' not read by fragment shader
WARNING: Output of vertex shader '_interface_variable_00' not read by fragment shader

[14:39:31] [Render thread/INFO]: Info log when linking program containing VERTEX minecraft:core/terrain, FRAGMENT minecraft:core/terrain. Log output: WARNING: Output of vertex shader '_interface_variable_01' not read by fragment shader
WARNING: Output of vertex shader '_interface_variable_00' not read by fragment shader
WARNING: Output of vertex shader '_interface_variable_04' not read by fragment shader

[14:39:31] [Render thread/INFO]: Info log when linking program containing VERTEX minecraft:core/entity, FRAGMENT minecraft:core/entity. Log output: WARNING: Output of vertex shader '_interface_variable_01' not read by fragment shader
WARNING: Output of vertex shader '_interface_variable_00' not read by fragment shader

[14:39:31] [Render thread/INFO]: Info log when linking program containing VERTEX minecraft:core/text, FRAGMENT minecraft:core/text. Log output: WARNING: Output of vertex shader '_interface_variable_01' not read by fragment shader
WARNING: Output of vertex shader '_interface_variable_00' not read by fragment shader

[14:39:31] [Render thread/INFO]: Info log when linking program containing VERTEX minecraft:core/text, FRAGMENT minecraft:core/text. Log output: WARNING: Output of vertex shader '_interface_variable_01' not read by fragment shader
WARNING: Output of vertex shader '_interface_variable_00' not read by fragment shader

[14:39:31] [Render thread/INFO]: Info log when linking program containing VERTEX minecraft:core/entity, FRAGMENT minecraft:core/entity. Log output: WARNING: Output of vertex shader '_interface_variable_01' not read by fragment shader
WARNING: Output of vertex shader '_interface_variable_00' not read by fragment shader

[14:39:31] [Render thread/INFO]: Info log when linking program containing VERTEX minecraft:core/block, FRAGMENT minecraft:core/block. Log output: WARNING: Output of vertex shader '_interface_variable_01' not read by fragment shader
WARNING: Output of vertex shader '_interface_variable_00' not read by fragment shader

[14:39:31] [Render thread/INFO]: Info log when linking program containing VERTEX minecraft:core/rendertype_entity_shadow, FRAGMENT minecraft:core/rendertype_entity_shadow. Log output: WARNING: Output of vertex shader '_interface_variable_01' not read by fragment shader
WARNING: Output of vertex shader '_interface_variable_00' not read by fragment shader

[14:39:31] [Render thread/INFO]: Info log when linking program containing VERTEX minecraft:core/screenquad, FRAGMENT minecraft:core/oit_composite. Log output: WARNING: Output of vertex shader '_interface_variable_00' not read by fragment shader

[14:39:31] [Render thread/INFO]: Info log when linking program containing VERTEX minecraft:core/particle, FRAGMENT minecraft:core/particle. Log output: WARNING: Output of vertex shader '_interface_variable_01' not read by fragment shader
WARNING: Output of vertex shader '_interface_variable_00' not read by fragment shader

[14:39:31] [Render thread/INFO]: Info log when linking program containing VERTEX minecraft:core/screenquad, FRAGMENT minecraft:core/integrate_depth. Log output: WARNING: Output of vertex shader '_interface_variable_00' not read by fragment shader

[14:39:31] [Render thread/INFO]: Info log when linking program containing VERTEX minecraft:core/entity, FRAGMENT minecraft:core/entity. Log output: WARNING: Output of vertex shader '_interface_variable_01' not read by fragment shader
WARNING: Output of vertex shader '_interface_variable_00' not read by fragment shader

[14:39:31] [Render thread/INFO]: Info log when linking program containing VERTEX minecraft:core/terrain, FRAGMENT minecraft:core/terrain. Log output: WARNING: Output of vertex shader '_interface_variable_01' not read by fragment shader
WARNING: Output of vertex shader '_interface_variable_00' not read by fragment shader
WARNING: Output of vertex shader '_interface_variable_04' not read by fragment shader

[14:39:31] [Render thread/INFO]: Info log when linking program containing VERTEX minecraft:core/animate_sprite, FRAGMENT minecraft:core/animate_sprite_blit. Log output: WARNING: Output of vertex shader '_interface_variable_00' not read by fragment shader

[14:39:31] [Render thread/INFO]: Info log when linking program containing VERTEX minecraft:core/entity, FRAGMENT minecraft:core/entity. Log output: WARNING: Output of vertex shader '_interface_variable_01' not read by fragment shader
WARNING: Output of vertex shader '_interface_variable_00' not read by fragment shader

[14:39:31] [Render thread/INFO]: Info log when linking program containing VERTEX minecraft:core/clouds, FRAGMENT minecraft:core/clouds. Log output: WARNING: Output of vertex shader '_interface_variable_00' not read by fragment shader

[14:39:31] [Render thread/INFO]: Info log when linking program containing VERTEX minecraft:core/entity, FRAGMENT minecraft:core/entity. Log output: WARNING: Output of vertex shader '_interface_variable_01' not read by fragment shader
WARNING: Output of vertex shader '_interface_variable_00' not read by fragment shader

[14:39:31] [Render thread/INFO]: Info log when linking program containing VERTEX minecraft:core/particle, FRAGMENT minecraft:core/particle. Log output: WARNING: Output of vertex shader '_interface_variable_01' not read by fragment shader
WARNING: Output of vertex shader '_interface_variable_00' not read by fragment shader

[14:39:31] [Render thread/INFO]: Info log when linking program containing VERTEX minecraft:core/screenquad, FRAGMENT minecraft:core/oit_depth_bounds_cull. Log output: WARNING: Output of vertex shader '_interface_variable_00' not read by fragment shader

[14:39:31] [Render thread/INFO]: Info log when linking program containing VERTEX minecraft:core/block, FRAGMENT minecraft:core/block. Log output: WARNING: Output of vertex shader '_interface_variable_01' not read by fragment shader
WARNING: Output of vertex shader '_interface_variable_00' not read by fragment shader

[14:39:31] [Render thread/INFO]: Info log when linking program containing VERTEX minecraft:core/entity, FRAGMENT minecraft:core/entity. Log output: WARNING: Output of vertex shader '_interface_variable_01' not read by fragment shader
WARNING: Output of vertex shader '_interface_variable_00' not read by fragment shader

[14:39:31] [Render thread/INFO]: Info log when linking program containing VERTEX minecraft:core/text, FRAGMENT minecraft:core/text. Log output: WARNING: Output of vertex shader '_interface_variable_01' not read by fragment shader
WARNING: Output of vertex shader '_interface_variable_00' not read by fragment shader

[14:39:31] [Render thread/INFO]: Info log when linking program containing VERTEX minecraft:core/text, FRAGMENT minecraft:core/text. Log output: WARNING: Output of vertex shader '_interface_variable_01' not read by fragment shader
WARNING: Output of vertex shader '_interface_variable_00' not read by fragment shader

[14:39:31] [Render thread/INFO]: Info log when linking program containing VERTEX minecraft:core/text, FRAGMENT minecraft:core/text. Log output: WARNING: Output of vertex shader '_interface_variable_01' not read by fragment shader
WARNING: Output of vertex shader '_interface_variable_00' not read by fragment shader

[14:39:31] [Render thread/INFO]: Info log when linking program containing VERTEX minecraft:core/text, FRAGMENT minecraft:core/text. Log output: WARNING: Output of vertex shader '_interface_variable_01' not read by fragment shader
WARNING: Output of vertex shader '_interface_variable_00' not read by fragment shader

[14:39:31] [Render thread/INFO]: Info log when linking program containing VERTEX minecraft:core/entity, FRAGMENT minecraft:core/entity. Log output: WARNING: Output of vertex shader '_interface_variable_01' not read by fragment shader
WARNING: Output of vertex shader '_interface_variable_00' not read by fragment shader

[14:39:31] [Render thread/INFO]: Info log when linking program containing VERTEX minecraft:core/clouds, FRAGMENT minecraft:core/clouds. Log output: WARNING: Output of vertex shader '_interface_variable_00' not read by fragment shader

[14:39:31] [Render thread/INFO]: Info log when linking program containing VERTEX minecraft:core/rendertype_lines, FRAGMENT minecraft:core/rendertype_lines. Log output: WARNING: Output of vertex shader '_interface_variable_01' not read by fragment shader
WARNING: Output of vertex shader '_interface_variable_00' not read by fragment shader

[14:39:31] [Render thread/INFO]: Info log when linking program containing VERTEX minecraft:core/rendertype_entity_shadow, FRAGMENT minecraft:core/rendertype_entity_shadow. Log output: WARNING: Output of vertex shader '_interface_variable_01' not read by fragment shader
WARNING: Output of vertex shader '_interface_variable_00' not read by fragment shader

[14:39:31] [Render thread/INFO]: Info log when linking program containing VERTEX minecraft:core/terrain, FRAGMENT minecraft:core/terrain. Log output: WARNING: Output of vertex shader '_interface_variable_01' not read by fragment shader
WARNING: Output of vertex shader '_interface_variable_00' not read by fragment shader
WARNING: Output of vertex shader '_interface_variable_04' not read by fragment shader

[14:39:31] [Render thread/INFO]: Info log when linking program containing VERTEX minecraft:core/entity, FRAGMENT minecraft:core/entity. Log output: WARNING: Output of vertex shader '_interface_variable_01' not read by fragment shader
WARNING: Output of vertex shader '_interface_variable_00' not read by fragment shader

[14:39:31] [Render thread/INFO]: Info log when linking program containing VERTEX minecraft:core/particle, FRAGMENT minecraft:core/particle. Log output: WARNING: Output of vertex shader '_interface_variable_01' not read by fragment shader
WARNING: Output of vertex shader '_interface_variable_00' not read by fragment shader

[14:39:31] [Render thread/INFO]: Info log when linking program containing VERTEX minecraft:core/entity, FRAGMENT minecraft:core/entity. Log output: WARNING: Output of vertex shader '_interface_variable_01' not read by fragment shader
WARNING: Output of vertex shader '_interface_variable_00' not read by fragment shader

[14:39:31] [Render thread/INFO]: Info log when linking program containing VERTEX minecraft:core/rendertype_crumbling, FRAGMENT minecraft:core/rendertype_crumbling. Log output: WARNING: Output of vertex shader '_interface_variable_01' not read by fragment shader
WARNING: Output of vertex shader '_interface_variable_00' not read by fragment shader

[14:39:31] [Render thread/INFO]: Info log when linking program containing VERTEX minecraft:core/text, FRAGMENT minecraft:core/text. Log output: WARNING: Output of vertex shader '_interface_variable_01' not read by fragment shader
WARNING: Output of vertex shader '_interface_variable_00' not read by fragment shader

[14:39:31] [Render thread/INFO]: Info log when linking program containing VERTEX minecraft:core/entity, FRAGMENT minecraft:core/entity. Log output: WARNING: Output of vertex shader '_interface_variable_01' not read by fragment shader
WARNING: Output of vertex shader '_interface_variable_00' not read by fragment shader

[14:39:31] [Render thread/INFO]: Info log when linking program containing VERTEX minecraft:core/particle, FRAGMENT minecraft:core/particle. Log output: WARNING: Output of vertex shader '_interface_variable_01' not read by fragment shader
WARNING: Output of vertex shader '_interface_variable_00' not read by fragment shader

[14:39:31] [Render thread/INFO]: Info log when linking program containing VERTEX minecraft:core/entity, FRAGMENT minecraft:core/entity. Log output: WARNING: Output of vertex shader '_interface_variable_01' not read by fragment shader
WARNING: Output of vertex shader '_interface_variable_00' not read by fragment shader

[14:39:31] [Render thread/INFO]: Info log when linking program containing VERTEX minecraft:core/text, FRAGMENT minecraft:core/text. Log output: WARNING: Output of vertex shader '_interface_variable_01' not read by fragment shader
WARNING: Output of vertex shader '_interface_variable_00' not read by fragment shader

[14:39:31] [Render thread/INFO]: OpenAL initialized on device Mac mini扬声器
[14:39:31] [Render thread/INFO]: Sound engine started
[14:39:31] [Render thread/INFO]: Created: 512x256x0 minecraft:textures/atlas/particles.png-atlas
[14:39:31] [Render thread/INFO]: Created: 256x128x0 minecraft:textures/atlas/celestials.png-atlas
[14:39:31] [Render thread/INFO]: Created: 128x128x0 minecraft:textures/atlas/decorated_pot.png-atlas
[14:39:31] [Render thread/INFO]: Created: 512x256x0 minecraft:textures/atlas/paintings.png-atlas
[14:39:31] [Render thread/INFO]: Created: 1024x512x0 minecraft:textures/atlas/shield_patterns.png-atlas
[14:39:31] [Render thread/INFO]: Created: 1024x512x0 minecraft:textures/atlas/banner_patterns.png-atlas
[14:39:31] [Render thread/INFO]: Created: 2048x2048x4 minecraft:textures/atlas/blocks.png-atlas
[14:39:31] [Render thread/INFO]: Created: 1024x512x0 minecraft:textures/atlas/items.png-atlas
[14:39:31] [Render thread/INFO]: Created: 1024x1024x0 minecraft:textures/atlas/gui.png-atlas
[14:39:31] [Render thread/INFO]: Created: 128x64x0 minecraft:textures/atlas/map_decorations.png-atlas
[14:39:31] [Render thread/INFO]: Created: 512x512x0 minecraft:textures/atlas/chest.png-atlas
[14:39:31] [Render thread/INFO]: Created: 512x512x0 minecraft:textures/atlas/shulker_boxes.png-atlas
[14:39:34] [Worker-Main-9/INFO]: Loaded 1872 advancements
[14:39:34] [Render thread/INFO]: World loading finished: null screen: net.minecraft.client.gui.screens.GenericMessageScreen@3b41501e
[14:39:34] [Render thread/INFO]: Applied 0 biome modifications to 0 of 67 new biomes in 584.5 μs
[14:39:34] [Server thread/INFO]: Starting integrated minecraft server version 26.3
[14:39:34] [Server thread/INFO]: Generating keypair
[14:39:35] [Server thread/INFO]: Selecting global world spawn...
[14:39:35] [Server thread/INFO]: Loading 0 persistent chunks...
[14:39:35] [Server thread/INFO]: Preparing spawn area: 16%
[14:39:35] [Server thread/INFO]: Saving chunks for level 'ServerLevel[New World]'/minecraft:overworld
[14:39:35] [Server thread/INFO]: Saving chunks for level 'ServerLevel[New World]'/minecraft:the_nether
[14:39:35] [Server thread/INFO]: Saving chunks for level 'ServerLevel[New World]'/minecraft:the_end
[14:39:35] [Render thread/INFO]: World loading finished: null screen: net.minecraft.client.gui.screens.LevelLoadingScreen@d00ff9
[14:39:35] [Render thread/INFO]: World loading finished: null screen: net.minecraft.client.gui.screens.LevelLoadingScreen@d00ff9
[14:39:35] [Render thread/INFO]: World loading finished: null screen: net.minecraft.client.gui.screens.LevelLoadingScreen@d00ff9
[14:39:35] [Render thread/INFO]: World loading finished: null screen: net.minecraft.client.gui.screens.LevelLoadingScreen@d00ff9
[14:39:35] [Render thread/INFO]: World loading finished: null screen: net.minecraft.client.gui.screens.LevelLoadingScreen@d00ff9
[14:39:35] [Render thread/INFO]: World loading finished: null screen: net.minecraft.client.gui.screens.LevelLoadingScreen@d00ff9
[14:39:35] [Render thread/INFO]: World loading finished: null screen: net.minecraft.client.gui.screens.LevelLoadingScreen@d00ff9
[14:39:35] [Server thread/INFO]: Loading 48 chunks for player spawn...
[14:39:35] [Server thread/INFO]: Preparing spawn area: 16%
[14:39:35] [Render thread/INFO]: World loading finished: null screen: net.minecraft.client.gui.screens.LevelLoadingScreen@d00ff9
[14:39:35] [Render thread/INFO]: World loading finished: null screen: net.minecraft.client.gui.screens.LevelLoadingScreen@d00ff9
[14:39:35] [Render thread/INFO]: World loading finished: null screen: net.minecraft.client.gui.screens.LevelLoadingScreen@d00ff9
[14:39:35] [Render thread/INFO]: World loading finished: null screen: net.minecraft.client.gui.screens.LevelLoadingScreen@d00ff9
[14:39:35] [Server thread/INFO]: Time elapsed: 759 ms
[14:39:35] [Render thread/INFO]: World loading finished: null screen: net.minecraft.client.gui.screens.LevelLoadingScreen@d00ff9
[14:39:35] [Server thread/INFO]: Player361[local:E:a6d933f4] logged in with entity id 1 at (0.5, -60.0, 0.5)
[14:39:35] [Server thread/INFO]: System chat: Player361 joined the game
[14:39:35] [Server thread/INFO]: Changing view distance to 5, from 10
[14:39:35] [Server thread/INFO]: Changing simulation distance to 12, from 0
[14:39:35] [Render thread/INFO]: World loading finished: null screen: net.minecraft.client.gui.screens.LevelLoadingScreen@d00ff9
[14:39:35] [Download-3/WARN]: Services are unavailable, unable to fetch uri for PLAYER/getCertificates
[14:39:35] [Render thread/WARN]: Ignoring chat session from Player361 due to missing Services public key
[14:39:35] [Render thread/INFO]: Loaded 2 advancements
[14:39:35] [Render thread/INFO]: World loading finished: ClientLevel screen: net.minecraft.client.gui.screens.LevelLoadingScreen@d00ff9
[14:39:36] [Render thread/WARN]: Requested post effect does not exist: minecraft:end_of_frame
[14:39:36] [Render thread/INFO]: Resizing Dynamic Transforms UBO, capacity limit of 2 reached during a single frame. New capacity will be 4.
[14:39:36] [Render thread/INFO]: World loading finished: ClientLevel screen: net.minecraft.client.gui.screens.LevelLoadingScreen@d00ff9
[14:39:36] [Render thread/INFO]: Resizing Dynamic Transforms UBO, capacity limit of 4 reached during a single frame. New capacity will be 8.
[14:39:36] [Render thread/INFO]: Resizing Dynamic Transforms UBO, capacity limit of 8 reached during a single frame. New capacity will be 16.
[14:39:36] [Render thread/INFO]: World loading finished: ClientLevel screen: net.minecraft.client.gui.screens.LevelLoadingScreen@d00ff9
[14:39:36] [Render thread/INFO]: World loading finished: ClientLevel screen: net.minecraft.client.gui.screens.LevelLoadingScreen@d00ff9
[14:39:36] [Render thread/INFO]: Resizing Chunk Sections UBO, capacity limit of 2 reached during a single frame. New capacity will be 8.
[14:39:36] [Render thread/INFO]: World loading finished: ClientLevel screen: net.minecraft.client.gui.screens.LevelLoadingScreen@d00ff9
[14:39:36] [Render thread/INFO]: World loading finished: ClientLevel screen: net.minecraft.client.gui.screens.LevelLoadingScreen@d00ff9
[14:39:36] [Render thread/INFO]: World loading finished: ClientLevel screen: net.minecraft.client.gui.screens.LevelLoadingScreen@d00ff9
[14:39:36] [Render thread/INFO]: Resizing Chunk Sections UBO, capacity limit of 8 reached during a single frame. New capacity will be 16.
[14:39:36] [Render thread/INFO]: World loading finished: ClientLevel screen: net.minecraft.client.gui.screens.LevelLoadingScreen@d00ff9
[14:39:36] [Render thread/INFO]: World loading finished: ClientLevel screen: net.minecraft.client.gui.screens.LevelLoadingScreen@d00ff9
[14:39:36] [Render thread/INFO]: World loading finished: ClientLevel screen: net.minecraft.client.gui.screens.LevelLoadingScreen@d00ff9
[14:39:36] [Render thread/INFO]: Resizing Chunk Sections UBO, capacity limit of 16 reached during a single frame. New capacity will be 32.
[14:39:36] [Render thread/INFO]: World loading finished: ClientLevel screen: net.minecraft.client.gui.screens.LevelLoadingScreen@d00ff9
[14:39:36] [Render thread/INFO]: World loading finished: ClientLevel screen: net.minecraft.client.gui.screens.LevelLoadingScreen@d00ff9
[14:39:36] [Render thread/INFO]: World loading finished: ClientLevel screen: net.minecraft.client.gui.screens.LevelLoadingScreen@d00ff9
[14:39:36] [Render thread/INFO]: World loading finished: ClientLevel screen: net.minecraft.client.gui.screens.LevelLoadingScreen@d00ff9
[14:39:36] [Render thread/INFO]: World loading finished: ClientLevel screen: net.minecraft.client.gui.screens.LevelLoadingScreen@d00ff9
[14:39:36] [Render thread/INFO]: World loading finished: ClientLevel screen: net.minecraft.client.gui.screens.LevelLoadingScreen@d00ff9
[14:39:36] [Render thread/INFO]: World loading finished: ClientLevel screen: null
[14:39:37] [Render thread/INFO]: Resizing Chunk Sections UBO, capacity limit of 32 reached during a single frame. New capacity will be 64.
[14:39:37] [Render thread/INFO]: Resizing Dynamic Transforms UBO, capacity limit of 16 reached during a single frame. New capacity will be 32.
[14:39:42] [Download-2/INFO]: Could not authorize you against Realms server: java.lang.RuntimeException: Failed to parse into SignedJWT: FabricMC
[14:39:42] [Download-2/ERROR]: Failed to fetch Realms feature flags
com.mojang.realmsclient.exception.RealmsServiceException: Realms authentication error with message 'java.lang.RuntimeException: Failed to parse into SignedJWT: FabricMC'
	at knot//com.mojang.realmsclient.client.RealmsClient.execute(RealmsClient.java:625)
	at knot//com.mojang.realmsclient.client.RealmsClient.fetchFeatureFlags(RealmsClient.java:204)
	at java.base/java.util.concurrent.CompletableFuture$AsyncSupply.run(CompletableFuture.java:1789)
	at java.base/java.util.concurrent.ThreadPoolExecutor.runWorker(ThreadPoolExecutor.java:1090)
	at java.base/java.util.concurrent.ThreadPoolExecutor$Worker.run(ThreadPoolExecutor.java:614)
	at java.base/java.lang.Thread.run(Thread.java:1474)
[14:39:43] [Download-1/INFO]: Could not authorize you against Realms server: java.lang.RuntimeException: Failed to parse into SignedJWT: FabricMC
[14:39:43] [Download-1/ERROR]: Couldn't connect to realms
com.mojang.realmsclient.exception.RealmsServiceException: Realms authentication error with message 'java.lang.RuntimeException: Failed to parse into SignedJWT: FabricMC'
	at knot//com.mojang.realmsclient.client.RealmsClient.execute(RealmsClient.java:625)
	at knot//com.mojang.realmsclient.client.RealmsClient.clientCompatible(RealmsClient.java:354)
	at knot//com.mojang.realmsclient.RealmsAvailability.lambda$check$0(RealmsAvailability.java:48)
	at java.base/java.util.concurrent.CompletableFuture$AsyncSupply.run(CompletableFuture.java:1789)
	at java.base/java.util.concurrent.ThreadPoolExecutor.runWorker(ThreadPoolExecutor.java:1090)
	at java.base/java.util.concurrent.ThreadPoolExecutor$Worker.run(ThreadPoolExecutor.java:614)
	at java.base/java.lang.Thread.run(Thread.java:1474)
[14:39:44] [Server thread/INFO]: Player361 lost connection: Disconnected
[14:39:44] [Server thread/INFO]: System chat: Player361 left the game
[14:39:44] [Server thread/INFO]: Stopping singleplayer server as player logged out
[14:39:44] [Server thread/INFO]: Stopping server
[14:39:44] [Server thread/INFO]: Saving players
[14:39:44] [Server thread/INFO]: Saving worlds
[14:39:44] [Server thread/INFO]: Saving chunks for level 'ServerLevel[New World]'/minecraft:overworld
[14:39:45] [Server thread/INFO]: Saving chunks for level 'ServerLevel[New World]'/minecraft:the_nether
[14:39:45] [Server thread/INFO]: Saving chunks for level 'ServerLevel[New World]'/minecraft:the_end
[14:39:45] [Render thread/INFO]: World loading finished: null screen: net.minecraft.client.gui.screens.GenericMessageScreen@53073e02
[14:39:45] [Worker-Main-5/INFO]: Loaded 1872 advancements
[14:39:45] [Render thread/INFO]: Applied 0 biome modifications to 0 of 67 new biomes in 222.9 μs
[14:39:45] [Server thread/INFO]: Starting integrated minecraft server version 26.3
[14:39:45] [Server thread/INFO]: Generating keypair
[14:39:45] [Server thread/INFO]: Loading 0 persistent chunks...
[14:39:45] [Server thread/INFO]: Saving chunks for level 'ServerLevel[New World]'/minecraft:overworld
[14:39:45] [Server thread/INFO]: Saving chunks for level 'ServerLevel[New World]'/minecraft:the_nether
[14:39:45] [Server thread/INFO]: Saving chunks for level 'ServerLevel[New World]'/minecraft:the_end
[14:39:45] [Render thread/INFO]: World loading finished: null screen: net.minecraft.client.gui.screens.LevelLoadingScreen@e4c25e3
[14:39:45] [Render thread/INFO]: World loading finished: null screen: net.minecraft.client.gui.screens.LevelLoadingScreen@e4c25e3
[14:39:45] [Render thread/INFO]: World loading finished: null screen: net.minecraft.client.gui.screens.LevelLoadingScreen@e4c25e3
[14:39:45] [Render thread/INFO]: World loading finished: null screen: net.minecraft.client.gui.screens.LevelLoadingScreen@e4c25e3
[14:39:45] [Server thread/INFO]: Loading 49 chunks for player spawn...
[14:39:45] [Server thread/INFO]: Preparing spawn area: 16%
[14:39:45] [Render thread/INFO]: World loading finished: null screen: net.minecraft.client.gui.screens.LevelLoadingScreen@e4c25e3
[14:39:45] [Server thread/INFO]: Time elapsed: 268 ms
[14:39:45] [Render thread/INFO]: World loading finished: null screen: net.minecraft.client.gui.screens.LevelLoadingScreen@e4c25e3
[14:39:45] [Server thread/INFO]: Player361[local:E:29e1e574] logged in with entity id 4 at (0.5, 121.60999997615814, 6.116113931920929)
[14:39:45] [Server thread/INFO]: System chat: Player361 joined the game
[14:39:45] [Server thread/INFO]: Changing view distance to 5, from 10
[14:39:45] [Server thread/INFO]: Changing simulation distance to 12, from 0
[14:39:45] [Render thread/INFO]: World loading finished: null screen: net.minecraft.client.gui.screens.LevelLoadingScreen@e4c25e3
[14:39:45] [Download-1/WARN]: Services are unavailable, unable to fetch uri for PLAYER/getCertificates
[14:39:45] [Render thread/WARN]: Ignoring chat session from Player361 due to missing Services public key
[14:39:45] [Render thread/INFO]: Loaded 2 advancements
[14:39:45] [Render thread/INFO]: World loading finished: ClientLevel screen: net.minecraft.client.gui.screens.LevelLoadingScreen@e4c25e3
[14:39:46] [Render thread/INFO]: World loading finished: ClientLevel screen: net.minecraft.client.gui.screens.LevelLoadingScreen@e4c25e3
[14:39:46] [Render thread/INFO]: World loading finished: ClientLevel screen: net.minecraft.client.gui.screens.LevelLoadingScreen@e4c25e3
[14:39:46] [Render thread/INFO]: World loading finished: ClientLevel screen: net.minecraft.client.gui.screens.LevelLoadingScreen@e4c25e3
[14:39:46] [Render thread/INFO]: World loading finished: ClientLevel screen: null
[14:39:48] [Server thread/INFO]: Player361 lost connection: Disconnected
[14:39:48] [Server thread/INFO]: System chat: Player361 left the game
[14:39:48] [Server thread/INFO]: Stopping singleplayer server as player logged out
[14:39:48] [Server thread/INFO]: Stopping server
[14:39:48] [Server thread/INFO]: Saving players
[14:39:48] [Server thread/INFO]: Saving worlds
[14:39:48] [Server thread/INFO]: Saving chunks for level 'ServerLevel[New World]'/minecraft:overworld
[14:39:48] [Server thread/INFO]: Saving chunks for level 'ServerLevel[New World]'/minecraft:the_nether
[14:39:48] [Server thread/INFO]: Saving chunks for level 'ServerLevel[New World]'/minecraft:the_end
[14:39:48] [Test thread/INFO]: [STDOUT]: WILDCRAFT P7 wing/wheel actual input, preview, W/S driving, one-block step/tall wall, idle cost, real disk reload and loaded passive glide passed
[14:39:48] [Render thread/INFO]: Stopping!

[Incubating] Problems report is available at: file:///Volumes/%E4%BB%95%E4%BA%8B/Wildcraft/%E5%BC%80%E5%8F%91%E7%8E%AF%E5%A2%83/cache/builds/f51c43e6462c/reports/problems/problems-report.html

BUILD SUCCESSFUL in 47s
23 actionable tasks: 11 executed, 12 up-to-date
