
> Configure project :
Fabric Loom: 1.18.2

> Task :compileJava
注: 某些输入文件使用或覆盖了已过时的 API。
注: 有关详细信息, 请使用 -Xlint:deprecation 重新编译。

> Task :processResources UP-TO-DATE
> Task :classes
> Task :compileClientJava UP-TO-DATE
> Task :processClientResources UP-TO-DATE
> Task :processIncludeJars UP-TO-DATE
> Task :jar
> Task :sourcesJar
> Task :assemble
> Task :clientClasses UP-TO-DATE

> Task :compileGametestJava
/Volumes/仕事/Wildcraft/开发环境/project/src/gametest/java/dev/wildcraft/test/research/ResearchGameTests.java:75: 警告: [removal] GameTestHelper 中的 makeMockServerPlayerInLevel() 已过时, 且标记为待删除
        var player = helper.makeMockServerPlayerInLevel();
                           ^
/Volumes/仕事/Wildcraft/开发环境/project/src/gametest/java/dev/wildcraft/test/research/ResearchGameTests.java:101: 警告: [removal] GameTestHelper 中的 makeMockServerPlayerInLevel() 已过时, 且标记为待删除
        var rider = helper.makeMockServerPlayerInLevel();
                          ^
/Volumes/仕事/Wildcraft/开发环境/project/src/gametest/java/dev/wildcraft/test/BackEquipmentGameTests.java:29: 警告: [removal] GameTestHelper 中的 makeMockServerPlayerInLevel() 已过时, 且标记为待删除
        ServerPlayer p=h.makeMockServerPlayerInLevel();
                        ^
/Volumes/仕事/Wildcraft/开发环境/project/src/gametest/java/dev/wildcraft/test/BackEquipmentGameTests.java:46: 警告: [removal] GameTestHelper 中的 makeMockServerPlayerInLevel() 已过时, 且标记为待删除
        ServerPlayer p = h.makeMockServerPlayerInLevel();
                          ^
/Volumes/仕事/Wildcraft/开发环境/project/src/gametest/java/dev/wildcraft/test/BackEquipmentGameTests.java:52: 警告: [removal] GameTestHelper 中的 makeMockServerPlayerInLevel() 已过时, 且标记为待删除
        var victim = h.makeMockServerPlayerInLevel();
                      ^
/Volumes/仕事/Wildcraft/开发环境/project/src/gametest/java/dev/wildcraft/test/BackEquipmentGameTests.java:80: 警告: [removal] GameTestHelper 中的 makeMockServerPlayerInLevel() 已过时, 且标记为待删除
        ServerPlayer p = h.makeMockServerPlayerInLevel();
                          ^
/Volumes/仕事/Wildcraft/开发环境/project/src/gametest/java/dev/wildcraft/test/BackEquipmentGameTests.java:98: 警告: [removal] GameTestHelper 中的 makeMockServerPlayerInLevel() 已过时, 且标记为待删除
        ServerPlayer p = h.makeMockServerPlayerInLevel();
                          ^
/Volumes/仕事/Wildcraft/开发环境/project/src/gametest/java/dev/wildcraft/test/BackEquipmentGameTests.java:122: 警告: [removal] GameTestHelper 中的 makeMockServerPlayerInLevel() 已过时, 且标记为待删除
        ServerPlayer p = h.makeMockServerPlayerInLevel();
                          ^
/Volumes/仕事/Wildcraft/开发环境/project/src/gametest/java/dev/wildcraft/test/BackEquipmentGameTests.java:141: 警告: [removal] GameTestHelper 中的 makeMockServerPlayerInLevel() 已过时, 且标记为待删除
        ServerPlayer p = h.makeMockServerPlayerInLevel();
                          ^
/Volumes/仕事/Wildcraft/开发环境/project/src/gametest/java/dev/wildcraft/test/CookingGameTests.java:77: 警告: [removal] GameTestHelper 中的 makeMockServerPlayerInLevel() 已过时, 且标记为待删除
        var p=h.makeMockServerPlayerInLevel();
               ^
/Volumes/仕事/Wildcraft/开发环境/project/src/gametest/java/dev/wildcraft/test/CookingGameTests.java:103: 警告: [removal] GameTestHelper 中的 makeMockServerPlayerInLevel() 已过时, 且标记为待删除
        var p=h.makeMockServerPlayerInLevel();var level=h.getLevel();var pos=h.absolutePos(new net.minecraft.core.BlockPos(1,2,1));
               ^
/Volumes/仕事/Wildcraft/开发环境/project/src/gametest/java/dev/wildcraft/test/TemperatureGameTests.java:21: 警告: [removal] GameTestHelper 中的 makeMockServerPlayerInLevel() 已过时, 且标记为待删除
        var p=h.makeMockServerPlayerInLevel();var pos=h.absolutePos(new BlockPos(1,3,1));p.teleportTo(pos.getX()+.5,pos.getY(),pos.getZ()+.5);
               ^
/Volumes/仕事/Wildcraft/开发环境/project/src/gametest/java/dev/wildcraft/test/TemperatureGameTests.java:43: 警告: [removal] GameTestHelper 中的 makeMockServerPlayerInLevel() 已过时, 且标记为待删除
        var p=h.makeMockServerPlayerInLevel();var pos=h.absolutePos(new BlockPos(1,2,1));p.teleportTo(pos.getX()+.5,pos.getY(),pos.getZ()+.5);
               ^
/Volumes/仕事/Wildcraft/开发环境/project/src/gametest/java/dev/wildcraft/test/TemperatureGameTests.java:61: 警告: [removal] GameTestHelper 中的 makeMockServerPlayerInLevel() 已过时, 且标记为待删除
        var p=h.makeMockServerPlayerInLevel();var pos=h.absolutePos(new BlockPos(1,2,1));p.teleportTo(pos.getX()+.5,pos.getY(),pos.getZ()+.5);
               ^
/Volumes/仕事/Wildcraft/开发环境/project/src/gametest/java/dev/wildcraft/test/TemperatureGameTests.java:84: 警告: [removal] GameTestHelper 中的 makeMockServerPlayerInLevel() 已过时, 且标记为待删除
        var a=h.makeMockServerPlayerInLevel();var b=h.makeMockServerPlayerInLevel();
               ^
/Volumes/仕事/Wildcraft/开发环境/project/src/gametest/java/dev/wildcraft/test/TemperatureGameTests.java:84: 警告: [removal] GameTestHelper 中的 makeMockServerPlayerInLevel() 已过时, 且标记为待删除
        var a=h.makeMockServerPlayerInLevel();var b=h.makeMockServerPlayerInLevel();
                                                     ^
/Volumes/仕事/Wildcraft/开发环境/project/src/gametest/java/dev/wildcraft/test/GlidingGameTests.java:171: 警告: [removal] GameTestHelper 中的 makeMockServerPlayerInLevel() 已过时, 且标记为待删除
        ServerPlayer p = h.makeMockServerPlayerInLevel();
                          ^
/Volumes/仕事/Wildcraft/开发环境/project/src/gametest/java/dev/wildcraft/test/ClimbingGameTests.java:131: 警告: [removal] GameTestHelper 中的 makeMockServerPlayerInLevel() 已过时, 且标记为待删除
        ServerPlayer p = h.makeMockServerPlayerInLevel();
                          ^
/Volumes/仕事/Wildcraft/开发环境/project/src/gametest/java/dev/wildcraft/test/FocusGameTests.java:17: 警告: [removal] GameTestHelper 中的 makeMockServerPlayerInLevel() 已过时, 且标记为待删除
        var p = h.makeMockServerPlayerInLevel();
                 ^
/Volumes/仕事/Wildcraft/开发环境/project/src/gametest/java/dev/wildcraft/test/FocusGameTests.java:30: 警告: [removal] GameTestHelper 中的 makeMockServerPlayerInLevel() 已过时, 且标记为待删除
        var p = h.makeMockServerPlayerInLevel(); p.getAbilities().mayfly = false; p.setOnGround(false);
                 ^
/Volumes/仕事/Wildcraft/开发环境/project/src/gametest/java/dev/wildcraft/test/PlayerStaminaGameTests.java:55: 警告: [removal] GameTestHelper 中的 makeMockServerPlayerInLevel() 已过时, 且标记为待删除
        ServerPlayer first = helper.makeMockServerPlayerInLevel();
                                   ^
/Volumes/仕事/Wildcraft/开发环境/project/src/gametest/java/dev/wildcraft/test/PlayerStaminaGameTests.java:56: 警告: [removal] GameTestHelper 中的 makeMockServerPlayerInLevel() 已过时, 且标记为待删除
        ServerPlayer second = helper.makeMockServerPlayerInLevel();
                                    ^
/Volumes/仕事/Wildcraft/开发环境/project/src/gametest/java/dev/wildcraft/test/PlayerStaminaGameTests.java:78: 警告: [removal] GameTestHelper 中的 makeMockServerPlayerInLevel() 已过时, 且标记为待删除
        ServerPlayer player = helper.makeMockServerPlayerInLevel();
                                    ^
注: /Volumes/仕事/Wildcraft/开发环境/project/src/gametest/java/dev/wildcraft/test/TemperatureGameTests.java使用或覆盖了已过时的 API。
注: 有关详细信息, 请使用 -Xlint:deprecation 重新编译。
23 个警告

> Task :generateLog4jConfig UP-TO-DATE
> Task :generateDLIConfig UP-TO-DATE
> Task :configureLaunch UP-TO-DATE
> Task :processGametestResources UP-TO-DATE
> Task :gametestClasses

> Task :runGameTest
[03:05:26] [main/INFO] (FabricLoader/GameProvider) Loading Minecraft 26.3 with Fabric Loader 0.19.5
[03:05:26] [main/INFO] (FabricLoader/Mappings) Mappings not present!
[03:05:26] [main/INFO] (FabricLoader) Loading 45 mods:
	- fabric-advancement-api-v1 1.0.0+38c7a2d55d
	- fabric-api 0.161.0+26.3
	- fabric-api-base 2.0.6+fcdff87f5d
	- fabric-api-lookup-api-v1 2.0.24+3434d6d95d
	- fabric-biome-api-v1 20.0.9+74ed1ea55d
	- fabric-block-api-v1 3.1.0+0ae6f9115d
	- fabric-block-getter-api-v2 2.0.9+3434d6d95d
	- fabric-command-api-v2 3.1.2+fcdff87f5d
	- fabric-content-registries-v0 15.0.4+74ed1ea55d
	- fabric-convention-tags-v2 4.10.3+6b5b47fd5d
	- fabric-crash-report-info-v1 1.0.7+fcdff87f5d
	- fabric-creative-tab-api-v1 5.0.21+fcdff87f5d
	- fabric-data-attachment-api-v1 2.2.30+3434d6d95d
	- fabric-data-generation-api-v1 27.2.4+427eab975d
	- fabric-debug-api-v1 1.0.4+3434d6d95d
	- fabric-dimensions-v1 5.1.19+47f74c985d
	- fabric-entity-events-v1 6.0.4+3434d6d95d
	- fabric-events-interaction-v0 5.3.6+3434d6d95d
	- fabric-game-rule-api-v1 4.0.10+3434d6d95d
	- fabric-gametest-api-v1 4.0.32+3434d6d95d
	- fabric-item-api-v1 14.7.0+cf6bc2db5d
	- fabric-lifecycle-events-v1 4.1.9+ffef5f675d
	- fabric-loot-api-v3 4.0.8+4068fd645d
	- fabric-menu-api-v1 2.0.27+ed66f0a35d
	- fabric-message-api-v1 7.0.10+3434d6d95d
	- fabric-networking-api-v1 6.3.8+fcdff87f5d
	- fabric-object-builder-api-v1 24.1.9+3434d6d95d
	- fabric-particles-v1 5.0.24+3434d6d95d
	- fabric-permission-api-v1 1.0.8+fcdff87f5d
	- fabric-recipe-api-v1 10.0.8+fcdff87f5d
	- fabric-registry-sync-v0 8.0.1+fcdff87f5d
	- fabric-rendering-fluids-v1 6.0.6+3434d6d95d
	- fabric-resource-conditions-api-v1 6.1.5+3434d6d95d
	- fabric-resource-loader-v0 3.3.26+4fc5413f5d
	- fabric-resource-loader-v1 3.0.4+fcdff87f5d
	- fabric-serialization-api-v1 2.0.7+74ed1ea55d
	- fabric-tag-api-v1 2.1.10+fcdff87f5d
	- fabric-transfer-api-v1 8.0.25+fcdff87f5d
	- fabric-transitive-access-wideners-v1 8.1.16+52268a0e5d
	- fabricloader 0.19.5
	- java 25
	- minecraft 26.3
	- mixinextras 0.5.5
	- wildcraft 0.1.0-dev.9
	- wildcraft-test 1.0.0
[03:05:26] [main/INFO] (FabricLoader/Mixin) SpongePowered MIXIN Subsystem Version=0.8.7 Source=file:/Volumes/%e4%bb%95%e4%ba%8b/Wildcraft/%e5%bc%80%e5%8f%91%e7%8e%af%e5%a2%83/cache/gradle/caches/modules-2/files-2.1/net.fabricmc/sponge-mixin/0.17.4+mixin.0.8.7/5f66cc9f59b8efaa942155a3d5a30599bf6640dd/sponge-mixin-0.17.4+mixin.0.8.7.jar Service=Knot/Fabric Env=SERVER
[03:05:26] [main/INFO] (FabricLoader/MixinExtras|Service) Initializing MixinExtras via com.llamalad7.mixinextras.service.MixinExtrasServiceImpl(version=0.5.5).
[03:05:28] [main/WARN] (MacOperatingSystem) Unable to parse version 27.0 to a codename.
[03:05:30] [main/INFO] (wildcraft) Wildcraft P4B initialization complete; cooking, temperature and traversal registered.
[03:05:30] [main/INFO] (Minecraft) Environment: Environment[discoveryUrl=https://discovery.minecraftservices.com/minecraft/client, name=PROD]
[03:05:31] [main/INFO] (FabricGameTestRunner) Starting test server
[03:05:31] [Worker-Main-7/INFO] (Minecraft) Loaded 1868 advancements
[03:05:31] [main/INFO] (BiomeModificationImpl) Applied 0 biome modifications to 0 of 67 new biomes in 828.6 μs
[03:05:31] [Server thread/INFO] (Minecraft) Selecting global world spawn...
[03:05:31] [Server thread/INFO] (Minecraft) Loading 0 persistent chunks...
[03:05:31] [Server thread/INFO] (Minecraft) Preparing spawn area: 100%
[03:05:31] [Server thread/INFO] (Minecraft) Time elapsed: 84 ms
[03:05:31] [Server thread/INFO] (Minecraft) Started game test server
[03:05:31] [Server thread/INFO] (Minecraft) 37 tests are now running at position 10502447, 4, -8261502!
[03:05:32] [Server thread/INFO] (Minecraft) Running test environment 'minecraft:default' batch 0 (37 tests)...
[03:05:32] [Server thread/INFO] (Minecraft) test-mock-player[embedded] logged in with entity id 10 at (0.0, 0.0, 0.0)
[03:05:32] [Server thread/INFO] (Minecraft) System chat: test-mock-player joined the game
[03:05:32] [Server thread/INFO] (Minecraft) test-mock-player[embedded] logged in with entity id 12 at (0.0, 0.0, 0.0)
[03:05:32] [Server thread/INFO] (Minecraft) System chat: test-mock-player joined the game
[03:05:32] [Server thread/INFO] (Minecraft) test-mock-player[embedded] logged in with entity id 14 at (0.0, 0.0, 0.0)
[03:05:32] [Server thread/INFO] (Minecraft) System chat: test-mock-player joined the game
[03:05:32] [Server thread/INFO] (Minecraft) test-mock-player[embedded] logged in with entity id 15 at (0.0, 0.0, 0.0)
[03:05:32] [Server thread/INFO] (Minecraft) System chat: test-mock-player joined the game
[03:05:32] [Server thread/INFO] (Minecraft) test-mock-player[embedded] logged in with entity id 16 at (0.0, 0.0, 0.0)
[03:05:32] [Server thread/INFO] (Minecraft) System chat: test-mock-player joined the game
[03:05:33] [Server thread/INFO] (Minecraft) test-mock-player[embedded] logged in with entity id 20 at (0.0, 0.0, 0.0)
[03:05:33] [Server thread/INFO] (Minecraft) System chat: test-mock-player joined the game
[03:05:33] [Server thread/INFO] (Minecraft) test-mock-player[embedded] logged in with entity id 21 at (0.0, 0.0, 0.0)
[03:05:33] [Server thread/INFO] (Minecraft) System chat: test-mock-player joined the game
[03:05:33] [Server thread/INFO] (Minecraft) test-mock-player[embedded] logged in with entity id 22 at (0.0, 0.0, 0.0)
[03:05:33] [Server thread/INFO] (Minecraft) System chat: test-mock-player joined the game
[03:05:33] [Server thread/INFO] (Minecraft) test-mock-player[embedded] logged in with entity id 24 at (0.0, 0.0, 0.0)
[03:05:33] [Server thread/INFO] (Minecraft) System chat: test-mock-player joined the game
[03:05:33] [Server thread/INFO] (Minecraft) test-mock-player[embedded] logged in with entity id 25 at (0.0, 0.0, 0.0)
[03:05:33] [Server thread/INFO] (Minecraft) System chat: test-mock-player joined the game
[03:05:33] [Server thread/INFO] (Minecraft) test-mock-player[embedded] logged in with entity id 26 at (0.0, 0.0, 0.0)
[03:05:33] [Server thread/INFO] (Minecraft) System chat: test-mock-player joined the game
[03:05:33] [Server thread/INFO] (Minecraft) test-mock-player[embedded] logged in with entity id 27 at (0.0, 0.0, 0.0)
[03:05:33] [Server thread/INFO] (Minecraft) System chat: test-mock-player joined the game
[03:05:33] [Server thread/INFO] (Minecraft) test-mock-player[embedded] logged in with entity id 28 at (0.0, 0.0, 0.0)
[03:05:33] [Server thread/INFO] (Minecraft) System chat: test-mock-player joined the game
[03:05:33] [Server thread/INFO] (Minecraft) test-mock-player[embedded] logged in with entity id 29 at (0.0, 0.0, 0.0)
[03:05:33] [Server thread/INFO] (Minecraft) System chat: test-mock-player joined the game
[03:05:33] [Server thread/INFO] (Minecraft) test-mock-player[embedded] logged in with entity id 30 at (0.0, 0.0, 0.0)
[03:05:33] [Server thread/INFO] (Minecraft) System chat: test-mock-player joined the game
[03:05:33] [Server thread/INFO] (Minecraft) test-mock-player[embedded] logged in with entity id 32 at (0.0, 0.0, 0.0)
[03:05:33] [Server thread/INFO] (Minecraft) System chat: test-mock-player joined the game
[03:05:33] [Server thread/INFO] (Minecraft) test-mock-player[embedded] logged in with entity id 34 at (0.0, 0.0, 0.0)
[03:05:33] [Server thread/INFO] (Minecraft) System chat: test-mock-player joined the game
[03:05:33] [Server thread/INFO] (Minecraft) test-mock-player[embedded] logged in with entity id 35 at (0.0, 0.0, 0.0)
[03:05:33] [Server thread/INFO] (Minecraft) System chat: test-mock-player joined the game
[03:05:33] [Server thread/INFO] (Minecraft) test-mock-player[embedded] logged in with entity id 36 at (0.0, 0.0, 0.0)
[03:05:33] [Server thread/INFO] (Minecraft) System chat: test-mock-player joined the game
[03:05:33] [Server thread/INFO] (Minecraft) test-mock-player[embedded] logged in with entity id 37 at (0.0, 0.0, 0.0)
[03:05:33] [Server thread/INFO] (Minecraft) System chat: test-mock-player joined the game
[03:05:33] [Server thread/INFO] (Minecraft) test-mock-player[embedded] logged in with entity id 38 at (0.0, 0.0, 0.0)
[03:05:33] [Server thread/INFO] (Minecraft) System chat: test-mock-player joined the game
[03:05:33] [Server thread/INFO] (Minecraft) System chat: test-mock-player has made the advancement [Ol' Betsy]
[03:05:33] [Server thread/INFO] (Minecraft) test-mock-player[embedded] logged in with entity id 40 at (0.0, 0.0, 0.0)
[03:05:33] [Server thread/INFO] (Minecraft) System chat: test-mock-player joined the game
[03:05:33] [Server thread/INFO] (Minecraft) test-mock-player[embedded] logged in with entity id 41 at (0.0, 0.0, 0.0)
[03:05:33] [Server thread/INFO] (Minecraft) System chat: test-mock-player joined the game
[03:05:33] [Server thread/INFO] (Minecraft) test-mock-player[embedded] logged in with entity id 43 at (0.0, 0.0, 0.0)
[03:05:33] [Server thread/INFO] (Minecraft) System chat: test-mock-player joined the game
[03:05:33] [Server thread/INFO] (Minecraft) test-mock-player[embedded] logged in with entity id 44 at (0.0, 0.0, 0.0)
[03:05:33] [Server thread/INFO] (Minecraft) System chat: test-mock-player joined the game
[03:05:33] [Server thread/INFO] (Minecraft) test-mock-player[embedded] logged in with entity id 53 at (0.0, 0.0, 0.0)
[03:05:33] [Server thread/INFO] (Minecraft) System chat: test-mock-player joined the game
[03:05:33] [Server thread/INFO] (Minecraft) test-mock-player[embedded] logged in with entity id 54 at (0.0, 0.0, 0.0)
[03:05:33] [Server thread/INFO] (Minecraft) System chat: test-mock-player joined the game
[03:05:33] [Server thread/INFO] (Minecraft) [STDOUT]: WILDCRAFT P4A sample probe: 100 samples 9.284375ms; block reads=27200
[03:05:33] [Server thread/INFO] (Minecraft) test-mock-player[embedded] logged in with entity id 55 at (0.0, 0.0, 0.0)
[03:05:33] [Server thread/INFO] (Minecraft) System chat: test-mock-player joined the game
[03:05:33] [Server thread/INFO] (Minecraft) test-mock-player[embedded] logged in with entity id 56 at (0.0, 0.0, 0.0)
[03:05:33] [Server thread/INFO] (Minecraft) System chat: test-mock-player joined the game
[03:05:33] [Server thread/INFO] (Minecraft) test-mock-player[embedded] logged in with entity id 58 at (0.0, 0.0, 0.0)
[03:05:33] [Server thread/INFO] (Minecraft) System chat: test-mock-player joined the game
[03:05:33] [Server thread/INFO] (Minecraft) test-mock-player[embedded] logged in with entity id 59 at (0.0, 0.0, 0.0)
[03:05:33] [Server thread/INFO] (Minecraft) System chat: test-mock-player joined the game
[03:05:33] [Server thread/INFO] (Minecraft) test-mock-player[embedded] logged in with entity id 61 at (0.0, 0.0, 0.0)
[03:05:33] [Server thread/INFO] (Minecraft) System chat: test-mock-player joined the game
[03:05:33] [Server thread/INFO] (Minecraft) [++_+++++++++_++_+++++++++++++++++++++]
[03:05:33] [Server thread/INFO] (Minecraft) [++_++++++++++++++++++++++++++++++++++]
[03:05:33] [Server thread/INFO] (Minecraft) [+++++++++++++++++++++++++++++++++++++]
[03:05:33] [Server thread/INFO] (Minecraft) ========= 37 GAME TESTS COMPLETE IN 1.517 s ======================
[03:05:33] [Server thread/INFO] (Minecraft) All 37 required tests passed :)
[03:05:33] [Server thread/INFO] (Minecraft) ====================================================
[03:05:33] [Server thread/INFO] (Minecraft) Stopping server
[03:05:33] [Server thread/INFO] (Minecraft) Saving players
[03:05:33] [Server thread/INFO] (Minecraft) test-mock-player lost connection: Server closed
[03:05:33] [Server thread/INFO] (Minecraft) System chat: test-mock-player left the game
[03:05:33] [Server thread/INFO] (Minecraft) test-mock-player lost connection: Server closed
[03:05:33] [Server thread/INFO] (Minecraft) System chat: test-mock-player left the game
[03:05:33] [Server thread/INFO] (Minecraft) test-mock-player lost connection: Server closed
[03:05:33] [Server thread/INFO] (Minecraft) System chat: test-mock-player left the game
[03:05:33] [Server thread/INFO] (Minecraft) test-mock-player lost connection: Server closed
[03:05:33] [Server thread/INFO] (Minecraft) System chat: test-mock-player left the game
[03:05:33] [Server thread/INFO] (Minecraft) test-mock-player lost connection: Server closed
[03:05:33] [Server thread/INFO] (Minecraft) System chat: test-mock-player left the game
[03:05:33] [Server thread/INFO] (Minecraft) test-mock-player lost connection: Server closed
[03:05:33] [Server thread/INFO] (Minecraft) System chat: test-mock-player left the game
[03:05:33] [Server thread/INFO] (Minecraft) test-mock-player lost connection: Server closed
[03:05:33] [Server thread/INFO] (Minecraft) System chat: test-mock-player left the game
[03:05:33] [Server thread/INFO] (Minecraft) test-mock-player lost connection: Server closed
[03:05:33] [Server thread/INFO] (Minecraft) System chat: test-mock-player left the game
[03:05:33] [Server thread/INFO] (Minecraft) test-mock-player lost connection: Server closed
[03:05:33] [Server thread/INFO] (Minecraft) System chat: test-mock-player left the game
[03:05:33] [Server thread/INFO] (Minecraft) test-mock-player lost connection: Server closed
[03:05:33] [Server thread/INFO] (Minecraft) System chat: test-mock-player left the game
[03:05:33] [Server thread/INFO] (Minecraft) test-mock-player lost connection: Server closed
[03:05:33] [Server thread/INFO] (Minecraft) System chat: test-mock-player left the game
[03:05:33] [Server thread/INFO] (Minecraft) test-mock-player lost connection: Server closed
[03:05:33] [Server thread/INFO] (Minecraft) System chat: test-mock-player left the game
[03:05:33] [Server thread/INFO] (Minecraft) test-mock-player lost connection: Server closed
[03:05:33] [Server thread/INFO] (Minecraft) System chat: test-mock-player left the game
[03:05:33] [Server thread/INFO] (Minecraft) test-mock-player lost connection: Server closed
[03:05:33] [Server thread/INFO] (Minecraft) System chat: test-mock-player left the game
[03:05:33] [Server thread/INFO] (Minecraft) test-mock-player lost connection: Server closed
[03:05:33] [Server thread/INFO] (Minecraft) System chat: test-mock-player left the game
[03:05:33] [Server thread/INFO] (Minecraft) test-mock-player lost connection: Server closed
[03:05:33] [Server thread/INFO] (Minecraft) System chat: test-mock-player left the game
[03:05:33] [Server thread/INFO] (Minecraft) Saving worlds
[03:05:33] [Server thread/INFO] (Minecraft) Saving chunks for level 'ServerLevel[Test Level]'/minecraft:overworld
[03:05:34] [Server thread/INFO] (Minecraft) Saving chunks for level 'ServerLevel[Test Level]'/minecraft:the_nether
[03:05:34] [Server thread/INFO] (Minecraft) Saving chunks for level 'ServerLevel[Test Level]'/minecraft:the_end
[03:05:34] [Server thread/INFO] (Minecraft) Game test server shutting down

> Task :gameTestJar
> Task :compileTestJava NO-SOURCE
> Task :processTestResources NO-SOURCE
> Task :testClasses UP-TO-DATE
> Task :test NO-SOURCE
> Task :validateAccessWidener NO-SOURCE
> Task :compileRulesTestJava UP-TO-DATE
> Task :processRulesTestResources NO-SOURCE
> Task :rulesTestClasses UP-TO-DATE

> Task :verifyRules
WILDCRAFT P3.2 active clock: 10 cases passed; 5/10/20/60Hz, pause, resume, stall, duplicate
WILDCRAFT stamina numerical checks passed: 13 examples + 1000 bound/monotonicity cases

> Task :verifyTemperatureRules
WILDCRAFT P4A temperature: climate/water/limits, 30/60/120fps, 1000 hysteresis and 7000 interpolation checks passed

> Task :check
> Task :exportMod
> Task :build

[Incubating] Problems report is available at: file:///Volumes/%E4%BB%95%E4%BA%8B/Wildcraft/%E5%BC%80%E5%8F%91%E7%8E%AF%E5%A2%83/cache/builds/f51c43e6462c/reports/problems/problems-report.html

BUILD SUCCESSFUL in 9s
17 actionable tasks: 9 executed, 8 up-to-date
