Starting a Gradle Daemon, 1 busy and 3 stopped Daemons could not be reused, use --status for details

> Configure project :
Fabric Loom: 1.18.2

> Task :compileJava UP-TO-DATE
> Task :processResources UP-TO-DATE
> Task :classes UP-TO-DATE
> Task :compileClientJava UP-TO-DATE
> Task :processClientResources UP-TO-DATE
> Task :clientClasses UP-TO-DATE
> Task :compileGametestJava UP-TO-DATE
> Task :deleteGameTestRunDir
> Task :acceptGameTestEula
> Task :generateLog4jConfig UP-TO-DATE
> Task :generateDLIConfig UP-TO-DATE
> Task :configureLaunch
> Task :processGametestResources UP-TO-DATE
> Task :gametestClasses UP-TO-DATE

> Task :runGameTest
[34m[16:38:25][m [32m[main/INFO][m [36m(FabricLoader/GameProvider)[m [0mLoading Minecraft 26.3 with Fabric Loader 0.19.5
[m[34m[16:38:25][m [32m[main/INFO][m [36m(FabricLoader/Mappings)[m [0mMappings not present!
[m[34m[16:38:25][m [32m[main/INFO][m [36m(FabricLoader)[m [0mLoading 45 mods:
	- fabric-advancement-api-v1 1.0.0+38c7a2d55d
	- fabric-api 0.161.0+26.3
	- fabric-api-base 2.0.6+fcdff87f5d
	- fabric-api-lookup-api-v1 2.0.24+3434d6d95d
	- fabric-biome-api-v1 20.0.9+74ed1ea55d
	- fabric-block-api-v1 3.1.0+0ae6f9115d
	- fabric-block-getter-api-v2 2.0.9+3434d6d95d
	- fabric-command-api-v2 3.1.2+fcdff87f5d
	- fabric-content-registries-v0 15.0.4+74ed1ea55d
	- fabric-convention-tags-v2 4.10.3+6b5b47fd5d
	- fabric-crash-report-info-v1 1.0.7+fcdff87f5d
	- fabric-creative-tab-api-v1 5.0.21+fcdff87f5d
	- fabric-data-attachment-api-v1 2.2.30+3434d6d95d
	- fabric-data-generation-api-v1 27.2.4+427eab975d
	- fabric-debug-api-v1 1.0.4+3434d6d95d
	- fabric-dimensions-v1 5.1.19+47f74c985d
	- fabric-entity-events-v1 6.0.4+3434d6d95d
	- fabric-events-interaction-v0 5.3.6+3434d6d95d
	- fabric-game-rule-api-v1 4.0.10+3434d6d95d
	- fabric-gametest-api-v1 4.0.32+3434d6d95d
	- fabric-item-api-v1 14.7.0+cf6bc2db5d
	- fabric-lifecycle-events-v1 4.1.9+ffef5f675d
	- fabric-loot-api-v3 4.0.8+4068fd645d
	- fabric-menu-api-v1 2.0.27+ed66f0a35d
	- fabric-message-api-v1 7.0.10+3434d6d95d
	- fabric-networking-api-v1 6.3.8+fcdff87f5d
	- fabric-object-builder-api-v1 24.1.9+3434d6d95d
	- fabric-particles-v1 5.0.24+3434d6d95d
	- fabric-permission-api-v1 1.0.8+fcdff87f5d
	- fabric-recipe-api-v1 10.0.8+fcdff87f5d
	- fabric-registry-sync-v0 8.0.1+fcdff87f5d
	- fabric-rendering-fluids-v1 6.0.6+3434d6d95d
	- fabric-resource-conditions-api-v1 6.1.5+3434d6d95d
	- fabric-resource-loader-v0 3.3.26+4fc5413f5d
	- fabric-resource-loader-v1 3.0.4+fcdff87f5d
	- fabric-serialization-api-v1 2.0.7+74ed1ea55d
	- fabric-tag-api-v1 2.1.10+fcdff87f5d
	- fabric-transfer-api-v1 8.0.25+fcdff87f5d
	- fabric-transitive-access-wideners-v1 8.1.16+52268a0e5d
	- fabricloader 0.19.5
	- java 25
	- minecraft 26.3
	- mixinextras 0.5.5
	- wildcraft 0.1.0-dev.14
	- wildcraft-test 1.0.0
[m[34m[16:38:25][m [32m[main/INFO][m [36m(FabricLoader/Mixin)[m [0mSpongePowered MIXIN Subsystem Version=0.8.7 Source=file:/Volumes/%e4%bb%95%e4%ba%8b/Wildcraft/%e5%bc%80%e5%8f%91%e7%8e%af%e5%a2%83/cache/gradle/caches/modules-2/files-2.1/net.fabricmc/sponge-mixin/0.17.4+mixin.0.8.7/5f66cc9f59b8efaa942155a3d5a30599bf6640dd/sponge-mixin-0.17.4+mixin.0.8.7.jar Service=Knot/Fabric Env=SERVER
[m[34m[16:38:26][m [32m[main/INFO][m [36m(FabricLoader/MixinExtras|Service)[m [0mInitializing MixinExtras via com.llamalad7.mixinextras.service.MixinExtrasServiceImpl(version=0.5.5).
[m[34m[16:38:26][m [33m[main/WARN][m [36m(MacOperatingSystem)[m [0mUnable to parse version 27.0 to a codename.
[m[34m[16:38:29][m [32m[main/INFO][m [36m(wildcraft)[m [0mWildcraft P9 work in progress initialized; fusion, fabrication, mechanics, energy, cooking, temperature and traversal registered.
[m[34m[16:38:29][m [32m[main/INFO][m [36m(Minecraft)[m [0mEnvironment: Environment[discoveryUrl=https://discovery.minecraftservices.com/minecraft/client, name=PROD]
[m[34m[16:38:30][m [32m[main/INFO][m [36m(FabricGameTestRunner)[m [0mStarting test server
[m[34m[16:38:30][m [32m[Worker-Main-7/INFO][m [36m(Minecraft)[m [0mLoaded 1872 advancements
[m[34m[16:38:30][m [32m[main/INFO][m [36m(BiomeModificationImpl)[m [0mApplied 0 biome modifications to 0 of 67 new biomes in 557.1 μs
[m[34m[16:38:30][m [32m[Server thread/INFO][m [36m(Minecraft)[m [0mSelecting global world spawn...
[m[34m[16:38:31][m [32m[Server thread/INFO][m [36m(Minecraft)[m [0mLoading 0 persistent chunks...
[m[34m[16:38:31][m [32m[Server thread/INFO][m [36m(Minecraft)[m [0mPreparing spawn area: 100%
[m[34m[16:38:31][m [32m[Server thread/INFO][m [36m(Minecraft)[m [0mTime elapsed: 115 ms
[m[34m[16:38:31][m [32m[Server thread/INFO][m [36m(Minecraft)[m [0mStarted game test server
[m[34m[16:38:31][m [33m[Server thread/WARN][m [36m(TranslationConventionLogWarnings)[m [0m
	Dev warning - Untranslated Item Tags detected. Please translate your item tags so other mods such as recipe viewers can properly display your tag's name.
	The format desired is tag.item.<namespace>.<path> for the translation key with slashes in path turned into periods.
	To disable this message, set this system property in your runs: `-Dfabric-tag-conventions-v2.missingTagTranslationWarning=SILENCED`.
	To see individual untranslated item tags found, set the system property to `-Dfabric-tag-conventions-v2.missingTagTranslationWarning=VERBOSE`.
	Default is `SHORT`.

[m[34m[16:38:31][m [32m[Server thread/INFO][m [36m(Minecraft)[m [0m72 tests are now running at position 2523410, 4, -537962!
[m[34m[16:38:32][m [32m[Server thread/INFO][m [36m(Minecraft)[m [0mRunning test environment 'minecraft:default' batch 0 (50 tests)...
[m[34m[16:38:32][m [32m[Server thread/INFO][m [36m(Minecraft)[m [0mtest-mock-player[embedded] logged in with entity id 10 at (0.0, 0.0, 0.0)
[m[34m[16:38:32][m [32m[Server thread/INFO][m [36m(Minecraft)[m [0mSystem chat: test-mock-player joined the game
[m[34m[16:38:32][m [32m[Server thread/INFO][m [36m(Minecraft)[m [0mtest-mock-player[embedded] logged in with entity id 12 at (0.0, 0.0, 0.0)
[m[34m[16:38:32][m [32m[Server thread/INFO][m [36m(Minecraft)[m [0mSystem chat: test-mock-player joined the game
[m[34m[16:38:32][m [32m[Server thread/INFO][m [36m(Minecraft)[m [0mtest-mock-player[embedded] logged in with entity id 14 at (0.0, 0.0, 0.0)
[m[34m[16:38:32][m [32m[Server thread/INFO][m [36m(Minecraft)[m [0mSystem chat: test-mock-player joined the game
[m[34m[16:38:32][m [32m[Server thread/INFO][m [36m(Minecraft)[m [0mtest-mock-player[embedded] logged in with entity id 15 at (0.0, 0.0, 0.0)
[m[34m[16:38:32][m [32m[Server thread/INFO][m [36m(Minecraft)[m [0mSystem chat: test-mock-player joined the game
[m[34m[16:38:32][m [32m[Server thread/INFO][m [36m(Minecraft)[m [0mtest-mock-player[embedded] logged in with entity id 16 at (0.0, 0.0, 0.0)
[m[34m[16:38:32][m [32m[Server thread/INFO][m [36m(Minecraft)[m [0mSystem chat: test-mock-player joined the game
[m[34m[16:38:32][m [32m[Server thread/INFO][m [36m(Minecraft)[m [0mtest-mock-player[embedded] logged in with entity id 20 at (0.0, 0.0, 0.0)
[m[34m[16:38:32][m [32m[Server thread/INFO][m [36m(Minecraft)[m [0mSystem chat: test-mock-player joined the game
[m[34m[16:38:32][m [32m[Server thread/INFO][m [36m(Minecraft)[m [0mtest-mock-player[embedded] logged in with entity id 21 at (0.0, 0.0, 0.0)
[m[34m[16:38:32][m [32m[Server thread/INFO][m [36m(Minecraft)[m [0mSystem chat: test-mock-player joined the game
[m[34m[16:38:32][m [32m[Server thread/INFO][m [36m(Minecraft)[m [0mtest-mock-player[embedded] logged in with entity id 22 at (0.0, 0.0, 0.0)
[m[34m[16:38:32][m [32m[Server thread/INFO][m [36m(Minecraft)[m [0mSystem chat: test-mock-player joined the game
[m[34m[16:38:32][m [32m[Server thread/INFO][m [36m(Minecraft)[m [0mtest-mock-player[embedded] logged in with entity id 24 at (0.0, 0.0, 0.0)
[m[34m[16:38:32][m [32m[Server thread/INFO][m [36m(Minecraft)[m [0mSystem chat: test-mock-player joined the game
[m[34m[16:38:32][m [32m[Server thread/INFO][m [36m(Minecraft)[m [0mtest-mock-player[embedded] logged in with entity id 25 at (0.0, 0.0, 0.0)
[m[34m[16:38:32][m [32m[Server thread/INFO][m [36m(Minecraft)[m [0mSystem chat: test-mock-player joined the game
[m[34m[16:38:32][m [32m[Server thread/INFO][m [36m(Minecraft)[m [0mtest-mock-player[embedded] logged in with entity id 26 at (0.0, 0.0, 0.0)
[m[34m[16:38:32][m [32m[Server thread/INFO][m [36m(Minecraft)[m [0mSystem chat: test-mock-player joined the game
[m[34m[16:38:32][m [32m[Server thread/INFO][m [36m(Minecraft)[m [0mtest-mock-player[embedded] logged in with entity id 27 at (0.0, 0.0, 0.0)
[m[34m[16:38:32][m [32m[Server thread/INFO][m [36m(Minecraft)[m [0mSystem chat: test-mock-player joined the game
[m[34m[16:38:32][m [32m[Server thread/INFO][m [36m(Minecraft)[m [0mtest-mock-player[embedded] logged in with entity id 29 at (0.0, 0.0, 0.0)
[m[34m[16:38:32][m [32m[Server thread/INFO][m [36m(Minecraft)[m [0mSystem chat: test-mock-player joined the game
[m[34m[16:38:32][m [32m[Server thread/INFO][m [36m(Minecraft)[m [0mtest-mock-player[embedded] logged in with entity id 31 at (0.0, 0.0, 0.0)
[m[34m[16:38:32][m [32m[Server thread/INFO][m [36m(Minecraft)[m [0mSystem chat: test-mock-player joined the game
[m[34m[16:38:32][m [32m[Server thread/INFO][m [36m(Minecraft)[m [0mtest-mock-player[embedded] logged in with entity id 32 at (0.0, 0.0, 0.0)
[m[34m[16:38:32][m [32m[Server thread/INFO][m [36m(Minecraft)[m [0mSystem chat: test-mock-player joined the game
[m[34m[16:38:32][m [32m[Server thread/INFO][m [36m(Minecraft)[m [0mtest-mock-player[embedded] logged in with entity id 33 at (0.0, 0.0, 0.0)
[m[34m[16:38:32][m [32m[Server thread/INFO][m [36m(Minecraft)[m [0mSystem chat: test-mock-player joined the game
[m[34m[16:38:32][m [32m[Server thread/INFO][m [36m(Minecraft)[m [0mtest-mock-player[embedded] logged in with entity id 34 at (0.0, 0.0, 0.0)
[m[34m[16:38:32][m [32m[Server thread/INFO][m [36m(Minecraft)[m [0mSystem chat: test-mock-player joined the game
[m[34m[16:38:32][m [32m[Server thread/INFO][m [36m(Minecraft)[m [0mtest-mock-player[embedded] logged in with entity id 35 at (0.0, 0.0, 0.0)
[m[34m[16:38:32][m [32m[Server thread/INFO][m [36m(Minecraft)[m [0mSystem chat: test-mock-player joined the game
[m[34m[16:38:32][m [32m[Server thread/INFO][m [36m(Minecraft)[m [0mtest-mock-player[embedded] logged in with entity id 36 at (0.0, 0.0, 0.0)
[m[34m[16:38:32][m [32m[Server thread/INFO][m [36m(Minecraft)[m [0mSystem chat: test-mock-player joined the game
[m[34m[16:38:32][m [32m[Server thread/INFO][m [36m(Minecraft)[m [0mtest-mock-player[embedded] logged in with entity id 38 at (0.0, 0.0, 0.0)
[m[34m[16:38:32][m [32m[Server thread/INFO][m [36m(Minecraft)[m [0mSystem chat: test-mock-player joined the game
[m[34m[16:38:32][m [32m[Server thread/INFO][m [36m(Minecraft)[m [0mtest-mock-player[embedded] logged in with entity id 39 at (0.0, 0.0, 0.0)
[m[34m[16:38:32][m [32m[Server thread/INFO][m [36m(Minecraft)[m [0mSystem chat: test-mock-player joined the game
[m[34m[16:38:32][m [32m[Server thread/INFO][m [36m(Minecraft)[m [0mtest-mock-player[embedded] logged in with entity id 40 at (0.0, 0.0, 0.0)
[m[34m[16:38:32][m [32m[Server thread/INFO][m [36m(Minecraft)[m [0mSystem chat: test-mock-player joined the game
[m[34m[16:38:32][m [32m[Server thread/INFO][m [36m(Minecraft)[m [0mtest-mock-player[embedded] logged in with entity id 41 at (0.0, 0.0, 0.0)
[m[34m[16:38:32][m [32m[Server thread/INFO][m [36m(Minecraft)[m [0mSystem chat: test-mock-player joined the game
[m[34m[16:38:32][m [32m[Server thread/INFO][m [36m(Minecraft)[m [0m[STDOUT]: WILDCRAFT P4A sample probe: 100 samples 9.6885ms; block reads=27200
[m[34m[16:38:32][m [32m[Server thread/INFO][m [36m(Minecraft)[m [0mtest-mock-player[embedded] logged in with entity id 42 at (0.0, 0.0, 0.0)
[m[34m[16:38:32][m [32m[Server thread/INFO][m [36m(Minecraft)[m [0mSystem chat: test-mock-player joined the game
[m[34m[16:38:32][m [32m[Server thread/INFO][m [36m(Minecraft)[m [0mtest-mock-player[embedded] logged in with entity id 44 at (0.0, 0.0, 0.0)
[m[34m[16:38:32][m [32m[Server thread/INFO][m [36m(Minecraft)[m [0mSystem chat: test-mock-player joined the game
[m[34m[16:38:32][m [32m[Server thread/INFO][m [36m(Minecraft)[m [0mtest-mock-player[embedded] logged in with entity id 57 at (0.0, 0.0, 0.0)
[m[34m[16:38:32][m [32m[Server thread/INFO][m [36m(Minecraft)[m [0mSystem chat: test-mock-player joined the game
[m[34m[16:38:32][m [32m[Server thread/INFO][m [36m(Minecraft)[m [0mtest-mock-player[embedded] logged in with entity id 58 at (0.0, 0.0, 0.0)
[m[34m[16:38:32][m [32m[Server thread/INFO][m [36m(Minecraft)[m [0mSystem chat: test-mock-player joined the game
[m[34m[16:38:32][m [32m[Server thread/INFO][m [36m(Minecraft)[m [0mtest-mock-player[embedded] logged in with entity id 59 at (0.0, 0.0, 0.0)
[m[34m[16:38:32][m [32m[Server thread/INFO][m [36m(Minecraft)[m [0mSystem chat: test-mock-player joined the game
[m[34m[16:38:32][m [32m[Server thread/INFO][m [36m(Minecraft)[m [0mtest-mock-player[embedded] logged in with entity id 60 at (0.0, 0.0, 0.0)
[m[34m[16:38:32][m [32m[Server thread/INFO][m [36m(Minecraft)[m [0mSystem chat: test-mock-player joined the game
[m[34m[16:38:32][m [32m[Server thread/INFO][m [36m(Minecraft)[m [0mtest-mock-player[embedded] logged in with entity id 61 at (0.0, 0.0, 0.0)
[m[34m[16:38:32][m [32m[Server thread/INFO][m [36m(Minecraft)[m [0mSystem chat: test-mock-player joined the game
[m[34m[16:38:32][m [32m[Server thread/INFO][m [36m(Minecraft)[m [0mtest-mock-player[embedded] logged in with entity id 63 at (0.0, 0.0, 0.0)
[m[34m[16:38:32][m [32m[Server thread/INFO][m [36m(Minecraft)[m [0mSystem chat: test-mock-player joined the game
[m[34m[16:38:32][m [32m[Server thread/INFO][m [36m(Minecraft)[m [0mSystem chat: test-mock-player has made the advancement [Ol' Betsy]
[m[34m[16:38:32][m [32m[Server thread/INFO][m [36m(Minecraft)[m [0mtest-mock-player[embedded] logged in with entity id 65 at (0.0, 0.0, 0.0)
[m[34m[16:38:32][m [32m[Server thread/INFO][m [36m(Minecraft)[m [0mSystem chat: test-mock-player joined the game
[m[34m[16:38:32][m [32m[Server thread/INFO][m [36m(Minecraft)[m [0mtest-mock-player[embedded] logged in with entity id 66 at (0.0, 0.0, 0.0)
[m[34m[16:38:32][m [32m[Server thread/INFO][m [36m(Minecraft)[m [0mSystem chat: test-mock-player joined the game
[m[34m[16:38:32][m [32m[Server thread/INFO][m [36m(Minecraft)[m [0mtest-mock-player[embedded] logged in with entity id 70 at (0.0, 0.0, 0.0)
[m[34m[16:38:32][m [32m[Server thread/INFO][m [36m(Minecraft)[m [0mSystem chat: test-mock-player joined the game
[m[34m[16:38:32][m [32m[Server thread/INFO][m [36m(Minecraft)[m [0mtest-mock-player[embedded] logged in with entity id 72 at (0.0, 0.0, 0.0)
[m[34m[16:38:32][m [32m[Server thread/INFO][m [36m(Minecraft)[m [0mSystem chat: test-mock-player joined the game
[m[34m[16:38:32][m [32m[Server thread/INFO][m [36m(Minecraft)[m [0mtest-mock-player[embedded] logged in with entity id 74 at (0.0, 0.0, 0.0)
[m[34m[16:38:32][m [32m[Server thread/INFO][m [36m(Minecraft)[m [0mSystem chat: test-mock-player joined the game
[m[34m[16:38:32][m [32m[Server thread/INFO][m [36m(Minecraft)[m [0mtest-mock-player[embedded] logged in with entity id 76 at (0.0, 0.0, 0.0)
[m[34m[16:38:32][m [32m[Server thread/INFO][m [36m(Minecraft)[m [0mSystem chat: test-mock-player joined the game
[m[34m[16:38:32][m [32m[Server thread/INFO][m [36m(Minecraft)[m [0mtest-mock-player[embedded] logged in with entity id 78 at (0.0, 0.0, 0.0)
[m[34m[16:38:32][m [32m[Server thread/INFO][m [36m(Minecraft)[m [0mSystem chat: test-mock-player joined the game
[m[34m[16:38:32][m [32m[Server thread/INFO][m [36m(Minecraft)[m [0mtest-mock-player[embedded] logged in with entity id 80 at (0.0, 0.0, 0.0)
[m[34m[16:38:32][m [32m[Server thread/INFO][m [36m(Minecraft)[m [0mSystem chat: test-mock-player joined the game
[m[34m[16:38:32][m [32m[Server thread/INFO][m [36m(Minecraft)[m [0mtest-mock-player[embedded] logged in with entity id 82 at (0.0, 0.0, 0.0)
[m[34m[16:38:32][m [32m[Server thread/INFO][m [36m(Minecraft)[m [0mSystem chat: test-mock-player joined the game
[m[34m[16:38:32][m [32m[Server thread/INFO][m [36m(Minecraft)[m [0mtest-mock-player[embedded] logged in with entity id 84 at (0.0, 0.0, 0.0)
[m[34m[16:38:32][m [32m[Server thread/INFO][m [36m(Minecraft)[m [0mSystem chat: test-mock-player joined the game
[m[34m[16:38:32][m [32m[Server thread/INFO][m [36m(Minecraft)[m [0mtest-mock-player[embedded] logged in with entity id 86 at (0.0, 0.0, 0.0)
[m[34m[16:38:32][m [32m[Server thread/INFO][m [36m(Minecraft)[m [0mSystem chat: test-mock-player joined the game
[m[34m[16:38:32][m [32m[Server thread/INFO][m [36m(Minecraft)[m [0mtest-mock-player[embedded] logged in with entity id 88 at (0.0, 0.0, 0.0)
[m[34m[16:38:32][m [32m[Server thread/INFO][m [36m(Minecraft)[m [0mSystem chat: test-mock-player joined the game
[m[34m[16:38:32][m [32m[Server thread/INFO][m [36m(Minecraft)[m [0mtest-mock-player[embedded] logged in with entity id 90 at (0.0, 0.0, 0.0)
[m[34m[16:38:32][m [32m[Server thread/INFO][m [36m(Minecraft)[m [0mSystem chat: test-mock-player joined the game
[m[34m[16:38:32][m [32m[Server thread/INFO][m [36m(Minecraft)[m [0mtest-mock-player[embedded] logged in with entity id 92 at (0.0, 0.0, 0.0)
[m[34m[16:38:32][m [32m[Server thread/INFO][m [36m(Minecraft)[m [0mSystem chat: test-mock-player joined the game
[m[34m[16:38:32][m [32m[Server thread/INFO][m [36m(Minecraft)[m [0mtest-mock-player[embedded] logged in with entity id 94 at (0.0, 0.0, 0.0)
[m[34m[16:38:32][m [32m[Server thread/INFO][m [36m(Minecraft)[m [0mSystem chat: test-mock-player joined the game
[m[34m[16:38:32][m [32m[Server thread/INFO][m [36m(Minecraft)[m [0mtest-mock-player[embedded] logged in with entity id 96 at (0.0, 0.0, 0.0)
[m[34m[16:38:32][m [32m[Server thread/INFO][m [36m(Minecraft)[m [0mSystem chat: test-mock-player joined the game
[m[34m[16:38:32][m [32m[Server thread/INFO][m [36m(Minecraft)[m [0mtest-mock-player[embedded] logged in with entity id 98 at (0.0, 0.0, 0.0)
[m[34m[16:38:32][m [32m[Server thread/INFO][m [36m(Minecraft)[m [0mSystem chat: test-mock-player joined the game
[m[34m[16:38:32][m [32m[Server thread/INFO][m [36m(Minecraft)[m [0mtest-mock-player[embedded] logged in with entity id 100 at (0.0, 0.0, 0.0)
[m[34m[16:38:32][m [32m[Server thread/INFO][m [36m(Minecraft)[m [0mSystem chat: test-mock-player joined the game
[m[34m[16:38:32][m [32m[Server thread/INFO][m [36m(Minecraft)[m [0mtest-mock-player[embedded] logged in with entity id 102 at (0.0, 0.0, 0.0)
[m[34m[16:38:32][m [32m[Server thread/INFO][m [36m(Minecraft)[m [0mSystem chat: test-mock-player joined the game
[m[34m[16:38:32][m [32m[Server thread/INFO][m [36m(Minecraft)[m [0mtest-mock-player[embedded] logged in with entity id 104 at (0.0, 0.0, 0.0)
[m[34m[16:38:32][m [32m[Server thread/INFO][m [36m(Minecraft)[m [0mSystem chat: test-mock-player joined the game
[m[34m[16:38:32][m [32m[Server thread/INFO][m [36m(Minecraft)[m [0mtest-mock-player[embedded] logged in with entity id 106 at (0.0, 0.0, 0.0)
[m[34m[16:38:32][m [32m[Server thread/INFO][m [36m(Minecraft)[m [0mSystem chat: test-mock-player joined the game
[m[34m[16:38:32][m [32m[Server thread/INFO][m [36m(Minecraft)[m [0mtest-mock-player[embedded] logged in with entity id 107 at (0.0, 0.0, 0.0)
[m[34m[16:38:32][m [32m[Server thread/INFO][m [36m(Minecraft)[m [0mSystem chat: test-mock-player joined the game
[m[34m[16:38:32][m [32m[Server thread/INFO][m [36m(Minecraft)[m [0mtest-mock-player[embedded] logged in with entity id 109 at (0.0, 0.0, 0.0)
[m[34m[16:38:32][m [32m[Server thread/INFO][m [36m(Minecraft)[m [0mSystem chat: test-mock-player joined the game
[m[34m[16:38:32][m [32m[Server thread/INFO][m [36m(Minecraft)[m [0mtest-mock-player[embedded] logged in with entity id 111 at (0.0, 0.0, 0.0)
[m[34m[16:38:32][m [32m[Server thread/INFO][m [36m(Minecraft)[m [0mSystem chat: test-mock-player joined the game
[m[34m[16:38:32][m [32m[Server thread/INFO][m [36m(Minecraft)[m [0mtest-mock-player[embedded] logged in with entity id 115 at (0.0, 0.0, 0.0)
[m[34m[16:38:32][m [32m[Server thread/INFO][m [36m(Minecraft)[m [0mSystem chat: test-mock-player joined the game
[m[34m[16:38:32][m [32m[Server thread/INFO][m [36m(Minecraft)[m [0mtest-mock-player[embedded] logged in with entity id 116 at (0.0, 0.0, 0.0)
[m[34m[16:38:32][m [32m[Server thread/INFO][m [36m(Minecraft)[m [0mSystem chat: test-mock-player joined the game
[m[34m[16:38:32][m [32m[Server thread/INFO][m [36m(Minecraft)[m [0mtest-mock-player[embedded] logged in with entity id 118 at (0.0, 0.0, 0.0)
[m[34m[16:38:32][m [32m[Server thread/INFO][m [36m(Minecraft)[m [0mSystem chat: test-mock-player joined the game
[m[34m[16:38:32][m [32m[Server thread/INFO][m [36m(Minecraft)[m [0mtest-mock-player[embedded] logged in with entity id 120 at (0.0, 0.0, 0.0)
[m[34m[16:38:32][m [32m[Server thread/INFO][m [36m(Minecraft)[m [0mSystem chat: test-mock-player joined the game
[m[34m[16:38:32][m [32m[Server thread/INFO][m [36m(Minecraft)[m [0mtest-mock-player[embedded] logged in with entity id 122 at (0.0, 0.0, 0.0)
[m[34m[16:38:32][m [32m[Server thread/INFO][m [36m(Minecraft)[m [0mSystem chat: test-mock-player joined the game
[m[34m[16:38:32][m [32m[Server thread/INFO][m [36m(Minecraft)[m [0mtest-mock-player[embedded] logged in with entity id 124 at (0.0, 0.0, 0.0)
[m[34m[16:38:32][m [32m[Server thread/INFO][m [36m(Minecraft)[m [0mSystem chat: test-mock-player joined the game
[m[34m[16:38:32][m [32m[Server thread/INFO][m [36m(Minecraft)[m [0mtest-mock-player[embedded] logged in with entity id 126 at (0.0, 0.0, 0.0)
[m[34m[16:38:32][m [32m[Server thread/INFO][m [36m(Minecraft)[m [0mSystem chat: test-mock-player joined the game
[m[34m[16:38:32][m [32m[Server thread/INFO][m [36m(Minecraft)[m [0m[++_++++++++++_+++++_+++++++++++++++++++++++++_++++                      ]
[m[34m[16:38:32][m [32m[Server thread/INFO][m [36m(Minecraft)[m [0m[++_++++++++++++++++++++++++++++++++++++++++++_++++                      ]
[m[34m[16:38:32][m [32m[Server thread/INFO][m [36m(Minecraft)[m [0m[+++++++++++++++++++++++++++++++++++++++++++++_++++                      ]
[m[34m[16:38:33][m [32m[Server thread/INFO][m [36m(Minecraft)[m [0mRunning test environment 'minecraft:default' batch 1 (22 tests)...
[m[34m[16:38:33][m [32m[Server thread/INFO][m [36m(Minecraft)[m [0mtest-mock-player[embedded] logged in with entity id 129 at (0.0, 0.0, 0.0)
[m[34m[16:38:33][m [32m[Server thread/INFO][m [36m(Minecraft)[m [0mSystem chat: test-mock-player joined the game
[m[34m[16:38:33][m [32m[Server thread/INFO][m [36m(Minecraft)[m [0mtest-mock-player[embedded] logged in with entity id 130 at (0.0, 0.0, 0.0)
[m[34m[16:38:33][m [32m[Server thread/INFO][m [36m(Minecraft)[m [0mSystem chat: test-mock-player joined the game
[m[34m[16:38:33][m [32m[Server thread/INFO][m [36m(Minecraft)[m [0mtest-mock-player[embedded] logged in with entity id 132 at (0.0, 0.0, 0.0)
[m[34m[16:38:33][m [32m[Server thread/INFO][m [36m(Minecraft)[m [0mSystem chat: test-mock-player joined the game
[m[34m[16:38:33][m [32m[Server thread/INFO][m [36m(Minecraft)[m [0mtest-mock-player[embedded] logged in with entity id 134 at (0.0, 0.0, 0.0)
[m[34m[16:38:33][m [32m[Server thread/INFO][m [36m(Minecraft)[m [0mSystem chat: test-mock-player joined the game
[m[34m[16:38:33][m [32m[Server thread/INFO][m [36m(Minecraft)[m [0mtest-mock-player[embedded] logged in with entity id 136 at (0.0, 0.0, 0.0)
[m[34m[16:38:33][m [32m[Server thread/INFO][m [36m(Minecraft)[m [0mSystem chat: test-mock-player joined the game
[m[34m[16:38:33][m [32m[Server thread/INFO][m [36m(Minecraft)[m [0mtest-mock-player[embedded] logged in with entity id 138 at (0.0, 0.0, 0.0)
[m[34m[16:38:33][m [32m[Server thread/INFO][m [36m(Minecraft)[m [0mSystem chat: test-mock-player joined the game
[m[34m[16:38:33][m [32m[Server thread/INFO][m [36m(Minecraft)[m [0mtest-mock-player[embedded] logged in with entity id 139 at (0.0, 0.0, 0.0)
[m[34m[16:38:33][m [32m[Server thread/INFO][m [36m(Minecraft)[m [0mSystem chat: test-mock-player joined the game
[m[34m[16:38:33][m [32m[Server thread/INFO][m [36m(Minecraft)[m [0mtest-mock-player[embedded] logged in with entity id 140 at (0.0, 0.0, 0.0)
[m[34m[16:38:33][m [32m[Server thread/INFO][m [36m(Minecraft)[m [0mSystem chat: test-mock-player joined the game
[m[34m[16:38:33][m [32m[Server thread/INFO][m [36m(Minecraft)[m [0mtest-mock-player[embedded] logged in with entity id 141 at (0.0, 0.0, 0.0)
[m[34m[16:38:33][m [32m[Server thread/INFO][m [36m(Minecraft)[m [0mSystem chat: test-mock-player joined the game
[m[34m[16:38:33][m [32m[Server thread/INFO][m [36m(Minecraft)[m [0mtest-mock-player[embedded] logged in with entity id 143 at (0.0, 0.0, 0.0)
[m[34m[16:38:33][m [32m[Server thread/INFO][m [36m(Minecraft)[m [0mSystem chat: test-mock-player joined the game
[m[34m[16:38:33][m [32m[Server thread/INFO][m [36m(Minecraft)[m [0mtest-mock-player[embedded] logged in with entity id 144 at (0.0, 0.0, 0.0)
[m[34m[16:38:33][m [32m[Server thread/INFO][m [36m(Minecraft)[m [0mSystem chat: test-mock-player joined the game
[m[34m[16:38:33][m [32m[Server thread/INFO][m [36m(Minecraft)[m [0mSystem chat: test-mock-player has made the advancement [Diamonds!]
[m[34m[16:38:33][m [32m[Server thread/INFO][m [36m(Minecraft)[m [0mtest-mock-player[embedded] logged in with entity id 145 at (0.0, 0.0, 0.0)
[m[34m[16:38:33][m [32m[Server thread/INFO][m [36m(Minecraft)[m [0mSystem chat: test-mock-player joined the game
[m[34m[16:38:33][m [32m[Server thread/INFO][m [36m(Minecraft)[m [0mtest-mock-player[embedded] logged in with entity id 146 at (0.0, 0.0, 0.0)
[m[34m[16:38:33][m [32m[Server thread/INFO][m [36m(Minecraft)[m [0mSystem chat: test-mock-player joined the game
[m[34m[16:38:33][m [32m[Server thread/INFO][m [36m(Minecraft)[m [0mtest-mock-player[embedded] logged in with entity id 149 at (0.0, 0.0, 0.0)
[m[34m[16:38:33][m [32m[Server thread/INFO][m [36m(Minecraft)[m [0mSystem chat: test-mock-player joined the game
[m[34m[16:38:33][m [32m[Server thread/INFO][m [36m(Minecraft)[m [0mSystem chat: test-mock-player has made the advancement [Take Aim]
[m[34m[16:38:33][m [32m[Server thread/INFO][m [36m(Minecraft)[m [0mtest-mock-player[embedded] logged in with entity id 153 at (0.0, 0.0, 0.0)
[m[34m[16:38:33][m [32m[Server thread/INFO][m [36m(Minecraft)[m [0mSystem chat: test-mock-player joined the game
[m[34m[16:38:33][m [32m[Server thread/INFO][m [36m(Minecraft)[m [0mtest-mock-player[embedded] logged in with entity id 154 at (0.0, 0.0, 0.0)
[m[34m[16:38:33][m [32m[Server thread/INFO][m [36m(Minecraft)[m [0mSystem chat: test-mock-player joined the game
[m[34m[16:38:33][m [32m[Server thread/INFO][m [36m(Minecraft)[m [0mtest-mock-player[embedded] logged in with entity id 155 at (0.0, 0.0, 0.0)
[m[34m[16:38:33][m [32m[Server thread/INFO][m [36m(Minecraft)[m [0mSystem chat: test-mock-player joined the game
[m[34m[16:38:33][m [32m[Server thread/INFO][m [36m(Minecraft)[m [0mtest-mock-player[embedded] logged in with entity id 156 at (0.0, 0.0, 0.0)
[m[34m[16:38:33][m [32m[Server thread/INFO][m [36m(Minecraft)[m [0mSystem chat: test-mock-player joined the game
[m[34m[16:38:33][m [32m[Server thread/INFO][m [36m(Minecraft)[m [0mtest-mock-player[embedded] logged in with entity id 158 at (0.0, 0.0, 0.0)
[m[34m[16:38:33][m [32m[Server thread/INFO][m [36m(Minecraft)[m [0mSystem chat: test-mock-player joined the game
[m[34m[16:38:33][m [32m[Server thread/INFO][m [36m(Minecraft)[m [0m[++++++++++++++++++++++++++++++++++++++++++++++++++__+_+_++++++++_+++++++]
[m[34m[16:38:33][m [32m[Server thread/INFO][m [36m(Minecraft)[m [0m[STDOUT]: P9 attack deltas vanilla=6.0 fused=9.0 uses=31
[m[34m[16:38:33][m [32m[Server thread/INFO][m [36m(Minecraft)[m [0m[++++++++++++++++++++++++++++++++++++++++++++++++++__+++_++++++++++++++++]
[m[34m[16:38:33][m [32m[Server thread/INFO][m [36m(Minecraft)[m [0m[+++++++++++++++++++++++++++++++++++++++++++++++++++_+++_++++++++++++++++]
[m[34m[16:38:33][m [32m[Server thread/INFO][m [36m(Minecraft)[m [0m[+++++++++++++++++++++++++++++++++++++++++++++++++++++++_++++++++++++++++]
[m[34m[16:38:33][m [32m[Server thread/INFO][m [36m(Minecraft)[m [0m[++++++++++++++++++++++++++++++++++++++++++++++++++++++++++++++++++++++++]
[m[34m[16:38:33][m [32m[Server thread/INFO][m [36m(Minecraft)[m [0m[++++++++++++++++++++++++++++++++++++++++++++++++++++++++++++++++++++++++]
[m[34m[16:38:33][m [32m[Server thread/INFO][m [36m(Minecraft)[m [0m========= 72 GAME TESTS COMPLETE IN 2.362 s ======================
[m[34m[16:38:33][m [32m[Server thread/INFO][m [36m(Minecraft)[m [0mAll 72 required tests passed :)
[m[34m[16:38:33][m [32m[Server thread/INFO][m [36m(Minecraft)[m [0m====================================================
[m[34m[16:38:33][m [32m[Server thread/INFO][m [36m(Minecraft)[m [0mStopping server
[m[34m[16:38:33][m [32m[Server thread/INFO][m [36m(Minecraft)[m [0mSaving players
[m[34m[16:38:33][m [32m[Server thread/INFO][m [36m(Minecraft)[m [0mtest-mock-player lost connection: Server closed
[m[34m[16:38:33][m [32m[Server thread/INFO][m [36m(Minecraft)[m [0mSystem chat: test-mock-player left the game
[m[34m[16:38:33][m [32m[Server thread/INFO][m [36m(Minecraft)[m [0mtest-mock-player lost connection: Server closed
[m[34m[16:38:33][m [32m[Server thread/INFO][m [36m(Minecraft)[m [0mSystem chat: test-mock-player left the game
[m[34m[16:38:33][m [32m[Server thread/INFO][m [36m(Minecraft)[m [0mtest-mock-player lost connection: Server closed
[m[34m[16:38:33][m [32m[Server thread/INFO][m [36m(Minecraft)[m [0mSystem chat: test-mock-player left the game
[m[34m[16:38:33][m [32m[Server thread/INFO][m [36m(Minecraft)[m [0mtest-mock-player lost connection: Server closed
[m[34m[16:38:33][m [32m[Server thread/INFO][m [36m(Minecraft)[m [0mSystem chat: test-mock-player left the game
[m[34m[16:38:33][m [32m[Server thread/INFO][m [36m(Minecraft)[m [0mtest-mock-player lost connection: Server closed
[m[34m[16:38:33][m [32m[Server thread/INFO][m [36m(Minecraft)[m [0mSystem chat: test-mock-player left the game
[m[34m[16:38:33][m [32m[Server thread/INFO][m [36m(Minecraft)[m [0mtest-mock-player lost connection: Server closed
[m[34m[16:38:33][m [32m[Server thread/INFO][m [36m(Minecraft)[m [0mSystem chat: test-mock-player left the game
[m[34m[16:38:33][m [32m[Server thread/INFO][m [36m(Minecraft)[m [0mtest-mock-player lost connection: Server closed
[m[34m[16:38:33][m [32m[Server thread/INFO][m [36m(Minecraft)[m [0mSystem chat: test-mock-player left the game
[m[34m[16:38:33][m [32m[Server thread/INFO][m [36m(Minecraft)[m [0mtest-mock-player lost connection: Server closed
[m[34m[16:38:33][m [32m[Server thread/INFO][m [36m(Minecraft)[m [0mSystem chat: test-mock-player left the game
[m[34m[16:38:33][m [32m[Server thread/INFO][m [36m(Minecraft)[m [0mtest-mock-player lost connection: Server closed
[m[34m[16:38:33][m [32m[Server thread/INFO][m [36m(Minecraft)[m [0mSystem chat: test-mock-player left the game
[m[34m[16:38:33][m [32m[Server thread/INFO][m [36m(Minecraft)[m [0mtest-mock-player lost connection: Server closed
[m[34m[16:38:33][m [32m[Server thread/INFO][m [36m(Minecraft)[m [0mSystem chat: test-mock-player left the game
[m[34m[16:38:33][m [32m[Server thread/INFO][m [36m(Minecraft)[m [0mtest-mock-player lost connection: Server closed
[m[34m[16:38:33][m [32m[Server thread/INFO][m [36m(Minecraft)[m [0mSystem chat: test-mock-player left the game
[m[34m[16:38:33][m [32m[Server thread/INFO][m [36m(Minecraft)[m [0mtest-mock-player lost connection: Server closed
[m[34m[16:38:33][m [32m[Server thread/INFO][m [36m(Minecraft)[m [0mSystem chat: test-mock-player left the game
[m[34m[16:38:33][m [32m[Server thread/INFO][m [36m(Minecraft)[m [0mtest-mock-player lost connection: Server closed
[m[34m[16:38:33][m [32m[Server thread/INFO][m [36m(Minecraft)[m [0mSystem chat: test-mock-player left the game
[m[34m[16:38:33][m [32m[Server thread/INFO][m [36m(Minecraft)[m [0mtest-mock-player lost connection: Server closed
[m[34m[16:38:33][m [32m[Server thread/INFO][m [36m(Minecraft)[m [0mSystem chat: test-mock-player left the game
[m[34m[16:38:33][m [32m[Server thread/INFO][m [36m(Minecraft)[m [0mtest-mock-player lost connection: Server closed
[m[34m[16:38:33][m [32m[Server thread/INFO][m [36m(Minecraft)[m [0mSystem chat: test-mock-player left the game
[m[34m[16:38:33][m [32m[Server thread/INFO][m [36m(Minecraft)[m [0mtest-mock-player lost connection: Server closed
[m[34m[16:38:33][m [32m[Server thread/INFO][m [36m(Minecraft)[m [0mSystem chat: test-mock-player left the game
[m[34m[16:38:33][m [32m[Server thread/INFO][m [36m(Minecraft)[m [0mtest-mock-player lost connection: Server closed
[m[34m[16:38:33][m [32m[Server thread/INFO][m [36m(Minecraft)[m [0mSystem chat: test-mock-player left the game
[m[34m[16:38:33][m [32m[Server thread/INFO][m [36m(Minecraft)[m [0mtest-mock-player lost connection: Server closed
[m[34m[16:38:33][m [32m[Server thread/INFO][m [36m(Minecraft)[m [0mSystem chat: test-mock-player left the game
[m[34m[16:38:33][m [32m[Server thread/INFO][m [36m(Minecraft)[m [0mtest-mock-player lost connection: Server closed
[m[34m[16:38:33][m [32m[Server thread/INFO][m [36m(Minecraft)[m [0mSystem chat: test-mock-player left the game
[m[34m[16:38:33][m [32m[Server thread/INFO][m [36m(Minecraft)[m [0mtest-mock-player lost connection: Server closed
[m[34m[16:38:33][m [32m[Server thread/INFO][m [36m(Minecraft)[m [0mSystem chat: test-mock-player left the game
[m[34m[16:38:33][m [32m[Server thread/INFO][m [36m(Minecraft)[m [0mtest-mock-player lost connection: Server closed
[m[34m[16:38:33][m [32m[Server thread/INFO][m [36m(Minecraft)[m [0mSystem chat: test-mock-player left the game
[m[34m[16:38:33][m [32m[Server thread/INFO][m [36m(Minecraft)[m [0mtest-mock-player lost connection: Server closed
[m[34m[16:38:33][m [32m[Server thread/INFO][m [36m(Minecraft)[m [0mSystem chat: test-mock-player left the game
[m[34m[16:38:33][m [32m[Server thread/INFO][m [36m(Minecraft)[m [0mtest-mock-player lost connection: Server closed
[m[34m[16:38:33][m [32m[Server thread/INFO][m [36m(Minecraft)[m [0mSystem chat: test-mock-player left the game
[m[34m[16:38:33][m [32m[Server thread/INFO][m [36m(Minecraft)[m [0mtest-mock-player lost connection: Server closed
[m[34m[16:38:33][m [32m[Server thread/INFO][m [36m(Minecraft)[m [0mSystem chat: test-mock-player left the game
[m[34m[16:38:33][m [32m[Server thread/INFO][m [36m(Minecraft)[m [0mtest-mock-player lost connection: Server closed
[m[34m[16:38:33][m [32m[Server thread/INFO][m [36m(Minecraft)[m [0mSystem chat: test-mock-player left the game
[m[34m[16:38:33][m [32m[Server thread/INFO][m [36m(Minecraft)[m [0mtest-mock-player lost connection: Server closed
[m[34m[16:38:33][m [32m[Server thread/INFO][m [36m(Minecraft)[m [0mSystem chat: test-mock-player left the game
[m[34m[16:38:33][m [32m[Server thread/INFO][m [36m(Minecraft)[m [0mtest-mock-player lost connection: Server closed
[m[34m[16:38:33][m [32m[Server thread/INFO][m [36m(Minecraft)[m [0mSystem chat: test-mock-player left the game
[m[34m[16:38:33][m [32m[Server thread/INFO][m [36m(Minecraft)[m [0mtest-mock-player lost connection: Server closed
[m[34m[16:38:33][m [32m[Server thread/INFO][m [36m(Minecraft)[m [0mSystem chat: test-mock-player left the game
[m[34m[16:38:33][m [32m[Server thread/INFO][m [36m(Minecraft)[m [0mtest-mock-player lost connection: Server closed
[m[34m[16:38:33][m [32m[Server thread/INFO][m [36m(Minecraft)[m [0mSystem chat: test-mock-player left the game
[m[34m[16:38:33][m [32m[Server thread/INFO][m [36m(Minecraft)[m [0mtest-mock-player lost connection: Server closed
[m[34m[16:38:33][m [32m[Server thread/INFO][m [36m(Minecraft)[m [0mSystem chat: test-mock-player left the game
[m[34m[16:38:33][m [32m[Server thread/INFO][m [36m(Minecraft)[m [0mtest-mock-player lost connection: Server closed
[m[34m[16:38:33][m [32m[Server thread/INFO][m [36m(Minecraft)[m [0mSystem chat: test-mock-player left the game
[m[34m[16:38:33][m [32m[Server thread/INFO][m [36m(Minecraft)[m [0mtest-mock-player lost connection: Server closed
[m[34m[16:38:33][m [32m[Server thread/INFO][m [36m(Minecraft)[m [0mSystem chat: test-mock-player left the game
[m[34m[16:38:33][m [32m[Server thread/INFO][m [36m(Minecraft)[m [0mtest-mock-player lost connection: Server closed
[m[34m[16:38:33][m [32m[Server thread/INFO][m [36m(Minecraft)[m [0mSystem chat: test-mock-player left the game
[m[34m[16:38:33][m [32m[Server thread/INFO][m [36m(Minecraft)[m [0mtest-mock-player lost connection: Server closed
[m[34m[16:38:33][m [32m[Server thread/INFO][m [36m(Minecraft)[m [0mSystem chat: test-mock-player left the game
[m[34m[16:38:33][m [32m[Server thread/INFO][m [36m(Minecraft)[m [0mtest-mock-player lost connection: Server closed
[m[34m[16:38:33][m [32m[Server thread/INFO][m [36m(Minecraft)[m [0mSystem chat: test-mock-player left the game
[m[34m[16:38:33][m [32m[Server thread/INFO][m [36m(Minecraft)[m [0mtest-mock-player lost connection: Server closed
[m[34m[16:38:33][m [32m[Server thread/INFO][m [36m(Minecraft)[m [0mSystem chat: test-mock-player left the game
[m[34m[16:38:33][m [32m[Server thread/INFO][m [36m(Minecraft)[m [0mtest-mock-player lost connection: Server closed
[m[34m[16:38:33][m [32m[Server thread/INFO][m [36m(Minecraft)[m [0mSystem chat: test-mock-player left the game
[m[34m[16:38:33][m [32m[Server thread/INFO][m [36m(Minecraft)[m [0mtest-mock-player lost connection: Server closed
[m[34m[16:38:33][m [32m[Server thread/INFO][m [36m(Minecraft)[m [0mSystem chat: test-mock-player left the game
[m[34m[16:38:33][m [32m[Server thread/INFO][m [36m(Minecraft)[m [0mtest-mock-player lost connection: Server closed
[m[34m[16:38:33][m [32m[Server thread/INFO][m [36m(Minecraft)[m [0mSystem chat: test-mock-player left the game
[m[34m[16:38:33][m [32m[Server thread/INFO][m [36m(Minecraft)[m [0mtest-mock-player lost connection: Server closed
[m[34m[16:38:33][m [32m[Server thread/INFO][m [36m(Minecraft)[m [0mSystem chat: test-mock-player left the game
[m[34m[16:38:33][m [32m[Server thread/INFO][m [36m(Minecraft)[m [0mtest-mock-player lost connection: Server closed
[m[34m[16:38:33][m [32m[Server thread/INFO][m [36m(Minecraft)[m [0mSystem chat: test-mock-player left the game
[m[34m[16:38:33][m [32m[Server thread/INFO][m [36m(Minecraft)[m [0mSaving worlds
[m[34m[16:38:33][m [32m[Server thread/INFO][m [36m(Minecraft)[m [0mSaving chunks for level 'ServerLevel[Test Level]'/minecraft:overworld
[m[34m[16:38:33][m [32m[Server thread/INFO][m [36m(Minecraft)[m [0mSaving chunks for level 'ServerLevel[Test Level]'/minecraft:the_nether
[m[34m[16:38:33][m [32m[Server thread/INFO][m [36m(Minecraft)[m [0mSaving chunks for level 'ServerLevel[Test Level]'/minecraft:the_end
[m[34m[16:38:33][m [32m[Server thread/INFO][m [36m(Minecraft)[m [0mGame test server shutting down
[m
BUILD SUCCESSFUL in 14s
11 actionable tasks: 3 executed, 8 up-to-date
