[11:54:55] [main/INFO]: Loading Minecraft 26.3 with Fabric Loader 0.19.5
[11:54:55] [main/INFO]: Mappings not present!
[11:54:56] [main/INFO]: Loading 44 mods:
	- fabric-advancement-api-v1 1.0.0+38c7a2d55d
	- fabric-api 0.161.0+26.3
	- fabric-api-base 2.0.6+fcdff87f5d
	- fabric-api-lookup-api-v1 2.0.24+3434d6d95d
	- fabric-biome-api-v1 20.0.9+74ed1ea55d
	- fabric-block-api-v1 3.1.0+0ae6f9115d
	- fabric-block-getter-api-v2 2.0.9+3434d6d95d
	- fabric-command-api-v2 3.1.2+fcdff87f5d
	- fabric-content-registries-v0 15.0.4+74ed1ea55d
	- fabric-convention-tags-v2 4.10.3+6b5b47fd5d
	- fabric-crash-report-info-v1 1.0.7+fcdff87f5d
	- fabric-creative-tab-api-v1 5.0.21+fcdff87f5d
	- fabric-data-attachment-api-v1 2.2.30+3434d6d95d
	- fabric-data-generation-api-v1 27.2.4+427eab975d
	- fabric-debug-api-v1 1.0.4+3434d6d95d
	- fabric-dimensions-v1 5.1.19+47f74c985d
	- fabric-entity-events-v1 6.0.4+3434d6d95d
	- fabric-events-interaction-v0 5.3.6+3434d6d95d
	- fabric-game-rule-api-v1 4.0.10+3434d6d95d
	- fabric-gametest-api-v1 4.0.32+3434d6d95d
	- fabric-item-api-v1 14.7.0+cf6bc2db5d
	- fabric-lifecycle-events-v1 4.1.9+ffef5f675d
	- fabric-loot-api-v3 4.0.8+4068fd645d
	- fabric-menu-api-v1 2.0.27+ed66f0a35d
	- fabric-message-api-v1 7.0.10+3434d6d95d
	- fabric-networking-api-v1 6.3.8+fcdff87f5d
	- fabric-object-builder-api-v1 24.1.9+3434d6d95d
	- fabric-particles-v1 5.0.24+3434d6d95d
	- fabric-permission-api-v1 1.0.8+fcdff87f5d
	- fabric-recipe-api-v1 10.0.8+fcdff87f5d
	- fabric-registry-sync-v0 8.0.1+fcdff87f5d
	- fabric-rendering-fluids-v1 6.0.6+3434d6d95d
	- fabric-resource-conditions-api-v1 6.1.5+3434d6d95d
	- fabric-resource-loader-v0 3.3.26+4fc5413f5d
	- fabric-resource-loader-v1 3.0.4+fcdff87f5d
	- fabric-serialization-api-v1 2.0.7+74ed1ea55d
	- fabric-tag-api-v1 2.1.10+fcdff87f5d
	- fabric-transfer-api-v1 8.0.25+fcdff87f5d
	- fabric-transitive-access-wideners-v1 8.1.16+52268a0e5d
	- fabricloader 0.19.5
	   \-- mixinextras 0.5.5
	- java 25
	- minecraft 26.3
	- wildcraft 0.1.0-dev.1
[11:54:56] [main/INFO]: SpongePowered MIXIN Subsystem Version=0.8.7 Source=file:/Users/zhou/Library/Caches/Wildcraft/builds/260a5f2b3758/run/packaged-server/libraries/net/fabricmc/sponge-mixin/0.17.4+mixin.0.8.7/sponge-mixin-0.17.4+mixin.0.8.7.jar Service=Knot/Fabric Env=SERVER
[11:54:56] [main/INFO]: Initializing MixinExtras via com.llamalad7.mixinextras.service.MixinExtrasServiceImpl(version=0.5.5).
[11:54:57] [main/WARN]: Unable to parse version 27.0 to a codename.
[11:54:59] [main/INFO]: Wildcraft P0 common initialization complete; test core registered.
[11:54:59] [main/INFO]: Environment: Environment[discoveryUrl=https://discovery.minecraftservices.com/minecraft/client, name=PROD]
[11:54:59] [Worker-Main-9/INFO]: No existing world data, creating new world
[11:54:59] [Worker-Main-5/INFO]: Loaded 1866 advancements
[11:54:59] [main/INFO]: Applied 0 biome modifications to 0 of 67 new biomes in 637.2 μs
[11:54:59] [Server thread/INFO]: Starting minecraft server version 26.3
[11:54:59] [Server thread/INFO]: Loading properties
[11:54:59] [Server thread/INFO]: Default game type: CREATIVE
[11:54:59] [Server thread/INFO]: Generating keypair
[11:55:00] [Server thread/INFO]: Starting Minecraft server on 127.0.0.1:25565
[11:55:00] [Server thread/WARN]: **** SERVER IS RUNNING IN OFFLINE/INSECURE MODE!
[11:55:00] [Server thread/WARN]: The server will make no attempt to authenticate usernames. Beware.
[11:55:00] [Server thread/WARN]: While this makes the game possible to play without internet access, it also opens up the ability for hackers to connect with any username they choose.
[11:55:00] [Server thread/WARN]: To change this, set "online-mode" to "true" in the server.properties file.
[11:55:00] [Server thread/INFO]: Preparing level "world"
[11:55:00] [Server thread/INFO]: Selecting global world spawn...
[11:55:01] [Server thread/INFO]: Loading 0 persistent chunks...
[11:55:01] [Server thread/INFO]: Preparing spawn area: 100%
[11:55:01] [Server thread/INFO]: Time elapsed: 1153 ms
[11:55:01] [Server thread/INFO]: Done (1.258s)! For help, type "help"
[11:55:01] [Server thread/INFO]: Saving chunks for level 'ServerLevel[world]'/minecraft:overworld
[11:55:01] [Server thread/INFO]: Saving chunks for level 'ServerLevel[world]'/minecraft:the_nether
[11:55:01] [Server thread/INFO]: Saving chunks for level 'ServerLevel[world]'/minecraft:the_end
[11:56:01] [Server thread/INFO]: Server empty for 60 seconds, pausing
[11:58:37] [Server thread/INFO]: System chat: There are 0 of a max of 20 players online: 
[12:00:49] [Server thread/INFO]: System chat: Stopping the server
[12:00:49] [Server thread/INFO]: Stopping server
[12:00:49] [Server thread/INFO]: Saving players
[12:00:49] [Server thread/INFO]: Saving worlds
[12:00:49] [Server thread/INFO]: Saving chunks for level 'ServerLevel[world]'/minecraft:overworld
[12:00:49] [Server thread/INFO]: Saving chunks for level 'ServerLevel[world]'/minecraft:the_nether
[12:00:49] [Server thread/INFO]: Saving chunks for level 'ServerLevel[world]'/minecraft:the_end
